Archive member included because of file (symbol)

C:\Users\Eugenia\Desktop\test_SD\lpc_board_nxp_lpcxpresso_1769\Debug\liblpc_board_nxp_lpcxpresso_1769.a(board.o)
                              ./freertos/src/FreeRTOSCommonHooks.o (Board_UARTPutSTR)
C:\Users\Eugenia\Desktop\test_SD\lpc_board_nxp_lpcxpresso_1769\Debug\liblpc_board_nxp_lpcxpresso_1769.a(board_sysinit.o)
                              ./example/src/sysinit.o (Board_SystemInit)
C:\Users\Eugenia\Desktop\test_SD\lpc_chip_175x_6x\Debug\liblpc_chip_175x_6x.a(chip_17xx_40xx.o)
                              ./freertos/src/port.o (SystemCoreClock)
C:\Users\Eugenia\Desktop\test_SD\lpc_chip_175x_6x\Debug\liblpc_chip_175x_6x.a(clock_17xx_40xx.o)
                              C:\Users\Eugenia\Desktop\test_SD\lpc_chip_175x_6x\Debug\liblpc_chip_175x_6x.a(chip_17xx_40xx.o) (Chip_Clock_EnablePLL)
C:\Users\Eugenia\Desktop\test_SD\lpc_chip_175x_6x\Debug\liblpc_chip_175x_6x.a(i2s_17xx_40xx.o)
                              C:\Users\Eugenia\Desktop\test_SD\lpc_board_nxp_lpcxpresso_1769\Debug\liblpc_board_nxp_lpcxpresso_1769.a(board.o) (Chip_I2S_Init)
C:\Users\Eugenia\Desktop\test_SD\lpc_chip_175x_6x\Debug\liblpc_chip_175x_6x.a(iocon_17xx_40xx.o)
                              ./example/src/lpc17xx_spi.o (Chip_IOCON_PinMuxSet)
C:\Users\Eugenia\Desktop\test_SD\lpc_chip_175x_6x\Debug\liblpc_chip_175x_6x.a(rtc_17xx_40xx.o)
                              ./example/src/ff.o (Chip_RTC_GetFullTime)
C:\Users\Eugenia\Desktop\test_SD\lpc_chip_175x_6x\Debug\liblpc_chip_175x_6x.a(sysinit_17xx_40xx.o)
                              C:\Users\Eugenia\Desktop\test_SD\lpc_board_nxp_lpcxpresso_1769\Debug\liblpc_board_nxp_lpcxpresso_1769.a(board_sysinit.o) (Chip_SetupXtalClocking)
C:\Users\Eugenia\Desktop\test_SD\lpc_chip_175x_6x\Debug\liblpc_chip_175x_6x.a(uart_17xx_40xx.o)
                              C:\Users\Eugenia\Desktop\test_SD\lpc_board_nxp_lpcxpresso_1769\Debug\liblpc_board_nxp_lpcxpresso_1769.a(board.o) (Chip_UART_Init)
C:\Users\Eugenia\Desktop\test_SD\lpc_chip_175x_6x\Debug\liblpc_chip_175x_6x.a(ring_buffer.o)
                              C:\Users\Eugenia\Desktop\test_SD\lpc_chip_175x_6x\Debug\liblpc_chip_175x_6x.a(uart_17xx_40xx.o) (RingBuffer_Insert)
c:/nxp/lpcxpresso_8.0.0_526/lpcxpresso/tools/bin/../lib/gcc/arm-none-eabi/4.9.3/../../../../arm-none-eabi/lib/armv7-m\libcr_nohost.a(_cr__main.o)
                              ./example/src/cr_startup_lpc175x_6x.o (__main)
c:/nxp/lpcxpresso_8.0.0_526/lpcxpresso/tools/bin/../lib/gcc/arm-none-eabi/4.9.3/../../../../arm-none-eabi/lib/armv7-m\libcr_c.a(memcpy.o)
                              ./freertos/src/queue.o (memcpy)
c:/nxp/lpcxpresso_8.0.0_526/lpcxpresso/tools/bin/../lib/gcc/arm-none-eabi/4.9.3/../../../../arm-none-eabi/lib/armv7-m\libcr_c.a(memset.o)
                              ./freertos/src/tasks.o (memset)
c:/nxp/lpcxpresso_8.0.0_526/lpcxpresso/tools/bin/../lib/gcc/arm-none-eabi/4.9.3/../../../../arm-none-eabi/lib/armv7-m\libcr_c.a(alloc.o)
                              ./freertos/src/heap_3.o (malloc)
c:/nxp/lpcxpresso_8.0.0_526/lpcxpresso/tools/bin/../lib/gcc/arm-none-eabi/4.9.3/../../../../arm-none-eabi/lib/armv7-m\libcr_c.a(fpprintf.o)
                              ./freertos/src/FreeRTOSCommonHooks.o (printf)
c:/nxp/lpcxpresso_8.0.0_526/lpcxpresso/tools/bin/../lib/gcc/arm-none-eabi/4.9.3/../../../../arm-none-eabi/lib/armv7-m\libcr_c.a(initio.o)
                              c:/nxp/lpcxpresso_8.0.0_526/lpcxpresso/tools/bin/../lib/gcc/arm-none-eabi/4.9.3/../../../../arm-none-eabi/lib/armv7-m\libcr_nohost.a(_cr__main.o) (_initio)
c:/nxp/lpcxpresso_8.0.0_526/lpcxpresso/tools/bin/../lib/gcc/arm-none-eabi/4.9.3/../../../../arm-none-eabi/lib/armv7-m\libcr_c.a(printf.o)
                              c:/nxp/lpcxpresso_8.0.0_526/lpcxpresso/tools/bin/../lib/gcc/arm-none-eabi/4.9.3/../../../../arm-none-eabi/lib/armv7-m\libcr_c.a(fpprintf.o) (__vfprintf)
c:/nxp/lpcxpresso_8.0.0_526/lpcxpresso/tools/bin/../lib/gcc/arm-none-eabi/4.9.3/../../../../arm-none-eabi/lib/armv7-m\libcr_c.a(setvbuf.o)
                              c:/nxp/lpcxpresso_8.0.0_526/lpcxpresso/tools/bin/../lib/gcc/arm-none-eabi/4.9.3/../../../../arm-none-eabi/lib/armv7-m\libcr_c.a(initio.o) (setvbuf)
c:/nxp/lpcxpresso_8.0.0_526/lpcxpresso/tools/bin/../lib/gcc/arm-none-eabi/4.9.3/../../../../arm-none-eabi/lib/armv7-m\libcr_c.a(stdio.o)
                              c:/nxp/lpcxpresso_8.0.0_526/lpcxpresso/tools/bin/../lib/gcc/arm-none-eabi/4.9.3/../../../../arm-none-eabi/lib/armv7-m\libcr_c.a(fpprintf.o) (__Ciob)
c:/nxp/lpcxpresso_8.0.0_526/lpcxpresso/tools/bin/../lib/gcc/arm-none-eabi/4.9.3/../../../../arm-none-eabi/lib/armv7-m\libcr_c.a(strcpy.o)
                              ./example/src/freertos_blinky.o (strcpy)
c:/nxp/lpcxpresso_8.0.0_526/lpcxpresso/tools/bin/../lib/gcc/arm-none-eabi/4.9.3/../../../../arm-none-eabi/lib/armv7-m\libcr_c.a(strlen.o)
                              ./example/src/freertos_blinky.o (strlen)
[...]
Memory Configuration

Name             Origin             Length             Attributes
MFlash512        0x00000000         0x00080000         xr
RamLoc32         0x10000000         0x00008000         xrw
RamAHB32         0x2007c000         0x00008000         xrw
*default*        0x00000000         0xffffffff

Linker script and memory map

LOAD ./freertos/src/FreeRTOSCommonHooks.o
LOAD ./freertos/src/heap_3.o
LOAD ./freertos/src/list.o
LOAD ./freertos/src/port.o
LOAD ./freertos/src/queue.o
LOAD ./freertos/src/tasks.o
LOAD ./example/src/cr_startup_lpc175x_6x.o
LOAD ./example/src/ff.o
LOAD ./example/src/freertos_blinky.o
LOAD ./example/src/lpc17xx_spi.o
LOAD ./example/src/sd.o
LOAD ./example/src/sysinit.o
LOAD C:\Users\Eugenia\Desktop\test_SD\lpc_board_nxp_lpcxpresso_1769\Debug\liblpc_board_nxp_lpcxpresso_1769.a
LOAD C:\Users\Eugenia\Desktop\test_SD\lpc_chip_175x_6x\Debug\liblpc_chip_175x_6x.a
START GROUP
LOAD c:/nxp/lpcxpresso_8.0.0_526/lpcxpresso/tools/bin/../lib/gcc/arm-none-eabi/4.9.3/../../../../arm-none-eabi/lib/armv7-m\libcr_nohost.a
LOAD c:/nxp/lpcxpresso_8.0.0_526/lpcxpresso/tools/bin/../lib/gcc/arm-none-eabi/4.9.3/../../../../arm-none-eabi/lib/armv7-m\libcr_c.a
LOAD c:/nxp/lpcxpresso_8.0.0_526/lpcxpresso/tools/bin/../lib/gcc/arm-none-eabi/4.9.3/armv7-m\libcr_eabihelpers.a
END GROUP
                0x00000000                __base_MFlash512 = 0x0
                0x00000000                __base_Flash = 0x0
                0x00080000                __top_MFlash512 = 0x80000
                0x00080000                __top_Flash = 0x80000
                0x10000000                __base_RamLoc32 = 0x10000000
                0x10000000                __base_RAM = 0x10000000
                0x10008000                __top_RamLoc32 = 0x10008000
                0x10008000                __top_RAM = 0x10008000
                0x2007c000                __base_RamAHB32 = 0x2007c000
                0x2007c000                __base_RAM2 = 0x2007c000
                0x20084000                __top_RamAHB32 = 0x20084000
                0x20084000                __top_RAM2 = 0x20084000

.text           0x00000000     0x5568
 FILL mask 0xff
                0x00000000                __vectors_start__ = ABSOLUTE (.)
 *(.isr_vector)
 .isr_vector    0x00000000       0xcc ./example/src/cr_startup_lpc175x_6x.o
                0x00000000                g_pfnVectors
                0x000000cc                . = ALIGN (0x4)
                0x000000cc                __section_table_start = .
                0x000000cc                __data_section_table = .
                0x000000cc        0x4 LONG 0x5568 LOADADDR (.data)
                0x000000d0        0x4 LONG 0x10000000 ADDR (.data)
                0x000000d4        0x4 LONG 0xc SIZEOF (.data)
                0x000000d8        0x4 LONG 0x5568 LOADADDR (.data_RAM2)
                0x000000dc        0x4 LONG 0x2007c000 ADDR (.data_RAM2)
                0x000000e0        0x4 LONG 0x0 SIZEOF (.data_RAM2)
                0x000000e4                __data_section_table_end = .
                0x000000e4                __bss_section_table = .
                0x000000e4        0x4 LONG 0x1000000c ADDR (.bss)
                0x000000e8        0x4 LONG 0x318 SIZEOF (.bss)
                0x000000ec        0x4 LONG 0x2007c000 ADDR (.bss_RAM2)
                0x000000f0        0x4 LONG 0x0 SIZEOF (.bss_RAM2)
                0x000000f4                __bss_section_table_end = .
                0x000000f4                __section_table_end = .
 *(.after_vectors*)
 .after_vectors
                0x000000f4      0x144 ./example/src/cr_startup_lpc175x_6x.o
                0x000000f4                data_init
                0x00000138                bss_init
                0x00000170                ResetISR
                0x000001e8                NMI_Handler
                0x000001f0                HardFault_Handler
                0x000001f8                MemManage_Handler
                0x00000200                BusFault_Handler
                0x00000208                UsageFault_Handler
                0x00000218                DebugMon_Handler
                0x00000230                UART1_IRQHandler
                0x00000230                EINT3_IRQHandler
                0x00000230                I2C1_IRQHandler
                0x00000230                TIMER3_IRQHandler
                0x00000230                UART0_IRQHandler
                0x00000230                USBActivity_IRQHandler
                0x00000230                CANActivity_IRQHandler
                0x00000230                EINT2_IRQHandler
                0x00000230                IntDefaultHandler
                0x00000230                PLL0_IRQHandler
                0x00000230                CAN_IRQHandler
                0x00000230                I2C0_IRQHandler
                0x00000230                SSP0_IRQHandler
                0x00000230                I2S_IRQHandler
                0x00000230                I2C2_IRQHandler
                0x00000230                RTC_IRQHandler
                0x00000230                TIMER0_IRQHandler
                0x00000230                SPI_IRQHandler
                0x00000230                RIT_IRQHandler
                0x00000230                EINT1_IRQHandler
                0x00000230                TIMER1_IRQHandler
                0x00000230                UART2_IRQHandler
                0x00000230                ADC_IRQHandler
                0x00000230                SSP1_IRQHandler
                0x00000230                USB_IRQHandler
                0x00000230                BOD_IRQHandler
                0x00000230                PWM1_IRQHandler
                0x00000230                WDT_IRQHandler
                0x00000230                QEI_IRQHandler
                0x00000230                EINT0_IRQHandler
                0x00000230                ETH_IRQHandler
                0x00000230                PLL1_IRQHandler
                0x00000230                DMA_IRQHandler
                0x00000230                TIMER2_IRQHandler
                0x00000230                UART3_IRQHandler
                0x00000230                MCPWM_IRQHandler
 *(.text*)
 .text.vApplicationIdleHook
                0x00000238       0x10 ./freertos/src/FreeRTOSCommonHooks.o
                0x00000238                vApplicationIdleHook
 .text.pvPortMalloc
                0x00000248       0x24 ./freertos/src/heap_3.o
                0x00000248                pvPortMalloc
 .text.vPortFree
                0x0000026c       0x24 ./freertos/src/heap_3.o
                0x0000026c                vPortFree
 .text.vListInitialise
                0x00000290       0x40 ./freertos/src/list.o
                0x00000290                vListInitialise
 .text.vListInitialiseItem
                0x000002d0       0x18 ./freertos/src/list.o
                0x000002d0                vListInitialiseItem
 .text.vListInsertEnd
                0x000002e8       0x48 ./freertos/src/list.o
                0x000002e8                vListInsertEnd
 .text.vListInsert
                0x00000330       0x70 ./freertos/src/list.o
                0x00000330                vListInsert
 .text.uxListRemove
                0x000003a0       0x54 ./freertos/src/list.o
                0x000003a0                uxListRemove
 .text.pxPortInitialiseStack
                0x000003f4       0x58 ./freertos/src/port.o
                0x000003f4                pxPortInitialiseStack
 .text.prvTaskExitError
                0x0000044c        0xc ./freertos/src/port.o
 .text.SVC_Handler
                0x00000458       0x20 ./freertos/src/port.o
                0x00000458                SVC_Handler
 .text.prvPortStartFirstTask
                0x00000478       0x14 ./freertos/src/port.o
 .text.xPortStartScheduler
                0x0000048c       0x38 ./freertos/src/port.o
                0x0000048c                xPortStartScheduler
 .text.vPortYield
                0x000004c4       0x20 ./freertos/src/port.o
                0x000004c4                vPortYield
 .text.vPortEnterCritical
                0x000004e4       0x20 ./freertos/src/port.o
                0x000004e4                vPortEnterCritical
 .text.vPortExitCritical
                0x00000504       0x24 ./freertos/src/port.o
                0x00000504                vPortExitCritical
 .text.ulPortSetInterruptMask
                0x00000528       0x14 ./freertos/src/port.o
                0x00000528                ulPortSetInterruptMask
 .text.vPortClearInterruptMask
                0x0000053c        0x8 ./freertos/src/port.o
                0x0000053c                vPortClearInterruptMask
 .text.PendSV_Handler
                0x00000544       0x3c ./freertos/src/port.o
                0x00000544                PendSV_Handler
 .text.SysTick_Handler
                0x00000580       0x28 ./freertos/src/port.o
                0x00000580                SysTick_Handler
 .text.vPortSuppressTicksAndSleep
                0x000005a8      0x158 ./freertos/src/port.o
                0x000005a8                vPortSuppressTicksAndSleep
 .text.vPortSetupTimerInterrupt
                0x00000700       0x78 ./freertos/src/port.o
                0x00000700                vPortSetupTimerInterrupt
 .text.xTaskGenericCreate
                0x00000778      0x140 ./freertos/src/tasks.o
                0x00000778                xTaskGenericCreate
 .text.vTaskDelay
                0x000008b8       0x50 ./freertos/src/tasks.o
                0x000008b8                vTaskDelay
 .text.vTaskStartScheduler
                0x00000908       0x54 ./freertos/src/tasks.o
                0x00000908                vTaskStartScheduler
 .text.vTaskSuspendAll
                0x0000095c       0x1c ./freertos/src/tasks.o
                0x0000095c                vTaskSuspendAll
 .text.prvGetExpectedIdleTime
                0x00000978       0x50 ./freertos/src/tasks.o
 .text.xTaskResumeAll
                0x000009c8       0xfc ./freertos/src/tasks.o
                0x000009c8                xTaskResumeAll
 .text.vTaskStepTick
                0x00000ac4       0x24 ./freertos/src/tasks.o
                0x00000ac4                vTaskStepTick
 .text.xTaskIncrementTick
                0x00000ae8      0x18c ./freertos/src/tasks.o
                0x00000ae8                xTaskIncrementTick
 .text.vTaskSwitchContext
                0x00000c74       0x98 ./freertos/src/tasks.o
                0x00000c74                vTaskSwitchContext
 .text.prvIdleTask
                0x00000d0c       0x48 ./freertos/src/tasks.o
 .text.eTaskConfirmSleepModeStatus
                0x00000d54       0x5c ./freertos/src/tasks.o
                0x00000d54                eTaskConfirmSleepModeStatus
 .text.prvInitialiseTCBVariables
                0x00000db0       0x90 ./freertos/src/tasks.o
 .text.prvInitialiseTaskLists
                0x00000e40       0x7c ./freertos/src/tasks.o
 .text.prvCheckTasksWaitingTermination
                0x00000ebc       0x74 ./freertos/src/tasks.o
 .text.prvAddCurrentTaskToDelayedList
                0x00000f30       0x6c ./freertos/src/tasks.o
 .text.prvAllocateTCBAndStack
                0x00000f9c       0x64 ./freertos/src/tasks.o
 .text.prvDeleteTCB
                0x00001000       0x20 ./freertos/src/tasks.o
 .text.get_fattime
                0x00001020       0x48 ./example/src/ff.o
                0x00001020                get_fattime
 .text.mem_cpy  0x00001068       0x3c ./example/src/ff.o
 .text.mem_set  0x000010a4       0x34 ./example/src/ff.o
 .text.mem_cmp  0x000010d8       0x50 ./example/src/ff.o
 .text.chk_chr  0x00001128       0x38 ./example/src/ff.o
 .text.move_window
                0x00001160       0xbc ./example/src/ff.o
 .text.sync     0x0000121c      0x14c ./example/src/ff.o
 .text.clust2sect
                0x00001368       0x40 ./example/src/ff.o
                0x00001368                clust2sect
 .text.get_fat  0x000013a8      0x158 ./example/src/ff.o
                0x000013a8                get_fat
 .text.put_fat  0x00001500      0x1f4 ./example/src/ff.o
                0x00001500                put_fat
 .text.remove_chain
                0x000016f4       0x9c ./example/src/ff.o
 .text.create_chain
                0x00001790      0x118 ./example/src/ff.o
 .text.dir_sdi  0x000018a8      0x104 ./example/src/ff.o
 .text.dir_next
                0x000019ac      0x1a8 ./example/src/ff.o
 .text.ld_clust
                0x00001b54       0x5c ./example/src/ff.o
 .text.st_clust
                0x00001bb0       0x4c ./example/src/ff.o
 .text.dir_find
                0x00001bfc       0x94 ./example/src/ff.o
 .text.dir_register
                0x00001c90       0xac ./example/src/ff.o
 .text.create_name
                0x00001d3c      0x234 ./example/src/ff.o
 .text.get_fileinfo
                0x00001f70      0x118 ./example/src/ff.o
 .text.follow_path
                0x00002088       0xd0 ./example/src/ff.o
 .text.check_fs
                0x00002158       0xc0 ./example/src/ff.o
 .text.chk_mounted
                0x00002218      0x550 ./example/src/ff.o
 .text.validate
                0x00002768       0x54 ./example/src/ff.o
 .text.f_mount  0x000027bc       0x54 ./example/src/ff.o
                0x000027bc                f_mount
 .text.f_open   0x00002810      0x280 ./example/src/ff.o
                0x00002810                f_open
 .text.f_write  0x00002a90      0x30c ./example/src/ff.o
                0x00002a90                f_write
 .text.f_sync   0x00002d9c      0x158 ./example/src/ff.o
                0x00002d9c                f_sync
 .text.f_close  0x00002ef4       0x28 ./example/src/ff.o
                0x00002ef4                f_close
 .text.f_lseek  0x00002f1c      0x2a8 ./example/src/ff.o
                0x00002f1c                f_lseek
 .text.f_stat   0x000031c4       0x70 ./example/src/ff.o
                0x000031c4                f_stat
 .text.prvSetupHardware
                0x00003234       0x18 ./example/src/freertos_blinky.o
 .text.vLEDTask1
                0x0000324c       0xe8 ./example/src/freertos_blinky.o
 .text.main     0x00003334       0x3c ./example/src/freertos_blinky.o
                0x00003334                main
 .text.Chip_GPIO_SetPinDIROutput
                0x00003370       0x38 ./example/src/lpc17xx_spi.o
 .text.Chip_GPIO_SetPinDIRInput
                0x000033a8       0x3c ./example/src/lpc17xx_spi.o
 .text.Chip_GPIO_SetPinDIR
                0x000033e4       0x44 ./example/src/lpc17xx_spi.o
 .text.SPI_Init
                0x00003428       0x98 ./example/src/lpc17xx_spi.o
                0x00003428                SPI_Init
 .text.SPI_ConfigClockRate
                0x000034c0       0x20 ./example/src/lpc17xx_spi.o
                0x000034c0                SPI_ConfigClockRate
 .text.SPI_CS_Low
                0x000034e0       0x1c ./example/src/lpc17xx_spi.o
                0x000034e0                SPI_CS_Low
 .text.SPI_CS_High
                0x000034fc       0x1c ./example/src/lpc17xx_spi.o
                0x000034fc                SPI_CS_High
 .text.SPI_SendByte
                0x00003518       0x34 ./example/src/lpc17xx_spi.o
                0x00003518                SPI_SendByte
 .text.SPI_RecvByte
                0x0000354c       0x10 ./example/src/lpc17xx_spi.o
                0x0000354c                SPI_RecvByte
 .text.SPI_SendBlock_FIFO
                0x0000355c       0x9c ./example/src/lpc17xx_spi.o
                0x0000355c                SPI_SendBlock_FIFO
 .text.SPI_RecvBlock_FIFO
                0x000035f8       0xb0 ./example/src/lpc17xx_spi.o
                0x000035f8                SPI_RecvBlock_FIFO
 .text.disk_initialize
                0x000036a8       0x4c ./example/src/sd.o
                0x000036a8                disk_initialize
 .text.disk_ioctl
                0x000036f4      0x198 ./example/src/sd.o
                0x000036f4                disk_ioctl
 .text.disk_read
                0x0000388c       0x5c ./example/src/sd.o
                0x0000388c                disk_read
 .text.disk_status
                0x000038e8       0x2c ./example/src/sd.o
                0x000038e8                disk_status
 .text.disk_write
                0x00003914       0x5c ./example/src/sd.o
                0x00003914                disk_write
 .text.SD_Init  0x00003970      0x1b4 ./example/src/sd.o
                0x00003970                SD_Init
 .text.SD_WaitForReady
                0x00003b24       0x30 ./example/src/sd.o
                0x00003b24                SD_WaitForReady
 .text.SD_SendCommand
                0x00003b54       0xe0 ./example/src/sd.o
                0x00003b54                SD_SendCommand
 .text.SD_SendACommand
                0x00003c34       0x44 ./example/src/sd.o
                0x00003c34                SD_SendACommand
 .text.SD_ReadSector
                0x00003c78       0xbc ./example/src/sd.o
                0x00003c78                SD_ReadSector
 .text.SD_WriteSector
                0x00003d34       0xb8 ./example/src/sd.o
                0x00003d34                SD_WriteSector
 .text.SD_ReadConfiguration
                0x00003dec      0x218 ./example/src/sd.o
                0x00003dec                SD_ReadConfiguration
 .text.SD_RecvDataBlock
                0x00004004       0x54 ./example/src/sd.o
                0x00004004                SD_RecvDataBlock
 .text.SD_SendDataBlock
                0x00004058       0x74 ./example/src/sd.o
                0x00004058                SD_SendDataBlock
 .text.SystemInit
                0x000040cc       0x24 ./example/src/sysinit.o
                0x000040cc                SystemInit
 .text.Chip_IOCON_Init
                0x000040f0       0x14 C:\Users\Eugenia\Desktop\test_SD\lpc_board_nxp_lpcxpresso_1769\Debug\liblpc_board_nxp_lpcxpresso_1769.a(board.o)
 .text.Chip_GPIO_Init
                0x00004104       0x14 C:\Users\Eugenia\Desktop\test_SD\lpc_board_nxp_lpcxpresso_1769\Debug\liblpc_board_nxp_lpcxpresso_1769.a(board.o)
 .text.Chip_GPIO_SetPinState
                0x00004118       0x68 C:\Users\Eugenia\Desktop\test_SD\lpc_board_nxp_lpcxpresso_1769\Debug\liblpc_board_nxp_lpcxpresso_1769.a(board.o)
 .text.Chip_GPIO_WritePortBit
                0x00004180       0x2c C:\Users\Eugenia\Desktop\test_SD\lpc_board_nxp_lpcxpresso_1769\Debug\liblpc_board_nxp_lpcxpresso_1769.a(board.o)
 .text.Chip_GPIO_SetPinDIROutput
                0x000041ac       0x38 C:\Users\Eugenia\Desktop\test_SD\lpc_board_nxp_lpcxpresso_1769\Debug\liblpc_board_nxp_lpcxpresso_1769.a(board.o)
 .text.Chip_GPIO_SetPinDIRInput
                0x000041e4       0x3c C:\Users\Eugenia\Desktop\test_SD\lpc_board_nxp_lpcxpresso_1769\Debug\liblpc_board_nxp_lpcxpresso_1769.a(board.o)
 .text.Chip_GPIO_SetPinDIR
                0x00004220       0x44 C:\Users\Eugenia\Desktop\test_SD\lpc_board_nxp_lpcxpresso_1769\Debug\liblpc_board_nxp_lpcxpresso_1769.a(board.o)
 .text.Chip_GPIO_WriteDirBit
                0x00004264       0x2c C:\Users\Eugenia\Desktop\test_SD\lpc_board_nxp_lpcxpresso_1769\Debug\liblpc_board_nxp_lpcxpresso_1769.a(board.o)
 .text.Chip_UART_SendByte
                0x00004290       0x1c C:\Users\Eugenia\Desktop\test_SD\lpc_board_nxp_lpcxpresso_1769\Debug\liblpc_board_nxp_lpcxpresso_1769.a(board.o)
 .text.Chip_UART_ConfigData
                0x000042ac       0x1c C:\Users\Eugenia\Desktop\test_SD\lpc_board_nxp_lpcxpresso_1769\Debug\liblpc_board_nxp_lpcxpresso_1769.a(board.o)
 .text.Chip_UART_ReadLineStatus
                0x000042c8       0x18 C:\Users\Eugenia\Desktop\test_SD\lpc_board_nxp_lpcxpresso_1769\Debug\liblpc_board_nxp_lpcxpresso_1769.a(board.o)
 .text.__sys_write
                0x000042e0       0x38 C:\Users\Eugenia\Desktop\test_SD\lpc_board_nxp_lpcxpresso_1769\Debug\liblpc_board_nxp_lpcxpresso_1769.a(board.o)
                0x000042e0                __sys_write
 .text.Board_LED_Init
                0x00004318       0x18 C:\Users\Eugenia\Desktop\test_SD\lpc_board_nxp_lpcxpresso_1769\Debug\liblpc_board_nxp_lpcxpresso_1769.a(board.o)
 .text.Board_UART_Init
                0x00004330       0x14 C:\Users\Eugenia\Desktop\test_SD\lpc_board_nxp_lpcxpresso_1769\Debug\liblpc_board_nxp_lpcxpresso_1769.a(board.o)
                0x00004330                Board_UART_Init
 .text.Board_Debug_Init
                0x00004344       0x30 C:\Users\Eugenia\Desktop\test_SD\lpc_board_nxp_lpcxpresso_1769\Debug\liblpc_board_nxp_lpcxpresso_1769.a(board.o)
                0x00004344                Board_Debug_Init
 .text.Board_UARTPutChar
                0x00004374       0x30 C:\Users\Eugenia\Desktop\test_SD\lpc_board_nxp_lpcxpresso_1769\Debug\liblpc_board_nxp_lpcxpresso_1769.a(board.o)
                0x00004374                Board_UARTPutChar
 .text.Board_LED_Set
                0x000043a4       0x2c C:\Users\Eugenia\Desktop\test_SD\lpc_board_nxp_lpcxpresso_1769\Debug\liblpc_board_nxp_lpcxpresso_1769.a(board.o)
                0x000043a4                Board_LED_Set
 .text.Board_Init
                0x000043d0       0x24 C:\Users\Eugenia\Desktop\test_SD\lpc_board_nxp_lpcxpresso_1769\Debug\liblpc_board_nxp_lpcxpresso_1769.a(board.o)
                0x000043d0                Board_Init
 .text.Chip_SYSCTL_SetFLASHAccess
                0x000043f4       0x30 C:\Users\Eugenia\Desktop\test_SD\lpc_board_nxp_lpcxpresso_1769\Debug\liblpc_board_nxp_lpcxpresso_1769.a(board_sysinit.o)
 .text.Board_SetupMuxing
                0x00004424       0x18 C:\Users\Eugenia\Desktop\test_SD\lpc_board_nxp_lpcxpresso_1769\Debug\liblpc_board_nxp_lpcxpresso_1769.a(board_sysinit.o)
                0x00004424                Board_SetupMuxing
 .text.Board_SetupClocking
                0x0000443c       0x10 C:\Users\Eugenia\Desktop\test_SD\lpc_board_nxp_lpcxpresso_1769\Debug\liblpc_board_nxp_lpcxpresso_1769.a(board_sysinit.o)
                0x0000443c                Board_SetupClocking
 .text.Board_SystemInit
                0x0000444c       0x10 C:\Users\Eugenia\Desktop\test_SD\lpc_board_nxp_lpcxpresso_1769\Debug\liblpc_board_nxp_lpcxpresso_1769.a(board_sysinit.o)
                0x0000444c                Board_SystemInit
 .text.SystemCoreClockUpdate
                0x0000445c       0x14 C:\Users\Eugenia\Desktop\test_SD\lpc_chip_175x_6x\Debug\liblpc_chip_175x_6x.a(chip_17xx_40xx.o)
                0x0000445c                SystemCoreClockUpdate
 .text.Chip_Clock_IsMainPLLEnabled
                0x00004470       0x28 C:\Users\Eugenia\Desktop\test_SD\lpc_chip_175x_6x\Debug\liblpc_chip_175x_6x.a(clock_17xx_40xx.o)
 .text.Chip_Clock_IsMainPLLConnected
                0x00004498       0x28 C:\Users\Eugenia\Desktop\test_SD\lpc_chip_175x_6x\Debug\liblpc_chip_175x_6x.a(clock_17xx_40xx.o)
 .text.Chip_Clock_FeedPLL
                0x000044c0       0x34 C:\Users\Eugenia\Desktop\test_SD\lpc_chip_175x_6x\Debug\liblpc_chip_175x_6x.a(clock_17xx_40xx.o)
 .text.Chip_Clock_GetMainPLLSource
                0x000044f4       0x20 C:\Users\Eugenia\Desktop\test_SD\lpc_chip_175x_6x\Debug\liblpc_chip_175x_6x.a(clock_17xx_40xx.o)
 .text.Chip_Clock_GetMainOscRate
                0x00004514       0x18 C:\Users\Eugenia\Desktop\test_SD\lpc_chip_175x_6x\Debug\liblpc_chip_175x_6x.a(clock_17xx_40xx.o)
 .text.Chip_Clock_GetIntOscRate
                0x0000452c       0x14 C:\Users\Eugenia\Desktop\test_SD\lpc_chip_175x_6x\Debug\liblpc_chip_175x_6x.a(clock_17xx_40xx.o)
 .text.Chip_Clock_GetRTCOscRate
                0x00004540       0x18 C:\Users\Eugenia\Desktop\test_SD\lpc_chip_175x_6x\Debug\liblpc_chip_175x_6x.a(clock_17xx_40xx.o)
 .text.Chip_Clock_GetMainPLLInClockRate
                0x00004558       0x10 C:\Users\Eugenia\Desktop\test_SD\lpc_chip_175x_6x\Debug\liblpc_chip_175x_6x.a(clock_17xx_40xx.o)
 .text.Chip_Clock_EnablePLL
                0x00004568       0x44 C:\Users\Eugenia\Desktop\test_SD\lpc_chip_175x_6x\Debug\liblpc_chip_175x_6x.a(clock_17xx_40xx.o)
                0x00004568                Chip_Clock_EnablePLL
 .text.Chip_Clock_DisablePLL
                0x000045ac       0x44 C:\Users\Eugenia\Desktop\test_SD\lpc_chip_175x_6x\Debug\liblpc_chip_175x_6x.a(clock_17xx_40xx.o)
                0x000045ac                Chip_Clock_DisablePLL
 .text.Chip_Clock_SetupPLL
                0x000045f0       0x58 C:\Users\Eugenia\Desktop\test_SD\lpc_chip_175x_6x\Debug\liblpc_chip_175x_6x.a(clock_17xx_40xx.o)
                0x000045f0                Chip_Clock_SetupPLL
 .text.Chip_Clock_EnablePeriphClock
                0x00004648       0x34 C:\Users\Eugenia\Desktop\test_SD\lpc_chip_175x_6x\Debug\liblpc_chip_175x_6x.a(clock_17xx_40xx.o)
                0x00004648                Chip_Clock_EnablePeriphClock
 .text.Chip_Clock_GetCPUClockSource
                0x0000467c       0x24 C:\Users\Eugenia\Desktop\test_SD\lpc_chip_175x_6x\Debug\liblpc_chip_175x_6x.a(clock_17xx_40xx.o)
                0x0000467c                Chip_Clock_GetCPUClockSource
 .text.Chip_Clock_SetCPUClockDiv
                0x000046a0       0x20 C:\Users\Eugenia\Desktop\test_SD\lpc_chip_175x_6x\Debug\liblpc_chip_175x_6x.a(clock_17xx_40xx.o)
                0x000046a0                Chip_Clock_SetCPUClockDiv
 .text.Chip_Clock_GetCPUClockDiv
                0x000046c0       0x1c C:\Users\Eugenia\Desktop\test_SD\lpc_chip_175x_6x\Debug\liblpc_chip_175x_6x.a(clock_17xx_40xx.o)
                0x000046c0                Chip_Clock_GetCPUClockDiv
 .text.Chip_Clock_GetPCLKDiv
                0x000046dc       0x90 C:\Users\Eugenia\Desktop\test_SD\lpc_chip_175x_6x\Debug\liblpc_chip_175x_6x.a(clock_17xx_40xx.o)
                0x000046dc                Chip_Clock_GetPCLKDiv
 .text.Chip_Clock_GetSYSCLKRate
                0x0000476c       0x34 C:\Users\Eugenia\Desktop\test_SD\lpc_chip_175x_6x\Debug\liblpc_chip_175x_6x.a(clock_17xx_40xx.o)
                0x0000476c                Chip_Clock_GetSYSCLKRate
 .text.Chip_Clock_GetMainPLLOutClockRate
                0x000047a0       0x54 C:\Users\Eugenia\Desktop\test_SD\lpc_chip_175x_6x\Debug\liblpc_chip_175x_6x.a(clock_17xx_40xx.o)
                0x000047a0                Chip_Clock_GetMainPLLOutClockRate
 .text.Chip_Clock_GetMainClockRate
                0x000047f4       0x28 C:\Users\Eugenia\Desktop\test_SD\lpc_chip_175x_6x\Debug\liblpc_chip_175x_6x.a(clock_17xx_40xx.o)
                0x000047f4                Chip_Clock_GetMainClockRate
 .text.Chip_Clock_GetSystemClockRate
                0x0000481c       0x18 C:\Users\Eugenia\Desktop\test_SD\lpc_chip_175x_6x\Debug\liblpc_chip_175x_6x.a(clock_17xx_40xx.o)
                0x0000481c                Chip_Clock_GetSystemClockRate
 .text.Chip_Clock_GetPeripheralClockRate
                0x00004834       0x28 C:\Users\Eugenia\Desktop\test_SD\lpc_chip_175x_6x\Debug\liblpc_chip_175x_6x.a(clock_17xx_40xx.o)
                0x00004834                Chip_Clock_GetPeripheralClockRate
 .text.Chip_IOCON_PinMuxSet
                0x0000485c       0x34 C:\Users\Eugenia\Desktop\test_SD\lpc_chip_175x_6x\Debug\liblpc_chip_175x_6x.a(iocon_17xx_40xx.o)
                0x0000485c                Chip_IOCON_PinMuxSet
 .text.Chip_IOCON_PinMux
                0x00004890       0x94 C:\Users\Eugenia\Desktop\test_SD\lpc_chip_175x_6x\Debug\liblpc_chip_175x_6x.a(iocon_17xx_40xx.o)
                0x00004890                Chip_IOCON_PinMux
 .text.Chip_IOCON_SetPinMuxing
                0x00004924       0x60 C:\Users\Eugenia\Desktop\test_SD\lpc_chip_175x_6x\Debug\liblpc_chip_175x_6x.a(iocon_17xx_40xx.o)
                0x00004924                Chip_IOCON_SetPinMuxing
 .text.Chip_RTC_GetFullTime
                0x00004984       0x58 C:\Users\Eugenia\Desktop\test_SD\lpc_chip_175x_6x\Debug\liblpc_chip_175x_6x.a(rtc_17xx_40xx.o)
                0x00004984                Chip_RTC_GetFullTime
 .text.Chip_Clock_IsMainPLLEnabled
                0x000049dc       0x28 C:\Users\Eugenia\Desktop\test_SD\lpc_chip_175x_6x\Debug\liblpc_chip_175x_6x.a(sysinit_17xx_40xx.o)
 .text.Chip_Clock_IsMainPLLLocked
                0x00004a04       0x28 C:\Users\Eugenia\Desktop\test_SD\lpc_chip_175x_6x\Debug\liblpc_chip_175x_6x.a(sysinit_17xx_40xx.o)
 .text.Chip_Clock_IsMainPLLConnected
                0x00004a2c       0x28 C:\Users\Eugenia\Desktop\test_SD\lpc_chip_175x_6x\Debug\liblpc_chip_175x_6x.a(sysinit_17xx_40xx.o)
 .text.Chip_Clock_EnableCrystal
                0x00004a54       0x20 C:\Users\Eugenia\Desktop\test_SD\lpc_chip_175x_6x\Debug\liblpc_chip_175x_6x.a(sysinit_17xx_40xx.o)
 .text.Chip_Clock_IsCrystalEnabled
                0x00004a74       0x28 C:\Users\Eugenia\Desktop\test_SD\lpc_chip_175x_6x\Debug\liblpc_chip_175x_6x.a(sysinit_17xx_40xx.o)
 .text.Chip_Clock_SetMainPLLSource
                0x00004a9c       0x20 C:\Users\Eugenia\Desktop\test_SD\lpc_chip_175x_6x\Debug\liblpc_chip_175x_6x.a(sysinit_17xx_40xx.o)
 .text.Chip_SetupXtalClocking
                0x00004abc       0x90 C:\Users\Eugenia\Desktop\test_SD\lpc_chip_175x_6x\Debug\liblpc_chip_175x_6x.a(sysinit_17xx_40xx.o)
                0x00004abc                Chip_SetupXtalClocking
 .text.Chip_UART_SetupFIFOS
                0x00004b4c       0x1c C:\Users\Eugenia\Desktop\test_SD\lpc_chip_175x_6x\Debug\liblpc_chip_175x_6x.a(uart_17xx_40xx.o)
 .text.Chip_UART_ConfigData
                0x00004b68       0x1c C:\Users\Eugenia\Desktop\test_SD\lpc_chip_175x_6x\Debug\liblpc_chip_175x_6x.a(uart_17xx_40xx.o)
 .text.Chip_UART_EnableDivisorAccess
                0x00004b84       0x20 C:\Users\Eugenia\Desktop\test_SD\lpc_chip_175x_6x\Debug\liblpc_chip_175x_6x.a(uart_17xx_40xx.o)
 .text.Chip_UART_DisableDivisorAccess
                0x00004ba4       0x20 C:\Users\Eugenia\Desktop\test_SD\lpc_chip_175x_6x\Debug\liblpc_chip_175x_6x.a(uart_17xx_40xx.o)
 .text.Chip_UART_SetDivisorLatches
                0x00004bc4       0x28 C:\Users\Eugenia\Desktop\test_SD\lpc_chip_175x_6x\Debug\liblpc_chip_175x_6x.a(uart_17xx_40xx.o)
 .text.Chip_UART_GetClockIndex
                0x00004bec       0x50 C:\Users\Eugenia\Desktop\test_SD\lpc_chip_175x_6x\Debug\liblpc_chip_175x_6x.a(uart_17xx_40xx.o)
 .text.Chip_UART_GetClkIndex
                0x00004c3c       0x50 C:\Users\Eugenia\Desktop\test_SD\lpc_chip_175x_6x\Debug\liblpc_chip_175x_6x.a(uart_17xx_40xx.o)
 .text.Chip_UART_Init
                0x00004c8c       0x74 C:\Users\Eugenia\Desktop\test_SD\lpc_chip_175x_6x\Debug\liblpc_chip_175x_6x.a(uart_17xx_40xx.o)
                0x00004c8c                Chip_UART_Init
 .text.Chip_UART_TXEnable
                0x00004d00       0x18 C:\Users\Eugenia\Desktop\test_SD\lpc_chip_175x_6x\Debug\liblpc_chip_175x_6x.a(uart_17xx_40xx.o)
                0x00004d00                Chip_UART_TXEnable
 .text.Chip_UART_TXDisable
                0x00004d18       0x18 C:\Users\Eugenia\Desktop\test_SD\lpc_chip_175x_6x\Debug\liblpc_chip_175x_6x.a(uart_17xx_40xx.o)
                0x00004d18                Chip_UART_TXDisable
 .text.Chip_UART_SetBaud
                0x00004d30       0x64 C:\Users\Eugenia\Desktop\test_SD\lpc_chip_175x_6x\Debug\liblpc_chip_175x_6x.a(uart_17xx_40xx.o)
                0x00004d30                Chip_UART_SetBaud
 .text.__main   0x00004d94       0x14 c:/nxp/lpcxpresso_8.0.0_526/lpcxpresso/tools/bin/../lib/gcc/arm-none-eabi/4.9.3/../../../../arm-none-eabi/lib/armv7-m\libcr_nohost.a(_cr__main.o)
                0x00004d94                __main
 .text.memset   0x00004da8        0x4 c:/nxp/lpcxpresso_8.0.0_526/lpcxpresso/tools/bin/../lib/gcc/arm-none-eabi/4.9.3/../../../../arm-none-eabi/lib/armv7-m\libcr_c.a(memset.o)
                0x00004da8                memset
 .text.malloc   0x00004dac       0xcc c:/nxp/lpcxpresso_8.0.0_526/lpcxpresso/tools/bin/../lib/gcc/arm-none-eabi/4.9.3/../../../../arm-none-eabi/lib/armv7-m\libcr_c.a(alloc.o)
                0x00004dac                malloc
 .text.free     0x00004e78       0x30 c:/nxp/lpcxpresso_8.0.0_526/lpcxpresso/tools/bin/../lib/gcc/arm-none-eabi/4.9.3/../../../../arm-none-eabi/lib/armv7-m\libcr_c.a(alloc.o)
                0x00004e78                free
 .text._Csys_alloc
                0x00004ea8       0x20 c:/nxp/lpcxpresso_8.0.0_526/lpcxpresso/tools/bin/../lib/gcc/arm-none-eabi/4.9.3/../../../../arm-none-eabi/lib/armv7-m\libcr_c.a(alloc.o)
                0x00004ea8                _Csys_alloc
 .text._initio  0x00004ec8       0xa4 c:/nxp/lpcxpresso_8.0.0_526/lpcxpresso/tools/bin/../lib/gcc/arm-none-eabi/4.9.3/../../../../arm-none-eabi/lib/armv7-m\libcr_c.a(initio.o)
                0x00004ec8                _initio
 .text.setvbuf  0x00004f6c       0x40 c:/nxp/lpcxpresso_8.0.0_526/lpcxpresso/tools/bin/../lib/gcc/arm-none-eabi/4.9.3/../../../../arm-none-eabi/lib/armv7-m\libcr_c.a(setvbuf.o)
                0x00004f6c                setvbuf
 .text.strcpy   0x00004fac       0x42 c:/nxp/lpcxpresso_8.0.0_526/lpcxpresso/tools/bin/../lib/gcc/arm-none-eabi/4.9.3/../../../../arm-none-eabi/lib/armv7-m\libcr_c.a(strcpy.o)
                0x00004fac                strcpy
 .text.strlen   0x00004fee       0x4a c:/nxp/lpcxpresso_8.0.0_526/lpcxpresso/tools/bin/../lib/gcc/arm-none-eabi/4.9.3/../../../../arm-none-eabi/lib/armv7-m\libcr_c.a(strlen.o)
                0x00004fee                strlen
 .text._sbrk    0x00005038       0x40 c:/nxp/lpcxpresso_8.0.0_526/lpcxpresso/tools/bin/../lib/gcc/arm-none-eabi/4.9.3/../../../../arm-none-eabi/lib/armv7-m\libcr_c.a(_cr_sbrk.o)
                0x00005038                _sbrk
 .text._deferredlazyseek
                0x00005078       0x44 c:/nxp/lpcxpresso_8.0.0_526/lpcxpresso/tools/bin/../lib/gcc/arm-none-eabi/4.9.3/../../../../arm-none-eabi/lib/armv7-m\libcr_c.a(_deferredlazyseek.o)
                0x00005078                _deferredlazyseek
 .text._fdopen  0x000050bc       0x6a c:/nxp/lpcxpresso_8.0.0_526/lpcxpresso/tools/bin/../lib/gcc/arm-none-eabi/4.9.3/../../../../arm-none-eabi/lib/armv7-m\libcr_c.a(_fdopen.o)
                0x000050bc                _fdopen
 .text._fflush  0x00005126       0x58 c:/nxp/lpcxpresso_8.0.0_526/lpcxpresso/tools/bin/../lib/gcc/arm-none-eabi/4.9.3/../../../../arm-none-eabi/lib/armv7-m\libcr_c.a(_fflush.o)
                0x00005126                _fflush
 *fill*         0x0000517e        0x2 
 .text._Cwritebuf
                0x00005180       0x68 c:/nxp/lpcxpresso_8.0.0_526/lpcxpresso/tools/bin/../lib/gcc/arm-none-eabi/4.9.3/../../../../arm-none-eabi/lib/armv7-m\libcr_c.a(_writebuf.o)
                0x00005180                _Cwritebuf
 .text.fclose   0x000051e8       0x6c c:/nxp/lpcxpresso_8.0.0_526/lpcxpresso/tools/bin/../lib/gcc/arm-none-eabi/4.9.3/../../../../arm-none-eabi/lib/armv7-m\libcr_c.a(fclose.o)
                0x000051e8                fclose
 .text.fflush   0x00005254       0x30 c:/nxp/lpcxpresso_8.0.0_526/lpcxpresso/tools/bin/../lib/gcc/arm-none-eabi/4.9.3/../../../../arm-none-eabi/lib/armv7-m\libcr_c.a(fflush.o)
                0x00005254                fflush
 .text.fseek    0x00005284      0x110 c:/nxp/lpcxpresso_8.0.0_526/lpcxpresso/tools/bin/../lib/gcc/arm-none-eabi/4.9.3/../../../../arm-none-eabi/lib/armv7-m\libcr_c.a(fseek.o)
                0x00005284                fseek
 .text.ftell    0x00005394       0x4c c:/nxp/lpcxpresso_8.0.0_526/lpcxpresso/tools/bin/../lib/gcc/arm-none-eabi/4.9.3/../../../../arm-none-eabi/lib/armv7-m\libcr_c.a(ftell.o)
                0x00005394                ftell
 .text.remove   0x000053e0       0x14 c:/nxp/lpcxpresso_8.0.0_526/lpcxpresso/tools/bin/../lib/gcc/arm-none-eabi/4.9.3/../../../../arm-none-eabi/lib/armv7-m\libcr_c.a(remove.o)
                0x000053e0                remove
 .text.__check_heap_overflow
                0x000053f4       0x18 c:/nxp/lpcxpresso_8.0.0_526/lpcxpresso/tools/bin/../lib/gcc/arm-none-eabi/4.9.3/../../../../arm-none-eabi/lib/armv7-m\libcr_c.a(_cr_check_heap.o)
                0x000053f4                __check_heap_overflow
 .text._do_fflush
                0x0000540c       0x44 c:/nxp/lpcxpresso_8.0.0_526/lpcxpresso/tools/bin/../lib/gcc/arm-none-eabi/4.9.3/../../../../arm-none-eabi/lib/armv7-m\libcr_c.a(_do_fflush.o)
                0x0000540c                _do_fflush
 .text.__aeabi_memset_lowlevel
                0x00005450       0x32 c:/nxp/lpcxpresso_8.0.0_526/lpcxpresso/tools/bin/../lib/gcc/arm-none-eabi/4.9.3/armv7-m\libcr_eabihelpers.a(memcpy.o)
                0x00005450                __aeabi_lowlevel_memset
 .text.__sys_appexit
                0x00005482        0x2 c:/nxp/lpcxpresso_8.0.0_526/lpcxpresso/tools/bin/../lib/gcc/arm-none-eabi/4.9.3/../../../../arm-none-eabi/lib/armv7-m\libcr_nohost.a(__sys_appexit.o)
                0x00005482                __sys_appexit
                0x00005482                __exit
 .text.__sys_close
                0x00005484        0x6 c:/nxp/lpcxpresso_8.0.0_526/lpcxpresso/tools/bin/../lib/gcc/arm-none-eabi/4.9.3/../../../../arm-none-eabi/lib/armv7-m\libcr_nohost.a(__sys_close.o)
                0x00005484                __sys_close
 .text.__sys_flen
                0x0000548a        0x6 c:/nxp/lpcxpresso_8.0.0_526/lpcxpresso/tools/bin/../lib/gcc/arm-none-eabi/4.9.3/../../../../arm-none-eabi/lib/armv7-m\libcr_nohost.a(__sys_flen.o)
                0x0000548a                __sys_flen
 .text.__sys_istty
                0x00005490        0x6 c:/nxp/lpcxpresso_8.0.0_526/lpcxpresso/tools/bin/../lib/gcc/arm-none-eabi/4.9.3/../../../../arm-none-eabi/lib/armv7-m\libcr_nohost.a(__sys_istty.o)
                0x00005490                __sys_istty
 .text.__sys_remove
                0x00005496        0x6 c:/nxp/lpcxpresso_8.0.0_526/lpcxpresso/tools/bin/../lib/gcc/arm-none-eabi/4.9.3/../../../../arm-none-eabi/lib/armv7-m\libcr_nohost.a(__sys_remove.o)
                0x00005496                __sys_remove
 .text.__sys_seek
                0x0000549c        0x6 c:/nxp/lpcxpresso_8.0.0_526/lpcxpresso/tools/bin/../lib/gcc/arm-none-eabi/4.9.3/../../../../arm-none-eabi/lib/armv7-m\libcr_nohost.a(__sys_seek.o)
                0x0000549c                __sys_seek
 .text.__sys_tmpnam
                0x000054a2        0x6 c:/nxp/lpcxpresso_8.0.0_526/lpcxpresso/tools/bin/../lib/gcc/arm-none-eabi/4.9.3/../../../../arm-none-eabi/lib/armv7-m\libcr_nohost.a(__sys_tmpnam.o)
                0x000054a2                __sys_tmpnam
 *(.rodata .rodata.* .constdata .constdata.*)
 .rodata        0x000054a8        0x5 ./freertos/src/tasks.o
 *fill*         0x000054ad        0x3 
 .rodata        0x000054b0        0xf ./example/src/ff.o
 *fill*         0x000054bf        0x1 
 .rodata        0x000054c0       0x26 ./example/src/freertos_blinky.o
 *fill*         0x000054e6        0x2 
 .rodata.OscRateIn
                0x000054e8        0x4 C:\Users\Eugenia\Desktop\test_SD\lpc_board_nxp_lpcxpresso_1769\Debug\liblpc_board_nxp_lpcxpresso_1769.a(board.o)
                0x000054e8                OscRateIn
 .rodata.RTCOscRateIn
                0x000054ec        0x4 C:\Users\Eugenia\Desktop\test_SD\lpc_board_nxp_lpcxpresso_1769\Debug\liblpc_board_nxp_lpcxpresso_1769.a(board.o)
                0x000054ec                RTCOscRateIn
 .rodata.pinmuxing
                0x000054f0       0x5c C:\Users\Eugenia\Desktop\test_SD\lpc_board_nxp_lpcxpresso_1769\Debug\liblpc_board_nxp_lpcxpresso_1769.a(board_sysinit.o)
 .rodata.str1.1
                0x0000554c       0x18 c:/nxp/lpcxpresso_8.0.0_526/lpcxpresso/tools/bin/../lib/gcc/arm-none-eabi/4.9.3/../../../../arm-none-eabi/lib/armv7-m\libcr_c.a(alloc.o)
 .rodata.str1.1
                0x00005564        0x4 c:/nxp/lpcxpresso_8.0.0_526/lpcxpresso/tools/bin/../lib/gcc/arm-none-eabi/4.9.3/../../../../arm-none-eabi/lib/armv7-m\libcr_c.a(initio.o)
                0x00005568                . = ALIGN (0x4)

.glue_7         0x00005568        0x0
 .glue_7        0x00000000        0x0 linker stubs

.glue_7t        0x00005568        0x0
 .glue_7t       0x00000000        0x0 linker stubs

.vfp11_veneer   0x00005568        0x0
 .vfp11_veneer  0x00000000        0x0 linker stubs

.v4_bx          0x00005568        0x0
 .v4_bx         0x00000000        0x0 linker stubs

.iplt           0x00005568        0x0
 .iplt          0x00000000        0x0 ./freertos/src/FreeRTOSCommonHooks.o

.rel.dyn        0x00005568        0x0
 .rel.iplt      0x00000000        0x0 ./freertos/src/FreeRTOSCommonHooks.o

.ARM.extab
 *(.ARM.extab* .gnu.linkonce.armextab.*)
                0x00005568                __exidx_start = .

.ARM.exidx
 *(.ARM.exidx* .gnu.linkonce.armexidx.*)
                0x00005568                __exidx_end = .
                0x00005568                _etext = .

.data_RAM2      0x2007c000        0x0 load address 0x00005568
 FILL mask 0xff
                0x2007c000                PROVIDE (__start_data_RAM2, .)
 *(.ramfunc.$RAM2)
 *(.ramfunc.$RamAHB32)
 *(.data.$RAM2*)
 *(.data.$RamAHB32*)
                0x2007c000                . = ALIGN (0x4)
                0x2007c000                PROVIDE (__end_data_RAM2, .)

.uninit_RESERVED
                0x10000000        0x0
 *(.bss.$RESERVED*)
                0x10000000                . = ALIGN (0x4)
                0x10000000                _end_uninit_RESERVED = .

.data           0x10000000        0xc load address 0x00005568
 FILL mask 0xff
                0x10000000                _data = .
 *(vtable)
 *(.ramfunc*)
 *(.data*)
 .data.uxCriticalNesting
                0x10000000        0x4 ./freertos/src/port.o
 .data.xNextTaskUnblockTime
                0x10000004        0x4 ./freertos/src/tasks.o
 .data.Stat     0x10000008        0x1 ./example/src/sd.o
                0x1000000c                . = ALIGN (0x4)
 *fill*         0x10000009        0x3 ff
                0x1000000c                _edata = .

.igot.plt       0x1000000c        0x0 load address 0x00005574
 .igot.plt      0x00000000        0x0 ./freertos/src/FreeRTOSCommonHooks.o

.bss_RAM2       0x2007c000        0x0
                0x2007c000                PROVIDE (__start_bss_RAM2, .)
 *(.bss.$RAM2*)
 *(.bss.$RamAHB32*)
                0x2007c000                . = ALIGN ((. != 0x0)?0x4:0x1)
                0x2007c000                PROVIDE (__end_bss_RAM2, .)

.bss            0x1000000c      0x318
                0x1000000c                _bss = .
 *(.bss*)
 .bss.ulTimerCountsForOneTick
                0x1000000c        0x4 ./freertos/src/port.o
 .bss.xMaximumPossibleSuppressedTicks
                0x10000010        0x4 ./freertos/src/port.o
 .bss.ulStoppedTimerCompensation
                0x10000014        0x4 ./freertos/src/port.o
 .bss.pxCurrentTCB
                0x10000018        0x4 ./freertos/src/tasks.o
                0x10000018                pxCurrentTCB
 .bss.pxReadyTasksLists
                0x1000001c       0xa0 ./freertos/src/tasks.o
 .bss.xDelayedTaskList1
                0x100000bc       0x14 ./freertos/src/tasks.o
 .bss.xDelayedTaskList2
                0x100000d0       0x14 ./freertos/src/tasks.o
 .bss.pxDelayedTaskList
                0x100000e4        0x4 ./freertos/src/tasks.o
 .bss.pxOverflowDelayedTaskList
                0x100000e8        0x4 ./freertos/src/tasks.o
 .bss.xPendingReadyList
                0x100000ec       0x14 ./freertos/src/tasks.o
 .bss.xTasksWaitingTermination
                0x10000100       0x14 ./freertos/src/tasks.o
 .bss.uxTasksDeleted
                0x10000114        0x4 ./freertos/src/tasks.o
 .bss.xSuspendedTaskList
                0x10000118       0x14 ./freertos/src/tasks.o
 .bss.uxCurrentNumberOfTasks
                0x1000012c        0x4 ./freertos/src/tasks.o
 .bss.xTickCount
                0x10000130        0x4 ./freertos/src/tasks.o
 .bss.uxTopReadyPriority
                0x10000134        0x4 ./freertos/src/tasks.o
 .bss.xSchedulerRunning
                0x10000138        0x4 ./freertos/src/tasks.o
 .bss.uxSchedulerSuspended
                0x1000013c        0x4 ./freertos/src/tasks.o
 .bss.uxPendedTicks
                0x10000140        0x4 ./freertos/src/tasks.o
 .bss.xYieldPending
                0x10000144        0x4 ./freertos/src/tasks.o
 .bss.xNumOfOverflows
                0x10000148        0x4 ./freertos/src/tasks.o
 .bss.uxTaskNumber
                0x1000014c        0x4 ./freertos/src/tasks.o
 .bss.FatFs     0x10000150        0x4 ./example/src/ff.o
 .bss.Fsid      0x10000154        0x2 ./example/src/ff.o
 .bss.Timer1    0x10000156        0x2 ./example/src/sd.o
 .bss.Timer2    0x10000158        0x2 ./example/src/sd.o
 *fill*         0x1000015a        0x2 
 .bss.errno     0x1000015c        0x4 c:/nxp/lpcxpresso_8.0.0_526/lpcxpresso/tools/bin/../lib/gcc/arm-none-eabi/4.9.3/../../../../arm-none-eabi/lib/armv7-m\libcr_c.a(errno.o)
                0x1000015c                errno
 *(COMMON)
 COMMON         0x10000160       0x74 ./example/src/sd.o
                0x10000160                CardType
                0x10000164                CardConfig
 COMMON         0x100001d4        0x4 C:\Users\Eugenia\Desktop\test_SD\lpc_chip_175x_6x\Debug\liblpc_chip_175x_6x.a(chip_17xx_40xx.o)
                0x100001d4                SystemCoreClock
 COMMON         0x100001d8        0x4 c:/nxp/lpcxpresso_8.0.0_526/lpcxpresso/tools/bin/../lib/gcc/arm-none-eabi/4.9.3/../../../../arm-none-eabi/lib/armv7-m\libcr_c.a(initio.o)
                0x100001d8                _extra
 COMMON         0x100001dc      0x140 c:/nxp/lpcxpresso_8.0.0_526/lpcxpresso/tools/bin/../lib/gcc/arm-none-eabi/4.9.3/../../../../arm-none-eabi/lib/armv7-m\libcr_c.a(stdio.o)
                0x100001dc                __Ciob
 COMMON         0x1000031c        0x8 c:/nxp/lpcxpresso_8.0.0_526/lpcxpresso/tools/bin/../lib/gcc/arm-none-eabi/4.9.3/../../../../arm-none-eabi/lib/armv7-m\libcr_c.a(__init_alloc.o)
                0x1000031c                __heaps
                0x10000320                __end_of_heap
                0x10000324                . = ALIGN (0x4)
                0x10000324                _ebss = .
                0x10000324                PROVIDE (end, .)

.noinit_RAM2    0x2007c000        0x0
 *(.noinit.$RAM2*)
 *(.noinit.$RamAHB32*)
                0x2007c000                . = ALIGN (0x4)

.noinit         0x10000324        0x0
                0x10000324                _noinit = .
 *(.noinit*)
                0x10000324                . = ALIGN (0x4)
                0x10000324                _end_noinit = .
                0x10000324                PROVIDE (_pvHeapStart, DEFINED (__user_heap_base)?__user_heap_base:.)
                0x10008000                PROVIDE (_vStackTop, DEFINED (__user_stack_top)?__user_stack_top:(__top_RamLoc32 - 0x0))
                0xefff74b2                PROVIDE (__valid_user_code_checksum, (0x0 - ((((((_vStackTop + (ResetISR + 0x1)) + (NMI_Handler + 0x1)) + (HardFault_Handler + 0x1)) + (DEFINED (MemManage_Handler)?MemManage_Handler:0x0 + 0x1)) + (DEFINED (BusFault_Handler)?BusFault_Handler:0x0 + 0x1)) + (DEFINED (UsageFault_Handler)?UsageFault_Handler:0x0 + 0x1))))
OUTPUT(freertos_blinky.axf elf32-littlearm)

.debug_info     0x00000000     0x91ff
 .debug_info    0x00000000      0x19f ./freertos/src/FreeRTOSCommonHooks.o
 .debug_info    0x0000019f      0x134 ./freertos/src/heap_3.o
 .debug_info    0x000002d3      0x2cf ./freertos/src/list.o
 .debug_info    0x000005a2      0x3c4 ./freertos/src/port.o
 .debug_info    0x00000966     0x11e3 ./freertos/src/tasks.o
 .debug_info    0x00001b49      0x24b ./example/src/cr_startup_lpc175x_6x.o
 .debug_info    0x00001d94     0x18c5 ./example/src/ff.o
 .debug_info    0x00003659      0x484 ./example/src/freertos_blinky.o
 .debug_info    0x00003add      0x9c2 ./example/src/lpc17xx_spi.o
 .debug_info    0x0000449f      0x7b3 ./example/src/sd.o
 .debug_info    0x00004c52      0x110 ./example/src/sysinit.o
 .debug_info    0x00004d62     0x1392 C:\Users\Eugenia\Desktop\test_SD\lpc_board_nxp_lpcxpresso_1769\Debug\liblpc_board_nxp_lpcxpresso_1769.a(board.o)
 .debug_info    0x000060f4      0x558 C:\Users\Eugenia\Desktop\test_SD\lpc_board_nxp_lpcxpresso_1769\Debug\liblpc_board_nxp_lpcxpresso_1769.a(board_sysinit.o)
 .debug_info    0x0000664c      0x50a C:\Users\Eugenia\Desktop\test_SD\lpc_chip_175x_6x\Debug\liblpc_chip_175x_6x.a(chip_17xx_40xx.o)
 .debug_info    0x00006b56      0xb46 C:\Users\Eugenia\Desktop\test_SD\lpc_chip_175x_6x\Debug\liblpc_chip_175x_6x.a(clock_17xx_40xx.o)
 .debug_info    0x0000769c      0x2d9 C:\Users\Eugenia\Desktop\test_SD\lpc_chip_175x_6x\Debug\liblpc_chip_175x_6x.a(iocon_17xx_40xx.o)
 .debug_info    0x00007975      0x5a0 C:\Users\Eugenia\Desktop\test_SD\lpc_chip_175x_6x\Debug\liblpc_chip_175x_6x.a(rtc_17xx_40xx.o)
 .debug_info    0x00007f15      0x431 C:\Users\Eugenia\Desktop\test_SD\lpc_chip_175x_6x\Debug\liblpc_chip_175x_6x.a(sysinit_17xx_40xx.o)
 .debug_info    0x00008346      0xeb9 C:\Users\Eugenia\Desktop\test_SD\lpc_chip_175x_6x\Debug\liblpc_chip_175x_6x.a(uart_17xx_40xx.o)

.debug_abbrev   0x00000000     0x1fc2
 .debug_abbrev  0x00000000      0x129 ./freertos/src/FreeRTOSCommonHooks.o
 .debug_abbrev  0x00000129       0xd4 ./freertos/src/heap_3.o
 .debug_abbrev  0x000001fd       0xec ./freertos/src/list.o
 .debug_abbrev  0x000002e9      0x1dd ./freertos/src/port.o
 .debug_abbrev  0x000004c6      0x244 ./freertos/src/tasks.o
 .debug_abbrev  0x0000070a       0xf5 ./example/src/cr_startup_lpc175x_6x.o
 .debug_abbrev  0x000007ff      0x1e7 ./example/src/ff.o
 .debug_abbrev  0x000009e6      0x165 ./example/src/freertos_blinky.o
 .debug_abbrev  0x00000b4b      0x20c ./example/src/lpc17xx_spi.o
 .debug_abbrev  0x00000d57      0x207 ./example/src/sd.o
 .debug_abbrev  0x00000f5e       0xa3 ./example/src/sysinit.o
 .debug_abbrev  0x00001001      0x373 C:\Users\Eugenia\Desktop\test_SD\lpc_board_nxp_lpcxpresso_1769\Debug\liblpc_board_nxp_lpcxpresso_1769.a(board.o)
 .debug_abbrev  0x00001374      0x15a C:\Users\Eugenia\Desktop\test_SD\lpc_board_nxp_lpcxpresso_1769\Debug\liblpc_board_nxp_lpcxpresso_1769.a(board_sysinit.o)
 .debug_abbrev  0x000014ce      0x138 C:\Users\Eugenia\Desktop\test_SD\lpc_chip_175x_6x\Debug\liblpc_chip_175x_6x.a(chip_17xx_40xx.o)
 .debug_abbrev  0x00001606      0x2e4 C:\Users\Eugenia\Desktop\test_SD\lpc_chip_175x_6x\Debug\liblpc_chip_175x_6x.a(clock_17xx_40xx.o)
 .debug_abbrev  0x000018ea      0x126 C:\Users\Eugenia\Desktop\test_SD\lpc_chip_175x_6x\Debug\liblpc_chip_175x_6x.a(iocon_17xx_40xx.o)
 .debug_abbrev  0x00001a10      0x15f C:\Users\Eugenia\Desktop\test_SD\lpc_chip_175x_6x\Debug\liblpc_chip_175x_6x.a(rtc_17xx_40xx.o)
 .debug_abbrev  0x00001b6f      0x171 C:\Users\Eugenia\Desktop\test_SD\lpc_chip_175x_6x\Debug\liblpc_chip_175x_6x.a(sysinit_17xx_40xx.o)
 .debug_abbrev  0x00001ce0      0x2e2 C:\Users\Eugenia\Desktop\test_SD\lpc_chip_175x_6x\Debug\liblpc_chip_175x_6x.a(uart_17xx_40xx.o)

.debug_aranges  0x00000000      0xb00
 .debug_aranges
                0x00000000       0x40 ./freertos/src/FreeRTOSCommonHooks.o
 .debug_aranges
                0x00000040       0x28 ./freertos/src/heap_3.o
 .debug_aranges
                0x00000068       0x40 ./freertos/src/list.o
 .debug_aranges
                0x000000a8       0x90 ./freertos/src/port.o
 .debug_aranges
                0x00000138      0x170 ./freertos/src/tasks.o
 .debug_aranges
                0x000002a8       0x80 ./example/src/cr_startup_lpc175x_6x.o
 .debug_aranges
                0x00000328      0x170 ./example/src/ff.o
 .debug_aranges
                0x00000498       0x30 ./example/src/freertos_blinky.o
 .debug_aranges
                0x000004c8       0x70 ./example/src/lpc17xx_spi.o
 .debug_aranges
                0x00000538       0x90 ./example/src/sd.o
 .debug_aranges
                0x000005c8       0x20 ./example/src/sysinit.o
 .debug_aranges
                0x000005e8      0x160 C:\Users\Eugenia\Desktop\test_SD\lpc_board_nxp_lpcxpresso_1769\Debug\liblpc_board_nxp_lpcxpresso_1769.a(board.o)
 .debug_aranges
                0x00000748       0x38 C:\Users\Eugenia\Desktop\test_SD\lpc_board_nxp_lpcxpresso_1769\Debug\liblpc_board_nxp_lpcxpresso_1769.a(board_sysinit.o)
 .debug_aranges
                0x00000780       0x38 C:\Users\Eugenia\Desktop\test_SD\lpc_chip_175x_6x\Debug\liblpc_chip_175x_6x.a(chip_17xx_40xx.o)
 .debug_aranges
                0x000007b8      0x120 C:\Users\Eugenia\Desktop\test_SD\lpc_chip_175x_6x\Debug\liblpc_chip_175x_6x.a(clock_17xx_40xx.o)
 .debug_aranges
                0x000008d8       0x30 C:\Users\Eugenia\Desktop\test_SD\lpc_chip_175x_6x\Debug\liblpc_chip_175x_6x.a(iocon_17xx_40xx.o)
 .debug_aranges
                0x00000908       0x70 C:\Users\Eugenia\Desktop\test_SD\lpc_chip_175x_6x\Debug\liblpc_chip_175x_6x.a(rtc_17xx_40xx.o)
 .debug_aranges
                0x00000978       0x60 C:\Users\Eugenia\Desktop\test_SD\lpc_chip_175x_6x\Debug\liblpc_chip_175x_6x.a(sysinit_17xx_40xx.o)
 .debug_aranges
                0x000009d8      0x128 C:\Users\Eugenia\Desktop\test_SD\lpc_chip_175x_6x\Debug\liblpc_chip_175x_6x.a(uart_17xx_40xx.o)

.debug_ranges   0x00000000      0x9d0
 .debug_ranges  0x00000000       0x30 ./freertos/src/FreeRTOSCommonHooks.o
 .debug_ranges  0x00000030       0x18 ./freertos/src/heap_3.o
 .debug_ranges  0x00000048       0x30 ./freertos/src/list.o
 .debug_ranges  0x00000078       0x80 ./freertos/src/port.o
 .debug_ranges  0x000000f8      0x160 ./freertos/src/tasks.o
 .debug_ranges  0x00000258       0x70 ./example/src/cr_startup_lpc175x_6x.o
 .debug_ranges  0x000002c8      0x160 ./example/src/ff.o
 .debug_ranges  0x00000428       0x20 ./example/src/freertos_blinky.o
 .debug_ranges  0x00000448       0x60 ./example/src/lpc17xx_spi.o
 .debug_ranges  0x000004a8       0x80 ./example/src/sd.o
 .debug_ranges  0x00000528       0x10 ./example/src/sysinit.o
 .debug_ranges  0x00000538      0x150 C:\Users\Eugenia\Desktop\test_SD\lpc_board_nxp_lpcxpresso_1769\Debug\liblpc_board_nxp_lpcxpresso_1769.a(board.o)
 .debug_ranges  0x00000688       0x28 C:\Users\Eugenia\Desktop\test_SD\lpc_board_nxp_lpcxpresso_1769\Debug\liblpc_board_nxp_lpcxpresso_1769.a(board_sysinit.o)
 .debug_ranges  0x000006b0       0x28 C:\Users\Eugenia\Desktop\test_SD\lpc_chip_175x_6x\Debug\liblpc_chip_175x_6x.a(chip_17xx_40xx.o)
 .debug_ranges  0x000006d8      0x110 C:\Users\Eugenia\Desktop\test_SD\lpc_chip_175x_6x\Debug\liblpc_chip_175x_6x.a(clock_17xx_40xx.o)
 .debug_ranges  0x000007e8       0x20 C:\Users\Eugenia\Desktop\test_SD\lpc_chip_175x_6x\Debug\liblpc_chip_175x_6x.a(iocon_17xx_40xx.o)
 .debug_ranges  0x00000808       0x60 C:\Users\Eugenia\Desktop\test_SD\lpc_chip_175x_6x\Debug\liblpc_chip_175x_6x.a(rtc_17xx_40xx.o)
 .debug_ranges  0x00000868       0x50 C:\Users\Eugenia\Desktop\test_SD\lpc_chip_175x_6x\Debug\liblpc_chip_175x_6x.a(sysinit_17xx_40xx.o)
 .debug_ranges  0x000008b8      0x118 C:\Users\Eugenia\Desktop\test_SD\lpc_chip_175x_6x\Debug\liblpc_chip_175x_6x.a(uart_17xx_40xx.o)

.debug_macro    0x00000000     0x7025
 .debug_macro   0x00000000      0x29c ./freertos/src/FreeRTOSCommonHooks.o
 .debug_macro   0x0000029c      0x874 ./freertos/src/FreeRTOSCommonHooks.o
 .debug_macro   0x00000b10       0x10 ./freertos/src/FreeRTOSCommonHooks.o
 .debug_macro   0x00000b20      0x12d ./freertos/src/FreeRTOSCommonHooks.o
 .debug_macro   0x00000c4d       0x16 ./freertos/src/FreeRTOSCommonHooks.o
 .debug_macro   0x00000c63       0x46 ./freertos/src/FreeRTOSCommonHooks.o
 .debug_macro   0x00000ca9      0x5b2 ./freertos/src/FreeRTOSCommonHooks.o
 .debug_macro   0x0000125b       0x22 ./freertos/src/FreeRTOSCommonHooks.o
 .debug_macro   0x0000127d       0x74 ./freertos/src/FreeRTOSCommonHooks.o
 .debug_macro   0x000012f1       0x10 ./freertos/src/FreeRTOSCommonHooks.o
 .debug_macro   0x00001301       0x2d ./freertos/src/FreeRTOSCommonHooks.o
 .debug_macro   0x0000132e       0x3a ./freertos/src/FreeRTOSCommonHooks.o
 .debug_macro   0x00001368       0x2d ./freertos/src/FreeRTOSCommonHooks.o
 .debug_macro   0x00001395      0xbb1 ./freertos/src/FreeRTOSCommonHooks.o
 .debug_macro   0x00001f46      0x22c ./freertos/src/FreeRTOSCommonHooks.o
 .debug_macro   0x00002172       0x42 ./freertos/src/FreeRTOSCommonHooks.o
 .debug_macro   0x000021b4       0x52 ./freertos/src/FreeRTOSCommonHooks.o
 .debug_macro   0x00002206       0x78 ./freertos/src/FreeRTOSCommonHooks.o
 .debug_macro   0x0000227e       0x82 ./freertos/src/FreeRTOSCommonHooks.o
 .debug_macro   0x00002300      0x48c ./freertos/src/FreeRTOSCommonHooks.o
 .debug_macro   0x0000278c       0x34 ./freertos/src/FreeRTOSCommonHooks.o
 .debug_macro   0x000027c0      0x4c5 ./freertos/src/FreeRTOSCommonHooks.o
 .debug_macro   0x00002c85      0x1b7 ./freertos/src/FreeRTOSCommonHooks.o
 .debug_macro   0x00002e3c       0x10 ./freertos/src/FreeRTOSCommonHooks.o
 .debug_macro   0x00002e4c      0x21b ./freertos/src/FreeRTOSCommonHooks.o
 .debug_macro   0x00003067      0x1b9 ./freertos/src/FreeRTOSCommonHooks.o
 .debug_macro   0x00003220       0x40 ./freertos/src/FreeRTOSCommonHooks.o
 .debug_macro   0x00003260       0x22 ./freertos/src/FreeRTOSCommonHooks.o
 .debug_macro   0x00003282      0x162 ./freertos/src/FreeRTOSCommonHooks.o
 .debug_macro   0x000033e4       0x94 ./freertos/src/FreeRTOSCommonHooks.o
 .debug_macro   0x00003478       0xb8 ./freertos/src/FreeRTOSCommonHooks.o
 .debug_macro   0x00003530       0x4c ./freertos/src/FreeRTOSCommonHooks.o
 .debug_macro   0x0000357c       0x16 ./freertos/src/FreeRTOSCommonHooks.o
 .debug_macro   0x00003592      0x328 ./freertos/src/FreeRTOSCommonHooks.o
 .debug_macro   0x000038ba       0x49 ./freertos/src/FreeRTOSCommonHooks.o
 .debug_macro   0x00003903       0x16 ./freertos/src/FreeRTOSCommonHooks.o
 .debug_macro   0x00003919       0xca ./freertos/src/FreeRTOSCommonHooks.o
 .debug_macro   0x000039e3       0x11 ./freertos/src/FreeRTOSCommonHooks.o
 .debug_macro   0x000039f4       0x70 ./freertos/src/FreeRTOSCommonHooks.o
 .debug_macro   0x00003a64       0x9a ./freertos/src/FreeRTOSCommonHooks.o
 .debug_macro   0x00003afe       0x20 ./freertos/src/FreeRTOSCommonHooks.o
 .debug_macro   0x00003b1e       0x28 ./freertos/src/FreeRTOSCommonHooks.o
 .debug_macro   0x00003b46       0xee ./freertos/src/FreeRTOSCommonHooks.o
 .debug_macro   0x00003c34       0xab ./freertos/src/FreeRTOSCommonHooks.o
 .debug_macro   0x00003cdf       0x12 ./freertos/src/FreeRTOSCommonHooks.o
 .debug_macro   0x00003cf1       0x1f ./freertos/src/FreeRTOSCommonHooks.o
 .debug_macro   0x00003d10      0x257 ./freertos/src/FreeRTOSCommonHooks.o
 .debug_macro   0x00003f67       0x64 ./freertos/src/FreeRTOSCommonHooks.o
 .debug_macro   0x00003fcb       0x57 ./freertos/src/FreeRTOSCommonHooks.o
 .debug_macro   0x00004022      0x2b2 ./freertos/src/heap_3.o
 .debug_macro   0x000042d4       0x28 ./freertos/src/heap_3.o
 .debug_macro   0x000042fc      0x297 ./freertos/src/list.o
 .debug_macro   0x00004593      0x329 ./freertos/src/port.o
 .debug_macro   0x000048bc      0x336 ./freertos/src/tasks.o
 .debug_macro   0x00004bf2       0x5b ./freertos/src/tasks.o
 .debug_macro   0x00004c4d       0x16 ./freertos/src/tasks.o
 .debug_macro   0x00004c63       0x1d ./example/src/cr_startup_lpc175x_6x.o
 .debug_macro   0x00004c80      0x458 ./example/src/ff.o
 .debug_macro   0x000050d8       0x7b ./example/src/ff.o
 .debug_macro   0x00005153       0x18 ./example/src/ff.o
 .debug_macro   0x0000516b       0x91 ./example/src/ff.o
 .debug_macro   0x000051fc       0xee ./example/src/ff.o
 .debug_macro   0x000052ea       0xac ./example/src/ff.o
 .debug_macro   0x00005396      0x2ea ./example/src/freertos_blinky.o
 .debug_macro   0x00005680       0x10 ./example/src/freertos_blinky.o
 .debug_macro   0x00005690       0xf4 ./example/src/freertos_blinky.o
 .debug_macro   0x00005784       0x77 ./example/src/freertos_blinky.o
 .debug_macro   0x000057fb       0xe7 ./example/src/freertos_blinky.o
 .debug_macro   0x000058e2       0x34 ./example/src/freertos_blinky.o
 .debug_macro   0x00005916      0x201 ./example/src/lpc17xx_spi.o
 .debug_macro   0x00005b17       0x16 ./example/src/lpc17xx_spi.o
 .debug_macro   0x00005b2d      0x2b1 ./example/src/sd.o
 .debug_macro   0x00005dde       0x16 ./example/src/sd.o
 .debug_macro   0x00005df4       0x9a ./example/src/sd.o
 .debug_macro   0x00005e8e      0x217 ./example/src/sysinit.o
 .debug_macro   0x000060a5      0x289 C:\Users\Eugenia\Desktop\test_SD\lpc_board_nxp_lpcxpresso_1769\Debug\liblpc_board_nxp_lpcxpresso_1769.a(board.o)
 .debug_macro   0x0000632e       0x12 C:\Users\Eugenia\Desktop\test_SD\lpc_board_nxp_lpcxpresso_1769\Debug\liblpc_board_nxp_lpcxpresso_1769.a(board.o)
 .debug_macro   0x00006340      0x217 C:\Users\Eugenia\Desktop\test_SD\lpc_board_nxp_lpcxpresso_1769\Debug\liblpc_board_nxp_lpcxpresso_1769.a(board_sysinit.o)
 .debug_macro   0x00006557      0x1cd C:\Users\Eugenia\Desktop\test_SD\lpc_chip_175x_6x\Debug\liblpc_chip_175x_6x.a(chip_17xx_40xx.o)
 .debug_macro   0x00006724      0x1cd C:\Users\Eugenia\Desktop\test_SD\lpc_chip_175x_6x\Debug\liblpc_chip_175x_6x.a(clock_17xx_40xx.o)
 .debug_macro   0x000068f1      0x1cd C:\Users\Eugenia\Desktop\test_SD\lpc_chip_175x_6x\Debug\liblpc_chip_175x_6x.a(iocon_17xx_40xx.o)
 .debug_macro   0x00006abe      0x1cd C:\Users\Eugenia\Desktop\test_SD\lpc_chip_175x_6x\Debug\liblpc_chip_175x_6x.a(rtc_17xx_40xx.o)
 .debug_macro   0x00006c8b      0x1cd C:\Users\Eugenia\Desktop\test_SD\lpc_chip_175x_6x\Debug\liblpc_chip_175x_6x.a(sysinit_17xx_40xx.o)
 .debug_macro   0x00006e58      0x1cd C:\Users\Eugenia\Desktop\test_SD\lpc_chip_175x_6x\Debug\liblpc_chip_175x_6x.a(uart_17xx_40xx.o)

.debug_line     0x00000000     0x7a1d
 .debug_line    0x00000000      0x5e5 ./freertos/src/FreeRTOSCommonHooks.o
 .debug_line    0x000005e5      0x58a ./freertos/src/heap_3.o
 .debug_line    0x00000b6f      0x5d6 ./freertos/src/list.o
 .debug_line    0x00001145      0x6ad ./freertos/src/port.o
 .debug_line    0x000017f2      0xc67 ./freertos/src/tasks.o
 .debug_line    0x00002459       0xdd ./example/src/cr_startup_lpc175x_6x.o
 .debug_line    0x00002536      0xfd6 ./example/src/ff.o
 .debug_line    0x0000350c      0x625 ./example/src/freertos_blinky.o
 .debug_line    0x00003b31      0x57a ./example/src/lpc17xx_spi.o
 .debug_line    0x000040ab      0x7bb ./example/src/sd.o
 .debug_line    0x00004866      0x46f ./example/src/sysinit.o
 .debug_line    0x00004cd5      0x81a C:\Users\Eugenia\Desktop\test_SD\lpc_board_nxp_lpcxpresso_1769\Debug\liblpc_board_nxp_lpcxpresso_1769.a(board.o)
 .debug_line    0x000054ef      0x4a7 C:\Users\Eugenia\Desktop\test_SD\lpc_board_nxp_lpcxpresso_1769\Debug\liblpc_board_nxp_lpcxpresso_1769.a(board_sysinit.o)
 .debug_line    0x00005996      0x442 C:\Users\Eugenia\Desktop\test_SD\lpc_chip_175x_6x\Debug\liblpc_chip_175x_6x.a(chip_17xx_40xx.o)
 .debug_line    0x00005dd8      0x6b9 C:\Users\Eugenia\Desktop\test_SD\lpc_chip_175x_6x\Debug\liblpc_chip_175x_6x.a(clock_17xx_40xx.o)
 .debug_line    0x00006491      0x42e C:\Users\Eugenia\Desktop\test_SD\lpc_chip_175x_6x\Debug\liblpc_chip_175x_6x.a(iocon_17xx_40xx.o)
 .debug_line    0x000068bf      0x53f C:\Users\Eugenia\Desktop\test_SD\lpc_chip_175x_6x\Debug\liblpc_chip_175x_6x.a(rtc_17xx_40xx.o)
 .debug_line    0x00006dfe      0x4b8 C:\Users\Eugenia\Desktop\test_SD\lpc_chip_175x_6x\Debug\liblpc_chip_175x_6x.a(sysinit_17xx_40xx.o)
 .debug_line    0x000072b6      0x767 C:\Users\Eugenia\Desktop\test_SD\lpc_chip_175x_6x\Debug\liblpc_chip_175x_6x.a(uart_17xx_40xx.o)

.debug_str      0x00000000    0x1989e
 .debug_str     0x00000000    0x12ac2 ./freertos/src/FreeRTOSCommonHooks.o
                              0x12ba5 (size before relaxing)
 .debug_str     0x00012ac2      0x103 ./freertos/src/heap_3.o
                              0x12bb9 (size before relaxing)
 .debug_str     0x00012bc5      0x12e ./freertos/src/list.o
                              0x128fe (size before relaxing)
 .debug_str     0x00012cf3      0x906 ./freertos/src/port.o
                              0x13405 (size before relaxing)
 .debug_str     0x000135f9     0x153a ./freertos/src/tasks.o
                              0x143c0 (size before relaxing)
 .debug_str     0x00014b33      0x19f ./example/src/cr_startup_lpc175x_6x.o
                               0x263c (size before relaxing)
 .debug_str     0x00014cd2     0x11a7 ./example/src/ff.o
                              0x11891 (size before relaxing)
 .debug_str     0x00015e79     0x1242 ./example/src/freertos_blinky.o
                              0x14635 (size before relaxing)
 .debug_str     0x000170bb      0x728 ./example/src/lpc17xx_spi.o
                              0x10de9 (size before relaxing)
 .debug_str     0x000177e3      0x3ed ./example/src/sd.o
                              0x10d97 (size before relaxing)
 .debug_str     0x00017bd0       0x23 ./example/src/sysinit.o
                              0x109ef (size before relaxing)
 .debug_str     0x00017bf3      0xc36 C:\Users\Eugenia\Desktop\test_SD\lpc_board_nxp_lpcxpresso_1769\Debug\liblpc_board_nxp_lpcxpresso_1769.a(board.o)
                              0x118c3 (size before relaxing)
 .debug_str     0x00018829      0x135 C:\Users\Eugenia\Desktop\test_SD\lpc_board_nxp_lpcxpresso_1769\Debug\liblpc_board_nxp_lpcxpresso_1769.a(board_sysinit.o)
                              0x10dfd (size before relaxing)
 .debug_str     0x0001895e       0xab C:\Users\Eugenia\Desktop\test_SD\lpc_chip_175x_6x\Debug\liblpc_chip_175x_6x.a(chip_17xx_40xx.o)
                              0x10af4 (size before relaxing)
 .debug_str     0x00018a09      0x857 C:\Users\Eugenia\Desktop\test_SD\lpc_chip_175x_6x\Debug\liblpc_chip_175x_6x.a(clock_17xx_40xx.o)
                              0x11162 (size before relaxing)
 .debug_str     0x00019260       0x74 C:\Users\Eugenia\Desktop\test_SD\lpc_chip_175x_6x\Debug\liblpc_chip_175x_6x.a(iocon_17xx_40xx.o)
                              0x105df (size before relaxing)
 .debug_str     0x000192d4      0x174 C:\Users\Eugenia\Desktop\test_SD\lpc_chip_175x_6x\Debug\liblpc_chip_175x_6x.a(rtc_17xx_40xx.o)
                              0x10a23 (size before relaxing)
 .debug_str     0x00019448       0xc4 C:\Users\Eugenia\Desktop\test_SD\lpc_chip_175x_6x\Debug\liblpc_chip_175x_6x.a(sysinit_17xx_40xx.o)
                              0x107c7 (size before relaxing)
 .debug_str     0x0001950c      0x392 C:\Users\Eugenia\Desktop\test_SD\lpc_chip_175x_6x\Debug\liblpc_chip_175x_6x.a(uart_17xx_40xx.o)
                              0x11037 (size before relaxing)

.comment        0x00000000       0xe0
 .comment       0x00000000       0x70 ./freertos/src/FreeRTOSCommonHooks.o
                                 0x71 (size before relaxing)
 .comment       0x00000000       0x71 ./freertos/src/heap_3.o
 .comment       0x00000000       0x71 ./freertos/src/list.o
 .comment       0x00000000       0x71 ./freertos/src/port.o
 .comment       0x00000000       0x71 ./freertos/src/tasks.o
 .comment       0x00000000       0x71 ./example/src/cr_startup_lpc175x_6x.o
 .comment       0x00000000       0x71 ./example/src/ff.o
 .comment       0x00000000       0x71 ./example/src/freertos_blinky.o
 .comment       0x00000000       0x71 ./example/src/lpc17xx_spi.o
 .comment       0x00000000       0x71 ./example/src/sd.o
 .comment       0x00000000       0x71 ./example/src/sysinit.o
 .comment       0x00000000       0x71 C:\Users\Eugenia\Desktop\test_SD\lpc_board_nxp_lpcxpresso_1769\Debug\liblpc_board_nxp_lpcxpresso_1769.a(board.o)
 .comment       0x00000000       0x71 C:\Users\Eugenia\Desktop\test_SD\lpc_board_nxp_lpcxpresso_1769\Debug\liblpc_board_nxp_lpcxpresso_1769.a(board_sysinit.o)
 .comment       0x00000000       0x71 C:\Users\Eugenia\Desktop\test_SD\lpc_chip_175x_6x\Debug\liblpc_chip_175x_6x.a(chip_17xx_40xx.o)
 .comment       0x00000000       0x71 C:\Users\Eugenia\Desktop\test_SD\lpc_chip_175x_6x\Debug\liblpc_chip_175x_6x.a(clock_17xx_40xx.o)
 .comment       0x00000000       0x71 C:\Users\Eugenia\Desktop\test_SD\lpc_chip_175x_6x\Debug\liblpc_chip_175x_6x.a(iocon_17xx_40xx.o)
 .comment       0x00000000       0x71 C:\Users\Eugenia\Desktop\test_SD\lpc_chip_175x_6x\Debug\liblpc_chip_175x_6x.a(rtc_17xx_40xx.o)
 .comment       0x00000000       0x71 C:\Users\Eugenia\Desktop\test_SD\lpc_chip_175x_6x\Debug\liblpc_chip_175x_6x.a(sysinit_17xx_40xx.o)
 .comment       0x00000000       0x71 C:\Users\Eugenia\Desktop\test_SD\lpc_chip_175x_6x\Debug\liblpc_chip_175x_6x.a(uart_17xx_40xx.o)
 .comment       0x00000070       0x70 c:/nxp/lpcxpresso_8.0.0_526/lpcxpresso/tools/bin/../lib/gcc/arm-none-eabi/4.9.3/../../../../arm-none-eabi/lib/armv7-m\libcr_nohost.a(_cr__main.o)
                                 0x71 (size before relaxing)
 .comment       0x00000000       0x71 c:/nxp/lpcxpresso_8.0.0_526/lpcxpresso/tools/bin/../lib/gcc/arm-none-eabi/4.9.3/../../../../arm-none-eabi/lib/armv7-m\libcr_c.a(memset.o)
 .comment       0x00000000       0x71 c:/nxp/lpcxpresso_8.0.0_526/lpcxpresso/tools/bin/../lib/gcc/arm-none-eabi/4.9.3/../../../../arm-none-eabi/lib/armv7-m\libcr_c.a(alloc.o)
 .comment       0x00000000       0x71 c:/nxp/lpcxpresso_8.0.0_526/lpcxpresso/tools/bin/../lib/gcc/arm-none-eabi/4.9.3/../../../../arm-none-eabi/lib/armv7-m\libcr_c.a(initio.o)
 .comment       0x00000000       0x71 c:/nxp/lpcxpresso_8.0.0_526/lpcxpresso/tools/bin/../lib/gcc/arm-none-eabi/4.9.3/../../../../arm-none-eabi/lib/armv7-m\libcr_c.a(setvbuf.o)
 .comment       0x00000000       0x71 c:/nxp/lpcxpresso_8.0.0_526/lpcxpresso/tools/bin/../lib/gcc/arm-none-eabi/4.9.3/../../../../arm-none-eabi/lib/armv7-m\libcr_c.a(stdio.o)
 .comment       0x00000000       0x71 c:/nxp/lpcxpresso_8.0.0_526/lpcxpresso/tools/bin/../lib/gcc/arm-none-eabi/4.9.3/../../../../arm-none-eabi/lib/armv7-m\libcr_c.a(strcpy.o)
 .comment       0x00000000       0x71 c:/nxp/lpcxpresso_8.0.0_526/lpcxpresso/tools/bin/../lib/gcc/arm-none-eabi/4.9.3/../../../../arm-none-eabi/lib/armv7-m\libcr_c.a(strlen.o)
 .comment       0x00000000       0x71 c:/nxp/lpcxpresso_8.0.0_526/lpcxpresso/tools/bin/../lib/gcc/arm-none-eabi/4.9.3/../../../../arm-none-eabi/lib/armv7-m\libcr_c.a(__init_alloc.o)
 .comment       0x00000000       0x71 c:/nxp/lpcxpresso_8.0.0_526/lpcxpresso/tools/bin/../lib/gcc/arm-none-eabi/4.9.3/../../../../arm-none-eabi/lib/armv7-m\libcr_c.a(_cr_sbrk.o)
 .comment       0x00000000       0x71 c:/nxp/lpcxpresso_8.0.0_526/lpcxpresso/tools/bin/../lib/gcc/arm-none-eabi/4.9.3/../../../../arm-none-eabi/lib/armv7-m\libcr_c.a(_deferredlazyseek.o)
 .comment       0x00000000       0x71 c:/nxp/lpcxpresso_8.0.0_526/lpcxpresso/tools/bin/../lib/gcc/arm-none-eabi/4.9.3/../../../../arm-none-eabi/lib/armv7-m\libcr_c.a(_fdopen.o)
 .comment       0x00000000       0x71 c:/nxp/lpcxpresso_8.0.0_526/lpcxpresso/tools/bin/../lib/gcc/arm-none-eabi/4.9.3/../../../../arm-none-eabi/lib/armv7-m\libcr_c.a(_fflush.o)
 .comment       0x00000000       0x71 c:/nxp/lpcxpresso_8.0.0_526/lpcxpresso/tools/bin/../lib/gcc/arm-none-eabi/4.9.3/../../../../arm-none-eabi/lib/armv7-m\libcr_c.a(_writebuf.o)
 .comment       0x00000000       0x71 c:/nxp/lpcxpresso_8.0.0_526/lpcxpresso/tools/bin/../lib/gcc/arm-none-eabi/4.9.3/../../../../arm-none-eabi/lib/armv7-m\libcr_c.a(errno.o)
 .comment       0x00000000       0x71 c:/nxp/lpcxpresso_8.0.0_526/lpcxpresso/tools/bin/../lib/gcc/arm-none-eabi/4.9.3/../../../../arm-none-eabi/lib/armv7-m\libcr_c.a(fclose.o)
 .comment       0x00000000       0x71 c:/nxp/lpcxpresso_8.0.0_526/lpcxpresso/tools/bin/../lib/gcc/arm-none-eabi/4.9.3/../../../../arm-none-eabi/lib/armv7-m\libcr_c.a(fflush.o)
 .comment       0x00000000       0x71 c:/nxp/lpcxpresso_8.0.0_526/lpcxpresso/tools/bin/../lib/gcc/arm-none-eabi/4.9.3/../../../../arm-none-eabi/lib/armv7-m\libcr_c.a(fseek.o)
 .comment       0x00000000       0x71 c:/nxp/lpcxpresso_8.0.0_526/lpcxpresso/tools/bin/../lib/gcc/arm-none-eabi/4.9.3/../../../../arm-none-eabi/lib/armv7-m\libcr_c.a(ftell.o)
 .comment       0x00000000       0x71 c:/nxp/lpcxpresso_8.0.0_526/lpcxpresso/tools/bin/../lib/gcc/arm-none-eabi/4.9.3/../../../../arm-none-eabi/lib/armv7-m\libcr_c.a(remove.o)
 .comment       0x00000000       0x71 c:/nxp/lpcxpresso_8.0.0_526/lpcxpresso/tools/bin/../lib/gcc/arm-none-eabi/4.9.3/../../../../arm-none-eabi/lib/armv7-m\libcr_c.a(_cr_check_heap.o)
 .comment       0x00000000       0x71 c:/nxp/lpcxpresso_8.0.0_526/lpcxpresso/tools/bin/../lib/gcc/arm-none-eabi/4.9.3/../../../../arm-none-eabi/lib/armv7-m\libcr_c.a(_do_fflush.o)
 .comment       0x00000000       0x71 c:/nxp/lpcxpresso_8.0.0_526/lpcxpresso/tools/bin/../lib/gcc/arm-none-eabi/4.9.3/../../../../arm-none-eabi/lib/armv7-m\libcr_nohost.a(__sys_appexit.o)
 .comment       0x00000000       0x71 c:/nxp/lpcxpresso_8.0.0_526/lpcxpresso/tools/bin/../lib/gcc/arm-none-eabi/4.9.3/../../../../arm-none-eabi/lib/armv7-m\libcr_nohost.a(__sys_close.o)
 .comment       0x00000000       0x71 c:/nxp/lpcxpresso_8.0.0_526/lpcxpresso/tools/bin/../lib/gcc/arm-none-eabi/4.9.3/../../../../arm-none-eabi/lib/armv7-m\libcr_nohost.a(__sys_flen.o)
 .comment       0x00000000       0x71 c:/nxp/lpcxpresso_8.0.0_526/lpcxpresso/tools/bin/../lib/gcc/arm-none-eabi/4.9.3/../../../../arm-none-eabi/lib/armv7-m\libcr_nohost.a(__sys_istty.o)
 .comment       0x00000000       0x71 c:/nxp/lpcxpresso_8.0.0_526/lpcxpresso/tools/bin/../lib/gcc/arm-none-eabi/4.9.3/../../../../arm-none-eabi/lib/armv7-m\libcr_nohost.a(__sys_remove.o)
 .comment       0x00000000       0x71 c:/nxp/lpcxpresso_8.0.0_526/lpcxpresso/tools/bin/../lib/gcc/arm-none-eabi/4.9.3/../../../../arm-none-eabi/lib/armv7-m\libcr_nohost.a(__sys_seek.o)
 .comment       0x00000000       0x71 c:/nxp/lpcxpresso_8.0.0_526/lpcxpresso/tools/bin/../lib/gcc/arm-none-eabi/4.9.3/../../../../arm-none-eabi/lib/armv7-m\libcr_nohost.a(__sys_tmpnam.o)

.ARM.attributes
                0x00000000       0x31
 .ARM.attributes
                0x00000000       0x33 ./freertos/src/FreeRTOSCommonHooks.o
 .ARM.attributes
                0x00000033       0x33 ./freertos/src/heap_3.o
 .ARM.attributes
                0x00000066       0x33 ./freertos/src/list.o
 .ARM.attributes
                0x00000099       0x33 ./freertos/src/port.o
 .ARM.attributes
                0x000000cc       0x33 ./freertos/src/tasks.o
 .ARM.attributes
                0x000000ff       0x33 ./example/src/cr_startup_lpc175x_6x.o
 .ARM.attributes
                0x00000132       0x33 ./example/src/ff.o
 .ARM.attributes
                0x00000165       0x33 ./example/src/freertos_blinky.o
 .ARM.attributes
                0x00000198       0x33 ./example/src/lpc17xx_spi.o
 .ARM.attributes
                0x000001cb       0x33 ./example/src/sd.o
 .ARM.attributes
                0x000001fe       0x33 ./example/src/sysinit.o
 .ARM.attributes
                0x00000231       0x33 C:\Users\Eugenia\Desktop\test_SD\lpc_board_nxp_lpcxpresso_1769\Debug\liblpc_board_nxp_lpcxpresso_1769.a(board.o)
 .ARM.attributes
                0x00000264       0x33 C:\Users\Eugenia\Desktop\test_SD\lpc_board_nxp_lpcxpresso_1769\Debug\liblpc_board_nxp_lpcxpresso_1769.a(board_sysinit.o)
 .ARM.attributes
                0x00000297       0x33 C:\Users\Eugenia\Desktop\test_SD\lpc_chip_175x_6x\Debug\liblpc_chip_175x_6x.a(chip_17xx_40xx.o)
 .ARM.attributes
                0x000002ca       0x33 C:\Users\Eugenia\Desktop\test_SD\lpc_chip_175x_6x\Debug\liblpc_chip_175x_6x.a(clock_17xx_40xx.o)
 .ARM.attributes
                0x000002fd       0x33 C:\Users\Eugenia\Desktop\test_SD\lpc_chip_175x_6x\Debug\liblpc_chip_175x_6x.a(iocon_17xx_40xx.o)
 .ARM.attributes
                0x00000330       0x33 C:\Users\Eugenia\Desktop\test_SD\lpc_chip_175x_6x\Debug\liblpc_chip_175x_6x.a(rtc_17xx_40xx.o)
 .ARM.attributes
                0x00000363       0x33 C:\Users\Eugenia\Desktop\test_SD\lpc_chip_175x_6x\Debug\liblpc_chip_175x_6x.a(sysinit_17xx_40xx.o)
 .ARM.attributes
                0x00000396       0x33 C:\Users\Eugenia\Desktop\test_SD\lpc_chip_175x_6x\Debug\liblpc_chip_175x_6x.a(uart_17xx_40xx.o)
 .ARM.attributes
                0x000003c9       0x33 c:/nxp/lpcxpresso_8.0.0_526/lpcxpresso/tools/bin/../lib/gcc/arm-none-eabi/4.9.3/../../../../arm-none-eabi/lib/armv7-m\libcr_nohost.a(_cr__main.o)
 .ARM.attributes
                0x000003fc       0x33 c:/nxp/lpcxpresso_8.0.0_526/lpcxpresso/tools/bin/../lib/gcc/arm-none-eabi/4.9.3/../../../../arm-none-eabi/lib/armv7-m\libcr_c.a(memset.o)
 .ARM.attributes
                0x0000042f       0x33 c:/nxp/lpcxpresso_8.0.0_526/lpcxpresso/tools/bin/../lib/gcc/arm-none-eabi/4.9.3/../../../../arm-none-eabi/lib/armv7-m\libcr_c.a(alloc.o)
 .ARM.attributes
                0x00000462       0x33 c:/nxp/lpcxpresso_8.0.0_526/lpcxpresso/tools/bin/../lib/gcc/arm-none-eabi/4.9.3/../../../../arm-none-eabi/lib/armv7-m\libcr_c.a(initio.o)
 .ARM.attributes
                0x00000495       0x33 c:/nxp/lpcxpresso_8.0.0_526/lpcxpresso/tools/bin/../lib/gcc/arm-none-eabi/4.9.3/../../../../arm-none-eabi/lib/armv7-m\libcr_c.a(setvbuf.o)
 .ARM.attributes
                0x000004c8       0x33 c:/nxp/lpcxpresso_8.0.0_526/lpcxpresso/tools/bin/../lib/gcc/arm-none-eabi/4.9.3/../../../../arm-none-eabi/lib/armv7-m\libcr_c.a(stdio.o)
 .ARM.attributes
                0x000004fb       0x33 c:/nxp/lpcxpresso_8.0.0_526/lpcxpresso/tools/bin/../lib/gcc/arm-none-eabi/4.9.3/../../../../arm-none-eabi/lib/armv7-m\libcr_c.a(strcpy.o)
 .ARM.attributes
                0x0000052e       0x33 c:/nxp/lpcxpresso_8.0.0_526/lpcxpresso/tools/bin/../lib/gcc/arm-none-eabi/4.9.3/../../../../arm-none-eabi/lib/armv7-m\libcr_c.a(strlen.o)
 .ARM.attributes
                0x00000561       0x33 c:/nxp/lpcxpresso_8.0.0_526/lpcxpresso/tools/bin/../lib/gcc/arm-none-eabi/4.9.3/../../../../arm-none-eabi/lib/armv7-m\libcr_c.a(__init_alloc.o)
 .ARM.attributes
                0x00000594       0x33 c:/nxp/lpcxpresso_8.0.0_526/lpcxpresso/tools/bin/../lib/gcc/arm-none-eabi/4.9.3/../../../../arm-none-eabi/lib/armv7-m\libcr_c.a(_cr_sbrk.o)
 .ARM.attributes
                0x000005c7       0x33 c:/nxp/lpcxpresso_8.0.0_526/lpcxpresso/tools/bin/../lib/gcc/arm-none-eabi/4.9.3/../../../../arm-none-eabi/lib/armv7-m\libcr_c.a(_deferredlazyseek.o)
 .ARM.attributes
                0x000005fa       0x33 c:/nxp/lpcxpresso_8.0.0_526/lpcxpresso/tools/bin/../lib/gcc/arm-none-eabi/4.9.3/../../../../arm-none-eabi/lib/armv7-m\libcr_c.a(_fdopen.o)
 .ARM.attributes
                0x0000062d       0x33 c:/nxp/lpcxpresso_8.0.0_526/lpcxpresso/tools/bin/../lib/gcc/arm-none-eabi/4.9.3/../../../../arm-none-eabi/lib/armv7-m\libcr_c.a(_fflush.o)
 .ARM.attributes
                0x00000660       0x33 c:/nxp/lpcxpresso_8.0.0_526/lpcxpresso/tools/bin/../lib/gcc/arm-none-eabi/4.9.3/../../../../arm-none-eabi/lib/armv7-m\libcr_c.a(_writebuf.o)
 .ARM.attributes
                0x00000693       0x33 c:/nxp/lpcxpresso_8.0.0_526/lpcxpresso/tools/bin/../lib/gcc/arm-none-eabi/4.9.3/../../../../arm-none-eabi/lib/armv7-m\libcr_c.a(errno.o)
 .ARM.attributes
                0x000006c6       0x33 c:/nxp/lpcxpresso_8.0.0_526/lpcxpresso/tools/bin/../lib/gcc/arm-none-eabi/4.9.3/../../../../arm-none-eabi/lib/armv7-m\libcr_c.a(fclose.o)
 .ARM.attributes
                0x000006f9       0x33 c:/nxp/lpcxpresso_8.0.0_526/lpcxpresso/tools/bin/../lib/gcc/arm-none-eabi/4.9.3/../../../../arm-none-eabi/lib/armv7-m\libcr_c.a(fflush.o)
 .ARM.attributes
                0x0000072c       0x33 c:/nxp/lpcxpresso_8.0.0_526/lpcxpresso/tools/bin/../lib/gcc/arm-none-eabi/4.9.3/../../../../arm-none-eabi/lib/armv7-m\libcr_c.a(fseek.o)
 .ARM.attributes
                0x0000075f       0x33 c:/nxp/lpcxpresso_8.0.0_526/lpcxpresso/tools/bin/../lib/gcc/arm-none-eabi/4.9.3/../../../../arm-none-eabi/lib/armv7-m\libcr_c.a(ftell.o)
 .ARM.attributes
                0x00000792       0x33 c:/nxp/lpcxpresso_8.0.0_526/lpcxpresso/tools/bin/../lib/gcc/arm-none-eabi/4.9.3/../../../../arm-none-eabi/lib/armv7-m\libcr_c.a(remove.o)
 .ARM.attributes
                0x000007c5       0x33 c:/nxp/lpcxpresso_8.0.0_526/lpcxpresso/tools/bin/../lib/gcc/arm-none-eabi/4.9.3/../../../../arm-none-eabi/lib/armv7-m\libcr_c.a(_cr_check_heap.o)
 .ARM.attributes
                0x000007f8       0x33 c:/nxp/lpcxpresso_8.0.0_526/lpcxpresso/tools/bin/../lib/gcc/arm-none-eabi/4.9.3/../../../../arm-none-eabi/lib/armv7-m\libcr_c.a(_do_fflush.o)
 .ARM.attributes
                0x0000082b       0x21 c:/nxp/lpcxpresso_8.0.0_526/lpcxpresso/tools/bin/../lib/gcc/arm-none-eabi/4.9.3/armv7-m\libcr_eabihelpers.a(memcpy.o)
 .ARM.attributes
                0x0000084c       0x33 c:/nxp/lpcxpresso_8.0.0_526/lpcxpresso/tools/bin/../lib/gcc/arm-none-eabi/4.9.3/../../../../arm-none-eabi/lib/armv7-m\libcr_nohost.a(__sys_appexit.o)
 .ARM.attributes
                0x0000087f       0x33 c:/nxp/lpcxpresso_8.0.0_526/lpcxpresso/tools/bin/../lib/gcc/arm-none-eabi/4.9.3/../../../../arm-none-eabi/lib/armv7-m\libcr_nohost.a(__sys_close.o)
 .ARM.attributes
                0x000008b2       0x33 c:/nxp/lpcxpresso_8.0.0_526/lpcxpresso/tools/bin/../lib/gcc/arm-none-eabi/4.9.3/../../../../arm-none-eabi/lib/armv7-m\libcr_nohost.a(__sys_flen.o)
 .ARM.attributes
                0x000008e5       0x33 c:/nxp/lpcxpresso_8.0.0_526/lpcxpresso/tools/bin/../lib/gcc/arm-none-eabi/4.9.3/../../../../arm-none-eabi/lib/armv7-m\libcr_nohost.a(__sys_istty.o)
 .ARM.attributes
                0x00000918       0x33 c:/nxp/lpcxpresso_8.0.0_526/lpcxpresso/tools/bin/../lib/gcc/arm-none-eabi/4.9.3/../../../../arm-none-eabi/lib/armv7-m\libcr_nohost.a(__sys_remove.o)
 .ARM.attributes
                0x0000094b       0x33 c:/nxp/lpcxpresso_8.0.0_526/lpcxpresso/tools/bin/../lib/gcc/arm-none-eabi/4.9.3/../../../../arm-none-eabi/lib/armv7-m\libcr_nohost.a(__sys_seek.o)
 .ARM.attributes
                0x0000097e       0x33 c:/nxp/lpcxpresso_8.0.0_526/lpcxpresso/tools/bin/../lib/gcc/arm-none-eabi/4.9.3/../../../../arm-none-eabi/lib/armv7-m\libcr_nohost.a(__sys_tmpnam.o)

.debug_frame    0x00000000     0x2a10
 .debug_frame   0x00000000       0xb0 ./freertos/src/FreeRTOSCommonHooks.o
 .debug_frame   0x000000b0       0x58 ./freertos/src/heap_3.o
 .debug_frame   0x00000108       0xd8 ./freertos/src/list.o
 .debug_frame   0x000001e0      0x198 ./freertos/src/port.o
 .debug_frame   0x00000378      0x634 ./freertos/src/tasks.o
 .debug_frame   0x000009ac      0x170 ./example/src/cr_startup_lpc175x_6x.o
 .debug_frame   0x00000b1c      0x664 ./example/src/ff.o
 .debug_frame   0x00001180       0x70 ./example/src/freertos_blinky.o
 .debug_frame   0x000011f0      0x19c ./example/src/lpc17xx_spi.o
 .debug_frame   0x0000138c      0x230 ./example/src/sd.o
 .debug_frame   0x000015bc       0x34 ./example/src/sysinit.o
 .debug_frame   0x000015f0      0x5d4 C:\Users\Eugenia\Desktop\test_SD\lpc_board_nxp_lpcxpresso_1769\Debug\liblpc_board_nxp_lpcxpresso_1769.a(board.o)
 .debug_frame   0x00001bc4       0x8c C:\Users\Eugenia\Desktop\test_SD\lpc_board_nxp_lpcxpresso_1769\Debug\liblpc_board_nxp_lpcxpresso_1769.a(board_sysinit.o)
 .debug_frame   0x00001c50       0x88 C:\Users\Eugenia\Desktop\test_SD\lpc_chip_175x_6x\Debug\liblpc_chip_175x_6x.a(chip_17xx_40xx.o)
 .debug_frame   0x00001cd8      0x490 C:\Users\Eugenia\Desktop\test_SD\lpc_chip_175x_6x\Debug\liblpc_chip_175x_6x.a(clock_17xx_40xx.o)
 .debug_frame   0x00002168       0x88 C:\Users\Eugenia\Desktop\test_SD\lpc_chip_175x_6x\Debug\liblpc_chip_175x_6x.a(iocon_17xx_40xx.o)
 .debug_frame   0x000021f0      0x1c0 C:\Users\Eugenia\Desktop\test_SD\lpc_chip_175x_6x\Debug\liblpc_chip_175x_6x.a(rtc_17xx_40xx.o)
 .debug_frame   0x000023b0      0x12c C:\Users\Eugenia\Desktop\test_SD\lpc_chip_175x_6x\Debug\liblpc_chip_175x_6x.a(sysinit_17xx_40xx.o)
 .debug_frame   0x000024dc      0x534 C:\Users\Eugenia\Desktop\test_SD\lpc_chip_175x_6x\Debug\liblpc_chip_175x_6x.a(uart_17xx_40xx.o)
