Archive member included because of file (symbol)

C:\Users\Eugenia\Desktop\test_adc\lpc_board_nxp_lpcxpresso_1769\Debug\liblpc_board_nxp_lpcxpresso_1769.a(board.o)
                              ./freertos/src/FreeRTOSCommonHooks.o (Board_UARTPutSTR)
C:\Users\Eugenia\Desktop\test_adc\lpc_board_nxp_lpcxpresso_1769\Debug\liblpc_board_nxp_lpcxpresso_1769.a(board_sysinit.o)
                              ./example/src/sysinit.o (Board_SystemInit)
C:\Users\Eugenia\Desktop\test_adc\lpc_chip_175x_6x\Debug\liblpc_chip_175x_6x.a(adc_17xx_40xx.o)
                              ./example/src/freertos_blinky.o (Chip_ADC_Init)
C:\Users\Eugenia\Desktop\test_adc\lpc_chip_175x_6x\Debug\liblpc_chip_175x_6x.a(chip_17xx_40xx.o)
                              ./freertos/src/port.o (SystemCoreClock)
C:\Users\Eugenia\Desktop\test_adc\lpc_chip_175x_6x\Debug\liblpc_chip_175x_6x.a(clock_17xx_40xx.o)
                              C:\Users\Eugenia\Desktop\test_adc\lpc_chip_175x_6x\Debug\liblpc_chip_175x_6x.a(chip_17xx_40xx.o) (Chip_Clock_EnablePLL)
C:\Users\Eugenia\Desktop\test_adc\lpc_chip_175x_6x\Debug\liblpc_chip_175x_6x.a(i2s_17xx_40xx.o)
                              C:\Users\Eugenia\Desktop\test_adc\lpc_board_nxp_lpcxpresso_1769\Debug\liblpc_board_nxp_lpcxpresso_1769.a(board.o) (Chip_I2S_Init)
C:\Users\Eugenia\Desktop\test_adc\lpc_chip_175x_6x\Debug\liblpc_chip_175x_6x.a(iocon_17xx_40xx.o)
                              ./example/src/freertos_blinky.o (Chip_IOCON_PinMuxSet)
C:\Users\Eugenia\Desktop\test_adc\lpc_chip_175x_6x\Debug\liblpc_chip_175x_6x.a(sysinit_17xx_40xx.o)
                              C:\Users\Eugenia\Desktop\test_adc\lpc_board_nxp_lpcxpresso_1769\Debug\liblpc_board_nxp_lpcxpresso_1769.a(board_sysinit.o) (Chip_SetupXtalClocking)
C:\Users\Eugenia\Desktop\test_adc\lpc_chip_175x_6x\Debug\liblpc_chip_175x_6x.a(uart_17xx_40xx.o)
                              C:\Users\Eugenia\Desktop\test_adc\lpc_board_nxp_lpcxpresso_1769\Debug\liblpc_board_nxp_lpcxpresso_1769.a(board.o) (Chip_UART_Init)
C:\Users\Eugenia\Desktop\test_adc\lpc_chip_175x_6x\Debug\liblpc_chip_175x_6x.a(ring_buffer.o)
                              C:\Users\Eugenia\Desktop\test_adc\lpc_chip_175x_6x\Debug\liblpc_chip_175x_6x.a(uart_17xx_40xx.o) (RingBuffer_Insert)
c:/nxp/lpcxpresso_8.0.0_526/lpcxpresso/tools/bin/../lib/gcc/arm-none-eabi/4.9.3/../../../../arm-none-eabi/lib/armv7-m\libcr_nohost.a(_cr__main.o)
                              ./example/src/cr_startup_lpc175x_6x.o (__main)
c:/nxp/lpcxpresso_8.0.0_526/lpcxpresso/tools/bin/../lib/gcc/arm-none-eabi/4.9.3/../../../../arm-none-eabi/lib/armv7-m\libcr_c.a(memcpy.o)
                              ./freertos/src/queue.o (memcpy)
c:/nxp/lpcxpresso_8.0.0_526/lpcxpresso/tools/bin/../lib/gcc/arm-none-eabi/4.9.3/../../../../arm-none-eabi/lib/armv7-m\libcr_c.a(memset.o)
                              ./freertos/src/tasks.o (memset)
c:/nxp/lpcxpresso_8.0.0_526/lpcxpresso/tools/bin/../lib/gcc/arm-none-eabi/4.9.3/../../../../arm-none-eabi/lib/armv7-m\libcr_c.a(alloc.o)
                              ./freertos/src/heap_3.o (malloc)
c:/nxp/lpcxpresso_8.0.0_526/lpcxpresso/tools/bin/../lib/gcc/arm-none-eabi/4.9.3/../../../../arm-none-eabi/lib/armv7-m\libcr_c.a(fpprintf.o)
                              ./freertos/src/FreeRTOSCommonHooks.o (printf)
c:/nxp/lpcxpresso_8.0.0_526/lpcxpresso/tools/bin/../lib/gcc/arm-none-eabi/4.9.3/../../../../arm-none-eabi/lib/armv7-m\libcr_c.a(initio.o)
                              c:/nxp/lpcxpresso_8.0.0_526/lpcxpresso/tools/bin/../lib/gcc/arm-none-eabi/4.9.3/../../../../arm-none-eabi/lib/armv7-m\libcr_nohost.a(_cr__main.o) (_initio)
c:/nxp/lpcxpresso_8.0.0_526/lpcxpresso/tools/bin/../lib/gcc/arm-none-eabi/4.9.3/../../../../arm-none-eabi/lib/armv7-m\libcr_c.a(printf.o)
                              c:/nxp/lpcxpresso_8.0.0_526/lpcxpresso/tools/bin/../lib/gcc/arm-none-eabi/4.9.3/../../../../arm-none-eabi/lib/armv7-m\libcr_c.a(fpprintf.o) (__vfprintf)
c:/nxp/lpcxpresso_8.0.0_526/lpcxpresso/tools/bin/../lib/gcc/arm-none-eabi/4.9.3/../../../../arm-none-eabi/lib/armv7-m\libcr_c.a(setvbuf.o)
                              c:/nxp/lpcxpresso_8.0.0_526/lpcxpresso/tools/bin/../lib/gcc/arm-none-eabi/4.9.3/../../../../arm-none-eabi/lib/armv7-m\libcr_c.a(initio.o) (setvbuf)
c:/nxp/lpcxpresso_8.0.0_526/lpcxpresso/tools/bin/../lib/gcc/arm-none-eabi/4.9.3/../../../../arm-none-eabi/lib/armv7-m\libcr_c.a(stdio.o)
                              c:/nxp/lpcxpresso_8.0.0_526/lpcxpresso/tools/bin/../lib/gcc/arm-none-eabi/4.9.3/../../../../arm-none-eabi/lib/armv7-m\libcr_c.a(fpprintf.o) (__Ciob)
c:/nxp/lpcxpresso_8.0.0_526/lpcxpresso/tools/bin/../lib/gcc/arm-none-eabi/4.9.3/../../../../arm-none-eabi/lib/armv7-m\libcr_c.a(strlen.o)
                              c:/nxp/lpcxpresso_8.0.0_526/lpcxpresso/tools/bin/../lib/gcc/arm-none-eabi/4.9.3/../../../../arm-none-eabi/lib/armv7-m\libcr_c.a(printf.o) (strlen)
[...]
Memory Configuration

Name             Origin             Length             Attributes
MFlash512        0x00000000         0x00080000         xr
RamLoc32         0x10000000         0x00008000         xrw
RamAHB32         0x2007c000         0x00008000         xrw
*default*        0x00000000         0xffffffff

Linker script and memory map

LOAD ./freertos/src/FreeRTOSCommonHooks.o
LOAD ./freertos/src/heap_3.o
LOAD ./freertos/src/list.o
LOAD ./freertos/src/port.o
LOAD ./freertos/src/queue.o
LOAD ./freertos/src/tasks.o
LOAD ./example/src/cr_startup_lpc175x_6x.o
LOAD ./example/src/freertos_blinky.o
LOAD ./example/src/sysinit.o
LOAD C:\Users\Eugenia\Desktop\test_adc\lpc_board_nxp_lpcxpresso_1769\Debug\liblpc_board_nxp_lpcxpresso_1769.a
LOAD C:\Users\Eugenia\Desktop\test_adc\lpc_chip_175x_6x\Debug\liblpc_chip_175x_6x.a
START GROUP
LOAD c:/nxp/lpcxpresso_8.0.0_526/lpcxpresso/tools/bin/../lib/gcc/arm-none-eabi/4.9.3/../../../../arm-none-eabi/lib/armv7-m\libcr_nohost.a
LOAD c:/nxp/lpcxpresso_8.0.0_526/lpcxpresso/tools/bin/../lib/gcc/arm-none-eabi/4.9.3/../../../../arm-none-eabi/lib/armv7-m\libcr_c.a
LOAD c:/nxp/lpcxpresso_8.0.0_526/lpcxpresso/tools/bin/../lib/gcc/arm-none-eabi/4.9.3/armv7-m\libcr_eabihelpers.a
END GROUP
                0x00000000                __base_MFlash512 = 0x0
                0x00000000                __base_Flash = 0x0
                0x00080000                __top_MFlash512 = 0x80000
                0x00080000                __top_Flash = 0x80000
                0x10000000                __base_RamLoc32 = 0x10000000
                0x10000000                __base_RAM = 0x10000000
                0x10008000                __top_RamLoc32 = 0x10008000
                0x10008000                __top_RAM = 0x10008000
                0x2007c000                __base_RamAHB32 = 0x2007c000
                0x2007c000                __base_RAM2 = 0x2007c000
                0x20084000                __top_RamAHB32 = 0x20084000
                0x20084000                __top_RAM2 = 0x20084000

.text           0x00000000     0x2824
 FILL mask 0xff
                0x00000000                __vectors_start__ = ABSOLUTE (.)
 *(.isr_vector)
 .isr_vector    0x00000000       0xcc ./example/src/cr_startup_lpc175x_6x.o
                0x00000000                g_pfnVectors
                0x000000cc                . = ALIGN (0x4)
                0x000000cc                __section_table_start = .
                0x000000cc                __data_section_table = .
                0x000000cc        0x4 LONG 0x2824 LOADADDR (.data)
                0x000000d0        0x4 LONG 0x10000000 ADDR (.data)
                0x000000d4        0x4 LONG 0x8 SIZEOF (.data)
                0x000000d8        0x4 LONG 0x2824 LOADADDR (.data_RAM2)
                0x000000dc        0x4 LONG 0x2007c000 ADDR (.data_RAM2)
                0x000000e0        0x4 LONG 0x0 SIZEOF (.data_RAM2)
                0x000000e4                __data_section_table_end = .
                0x000000e4                __bss_section_table = .
                0x000000e4        0x4 LONG 0x10000008 ADDR (.bss)
                0x000000e8        0x4 LONG 0x2a0 SIZEOF (.bss)
                0x000000ec        0x4 LONG 0x2007c000 ADDR (.bss_RAM2)
                0x000000f0        0x4 LONG 0x0 SIZEOF (.bss_RAM2)
                0x000000f4                __bss_section_table_end = .
                0x000000f4                __section_table_end = .
 *(.after_vectors*)
 .after_vectors
                0x000000f4      0x144 ./example/src/cr_startup_lpc175x_6x.o
                0x000000f4                data_init
                0x00000138                bss_init
                0x00000170                ResetISR
                0x000001e8                NMI_Handler
                0x000001f0                HardFault_Handler
                0x000001f8                MemManage_Handler
                0x00000200                BusFault_Handler
                0x00000208                UsageFault_Handler
                0x00000218                DebugMon_Handler
                0x00000230                UART1_IRQHandler
                0x00000230                EINT3_IRQHandler
                0x00000230                I2C1_IRQHandler
                0x00000230                TIMER3_IRQHandler
                0x00000230                UART0_IRQHandler
                0x00000230                USBActivity_IRQHandler
                0x00000230                CANActivity_IRQHandler
                0x00000230                EINT2_IRQHandler
                0x00000230                IntDefaultHandler
                0x00000230                PLL0_IRQHandler
                0x00000230                CAN_IRQHandler
                0x00000230                I2C0_IRQHandler
                0x00000230                SSP0_IRQHandler
                0x00000230                I2S_IRQHandler
                0x00000230                I2C2_IRQHandler
                0x00000230                RTC_IRQHandler
                0x00000230                TIMER0_IRQHandler
                0x00000230                SPI_IRQHandler
                0x00000230                RIT_IRQHandler
                0x00000230                EINT1_IRQHandler
                0x00000230                TIMER1_IRQHandler
                0x00000230                UART2_IRQHandler
                0x00000230                SSP1_IRQHandler
                0x00000230                USB_IRQHandler
                0x00000230                BOD_IRQHandler
                0x00000230                PWM1_IRQHandler
                0x00000230                WDT_IRQHandler
                0x00000230                QEI_IRQHandler
                0x00000230                EINT0_IRQHandler
                0x00000230                ETH_IRQHandler
                0x00000230                PLL1_IRQHandler
                0x00000230                DMA_IRQHandler
                0x00000230                TIMER2_IRQHandler
                0x00000230                UART3_IRQHandler
                0x00000230                MCPWM_IRQHandler
 *(.text*)
 .text.vApplicationIdleHook
                0x00000238       0x10 ./freertos/src/FreeRTOSCommonHooks.o
                0x00000238                vApplicationIdleHook
 .text.pvPortMalloc
                0x00000248       0x24 ./freertos/src/heap_3.o
                0x00000248                pvPortMalloc
 .text.vPortFree
                0x0000026c       0x24 ./freertos/src/heap_3.o
                0x0000026c                vPortFree
 .text.vListInitialise
                0x00000290       0x40 ./freertos/src/list.o
                0x00000290                vListInitialise
 .text.vListInitialiseItem
                0x000002d0       0x18 ./freertos/src/list.o
                0x000002d0                vListInitialiseItem
 .text.vListInsertEnd
                0x000002e8       0x48 ./freertos/src/list.o
                0x000002e8                vListInsertEnd
 .text.vListInsert
                0x00000330       0x70 ./freertos/src/list.o
                0x00000330                vListInsert
 .text.uxListRemove
                0x000003a0       0x54 ./freertos/src/list.o
                0x000003a0                uxListRemove
 .text.pxPortInitialiseStack
                0x000003f4       0x58 ./freertos/src/port.o
                0x000003f4                pxPortInitialiseStack
 .text.prvTaskExitError
                0x0000044c        0xc ./freertos/src/port.o
 .text.SVC_Handler
                0x00000458       0x20 ./freertos/src/port.o
                0x00000458                SVC_Handler
 .text.prvPortStartFirstTask
                0x00000478       0x14 ./freertos/src/port.o
 .text.xPortStartScheduler
                0x0000048c       0x38 ./freertos/src/port.o
                0x0000048c                xPortStartScheduler
 .text.vPortYield
                0x000004c4       0x20 ./freertos/src/port.o
                0x000004c4                vPortYield
 .text.vPortEnterCritical
                0x000004e4       0x20 ./freertos/src/port.o
                0x000004e4                vPortEnterCritical
 .text.vPortExitCritical
                0x00000504       0x24 ./freertos/src/port.o
                0x00000504                vPortExitCritical
 .text.ulPortSetInterruptMask
                0x00000528       0x14 ./freertos/src/port.o
                0x00000528                ulPortSetInterruptMask
 .text.vPortClearInterruptMask
                0x0000053c        0x8 ./freertos/src/port.o
                0x0000053c                vPortClearInterruptMask
 .text.PendSV_Handler
                0x00000544       0x3c ./freertos/src/port.o
                0x00000544                PendSV_Handler
 .text.SysTick_Handler
                0x00000580       0x28 ./freertos/src/port.o
                0x00000580                SysTick_Handler
 .text.vPortSuppressTicksAndSleep
                0x000005a8      0x158 ./freertos/src/port.o
                0x000005a8                vPortSuppressTicksAndSleep
 .text.vPortSetupTimerInterrupt
                0x00000700       0x78 ./freertos/src/port.o
                0x00000700                vPortSetupTimerInterrupt
 .text.xTaskGenericCreate
                0x00000778      0x140 ./freertos/src/tasks.o
                0x00000778                xTaskGenericCreate
 .text.vTaskDelay
                0x000008b8       0x50 ./freertos/src/tasks.o
                0x000008b8                vTaskDelay
 .text.vTaskStartScheduler
                0x00000908       0x54 ./freertos/src/tasks.o
                0x00000908                vTaskStartScheduler
 .text.vTaskSuspendAll
                0x0000095c       0x1c ./freertos/src/tasks.o
                0x0000095c                vTaskSuspendAll
 .text.prvGetExpectedIdleTime
                0x00000978       0x50 ./freertos/src/tasks.o
 .text.xTaskResumeAll
                0x000009c8       0xfc ./freertos/src/tasks.o
                0x000009c8                xTaskResumeAll
 .text.vTaskStepTick
                0x00000ac4       0x24 ./freertos/src/tasks.o
                0x00000ac4                vTaskStepTick
 .text.xTaskIncrementTick
                0x00000ae8      0x18c ./freertos/src/tasks.o
                0x00000ae8                xTaskIncrementTick
 .text.vTaskSwitchContext
                0x00000c74       0x98 ./freertos/src/tasks.o
                0x00000c74                vTaskSwitchContext
 .text.prvIdleTask
                0x00000d0c       0x48 ./freertos/src/tasks.o
 .text.eTaskConfirmSleepModeStatus
                0x00000d54       0x5c ./freertos/src/tasks.o
                0x00000d54                eTaskConfirmSleepModeStatus
 .text.prvInitialiseTCBVariables
                0x00000db0       0x90 ./freertos/src/tasks.o
 .text.prvInitialiseTaskLists
                0x00000e40       0x7c ./freertos/src/tasks.o
 .text.prvCheckTasksWaitingTermination
                0x00000ebc       0x74 ./freertos/src/tasks.o
 .text.prvAddCurrentTaskToDelayedList
                0x00000f30       0x6c ./freertos/src/tasks.o
 .text.prvAllocateTCBAndStack
                0x00000f9c       0x64 ./freertos/src/tasks.o
 .text.prvDeleteTCB
                0x00001000       0x20 ./freertos/src/tasks.o
 .text.NVIC_EnableIRQ
                0x00001020       0x30 ./example/src/freertos_blinky.o
 .text.Chip_GPIO_SetPinState
                0x00001050       0x68 ./example/src/freertos_blinky.o
 .text.Chip_GPIO_WritePortBit
                0x000010b8       0x2c ./example/src/freertos_blinky.o
 .text.Chip_GPIO_SetPinDIROutput
                0x000010e4       0x38 ./example/src/freertos_blinky.o
 .text.prvSetupHardware
                0x0000111c       0xa0 ./example/src/freertos_blinky.o
 .text.ADC_IRQHandler
                0x000011bc       0x40 ./example/src/freertos_blinky.o
                0x000011bc                ADC_IRQHandler
 .text.vLEDTask2
                0x000011fc       0x4c ./example/src/freertos_blinky.o
 .text.main     0x00001248       0x3c ./example/src/freertos_blinky.o
                0x00001248                main
 .text.SystemInit
                0x00001284       0x24 ./example/src/sysinit.o
                0x00001284                SystemInit
 .text.Chip_IOCON_Init
                0x000012a8       0x14 C:\Users\Eugenia\Desktop\test_adc\lpc_board_nxp_lpcxpresso_1769\Debug\liblpc_board_nxp_lpcxpresso_1769.a(board.o)
 .text.Chip_GPIO_Init
                0x000012bc       0x14 C:\Users\Eugenia\Desktop\test_adc\lpc_board_nxp_lpcxpresso_1769\Debug\liblpc_board_nxp_lpcxpresso_1769.a(board.o)
 .text.Chip_GPIO_SetPinDIROutput
                0x000012d0       0x38 C:\Users\Eugenia\Desktop\test_adc\lpc_board_nxp_lpcxpresso_1769\Debug\liblpc_board_nxp_lpcxpresso_1769.a(board.o)
 .text.Chip_GPIO_SetPinDIRInput
                0x00001308       0x3c C:\Users\Eugenia\Desktop\test_adc\lpc_board_nxp_lpcxpresso_1769\Debug\liblpc_board_nxp_lpcxpresso_1769.a(board.o)
 .text.Chip_GPIO_SetPinDIR
                0x00001344       0x44 C:\Users\Eugenia\Desktop\test_adc\lpc_board_nxp_lpcxpresso_1769\Debug\liblpc_board_nxp_lpcxpresso_1769.a(board.o)
 .text.Chip_GPIO_WriteDirBit
                0x00001388       0x2c C:\Users\Eugenia\Desktop\test_adc\lpc_board_nxp_lpcxpresso_1769\Debug\liblpc_board_nxp_lpcxpresso_1769.a(board.o)
 .text.Chip_UART_SendByte
                0x000013b4       0x1c C:\Users\Eugenia\Desktop\test_adc\lpc_board_nxp_lpcxpresso_1769\Debug\liblpc_board_nxp_lpcxpresso_1769.a(board.o)
 .text.Chip_UART_ConfigData
                0x000013d0       0x1c C:\Users\Eugenia\Desktop\test_adc\lpc_board_nxp_lpcxpresso_1769\Debug\liblpc_board_nxp_lpcxpresso_1769.a(board.o)
 .text.Chip_UART_ReadLineStatus
                0x000013ec       0x18 C:\Users\Eugenia\Desktop\test_adc\lpc_board_nxp_lpcxpresso_1769\Debug\liblpc_board_nxp_lpcxpresso_1769.a(board.o)
 .text.__sys_write
                0x00001404       0x38 C:\Users\Eugenia\Desktop\test_adc\lpc_board_nxp_lpcxpresso_1769\Debug\liblpc_board_nxp_lpcxpresso_1769.a(board.o)
                0x00001404                __sys_write
 .text.Board_LED_Init
                0x0000143c       0x18 C:\Users\Eugenia\Desktop\test_adc\lpc_board_nxp_lpcxpresso_1769\Debug\liblpc_board_nxp_lpcxpresso_1769.a(board.o)
 .text.Board_UART_Init
                0x00001454       0x14 C:\Users\Eugenia\Desktop\test_adc\lpc_board_nxp_lpcxpresso_1769\Debug\liblpc_board_nxp_lpcxpresso_1769.a(board.o)
                0x00001454                Board_UART_Init
 .text.Board_Debug_Init
                0x00001468       0x30 C:\Users\Eugenia\Desktop\test_adc\lpc_board_nxp_lpcxpresso_1769\Debug\liblpc_board_nxp_lpcxpresso_1769.a(board.o)
                0x00001468                Board_Debug_Init
 .text.Board_UARTPutChar
                0x00001498       0x30 C:\Users\Eugenia\Desktop\test_adc\lpc_board_nxp_lpcxpresso_1769\Debug\liblpc_board_nxp_lpcxpresso_1769.a(board.o)
                0x00001498                Board_UARTPutChar
 .text.Board_Init
                0x000014c8       0x24 C:\Users\Eugenia\Desktop\test_adc\lpc_board_nxp_lpcxpresso_1769\Debug\liblpc_board_nxp_lpcxpresso_1769.a(board.o)
                0x000014c8                Board_Init
 .text.Chip_SYSCTL_SetFLASHAccess
                0x000014ec       0x30 C:\Users\Eugenia\Desktop\test_adc\lpc_board_nxp_lpcxpresso_1769\Debug\liblpc_board_nxp_lpcxpresso_1769.a(board_sysinit.o)
 .text.Board_SetupMuxing
                0x0000151c       0x18 C:\Users\Eugenia\Desktop\test_adc\lpc_board_nxp_lpcxpresso_1769\Debug\liblpc_board_nxp_lpcxpresso_1769.a(board_sysinit.o)
                0x0000151c                Board_SetupMuxing
 .text.Board_SetupClocking
                0x00001534       0x10 C:\Users\Eugenia\Desktop\test_adc\lpc_board_nxp_lpcxpresso_1769\Debug\liblpc_board_nxp_lpcxpresso_1769.a(board_sysinit.o)
                0x00001534                Board_SetupClocking
 .text.Board_SystemInit
                0x00001544       0x10 C:\Users\Eugenia\Desktop\test_adc\lpc_board_nxp_lpcxpresso_1769\Debug\liblpc_board_nxp_lpcxpresso_1769.a(board_sysinit.o)
                0x00001544                Board_SystemInit
 .text.getFullConvClk
                0x00001554       0x10 C:\Users\Eugenia\Desktop\test_adc\lpc_chip_175x_6x\Debug\liblpc_chip_175x_6x.a(adc_17xx_40xx.o)
 .text.getClkDiv
                0x00001564       0x4c C:\Users\Eugenia\Desktop\test_adc\lpc_chip_175x_6x\Debug\liblpc_chip_175x_6x.a(adc_17xx_40xx.o)
 .text.setStartMode
                0x000015b0       0x2c C:\Users\Eugenia\Desktop\test_adc\lpc_chip_175x_6x\Debug\liblpc_chip_175x_6x.a(adc_17xx_40xx.o)
                0x000015b0                setStartMode
 .text.readAdcVal
                0x000015dc       0x44 C:\Users\Eugenia\Desktop\test_adc\lpc_chip_175x_6x\Debug\liblpc_chip_175x_6x.a(adc_17xx_40xx.o)
                0x000015dc                readAdcVal
 .text.Chip_ADC_Init
                0x00001620       0x70 C:\Users\Eugenia\Desktop\test_adc\lpc_chip_175x_6x\Debug\liblpc_chip_175x_6x.a(adc_17xx_40xx.o)
                0x00001620                Chip_ADC_Init
 .text.Chip_ADC_ReadValue
                0x00001690       0x24 C:\Users\Eugenia\Desktop\test_adc\lpc_chip_175x_6x\Debug\liblpc_chip_175x_6x.a(adc_17xx_40xx.o)
                0x00001690                Chip_ADC_ReadValue
 .text.Chip_ADC_Int_SetChannelCmd
                0x000016b4       0x48 C:\Users\Eugenia\Desktop\test_adc\lpc_chip_175x_6x\Debug\liblpc_chip_175x_6x.a(adc_17xx_40xx.o)
                0x000016b4                Chip_ADC_Int_SetChannelCmd
 .text.Chip_ADC_SetSampleRate
                0x000016fc       0x50 C:\Users\Eugenia\Desktop\test_adc\lpc_chip_175x_6x\Debug\liblpc_chip_175x_6x.a(adc_17xx_40xx.o)
                0x000016fc                Chip_ADC_SetSampleRate
 .text.Chip_ADC_EnableChannel
                0x0000174c       0x54 C:\Users\Eugenia\Desktop\test_adc\lpc_chip_175x_6x\Debug\liblpc_chip_175x_6x.a(adc_17xx_40xx.o)
                0x0000174c                Chip_ADC_EnableChannel
 .text.Chip_ADC_SetBurstCmd
                0x000017a0       0x3c C:\Users\Eugenia\Desktop\test_adc\lpc_chip_175x_6x\Debug\liblpc_chip_175x_6x.a(adc_17xx_40xx.o)
                0x000017a0                Chip_ADC_SetBurstCmd
 .text.SystemCoreClockUpdate
                0x000017dc       0x14 C:\Users\Eugenia\Desktop\test_adc\lpc_chip_175x_6x\Debug\liblpc_chip_175x_6x.a(chip_17xx_40xx.o)
                0x000017dc                SystemCoreClockUpdate
 .text.Chip_Clock_IsMainPLLEnabled
                0x000017f0       0x28 C:\Users\Eugenia\Desktop\test_adc\lpc_chip_175x_6x\Debug\liblpc_chip_175x_6x.a(clock_17xx_40xx.o)
 .text.Chip_Clock_IsMainPLLConnected
                0x00001818       0x28 C:\Users\Eugenia\Desktop\test_adc\lpc_chip_175x_6x\Debug\liblpc_chip_175x_6x.a(clock_17xx_40xx.o)
 .text.Chip_Clock_FeedPLL
                0x00001840       0x34 C:\Users\Eugenia\Desktop\test_adc\lpc_chip_175x_6x\Debug\liblpc_chip_175x_6x.a(clock_17xx_40xx.o)
 .text.Chip_Clock_GetMainPLLSource
                0x00001874       0x20 C:\Users\Eugenia\Desktop\test_adc\lpc_chip_175x_6x\Debug\liblpc_chip_175x_6x.a(clock_17xx_40xx.o)
 .text.Chip_Clock_GetMainOscRate
                0x00001894       0x18 C:\Users\Eugenia\Desktop\test_adc\lpc_chip_175x_6x\Debug\liblpc_chip_175x_6x.a(clock_17xx_40xx.o)
 .text.Chip_Clock_GetIntOscRate
                0x000018ac       0x14 C:\Users\Eugenia\Desktop\test_adc\lpc_chip_175x_6x\Debug\liblpc_chip_175x_6x.a(clock_17xx_40xx.o)
 .text.Chip_Clock_GetRTCOscRate
                0x000018c0       0x18 C:\Users\Eugenia\Desktop\test_adc\lpc_chip_175x_6x\Debug\liblpc_chip_175x_6x.a(clock_17xx_40xx.o)
 .text.Chip_Clock_GetMainPLLInClockRate
                0x000018d8       0x10 C:\Users\Eugenia\Desktop\test_adc\lpc_chip_175x_6x\Debug\liblpc_chip_175x_6x.a(clock_17xx_40xx.o)
 .text.Chip_Clock_EnablePLL
                0x000018e8       0x44 C:\Users\Eugenia\Desktop\test_adc\lpc_chip_175x_6x\Debug\liblpc_chip_175x_6x.a(clock_17xx_40xx.o)
                0x000018e8                Chip_Clock_EnablePLL
 .text.Chip_Clock_DisablePLL
                0x0000192c       0x44 C:\Users\Eugenia\Desktop\test_adc\lpc_chip_175x_6x\Debug\liblpc_chip_175x_6x.a(clock_17xx_40xx.o)
                0x0000192c                Chip_Clock_DisablePLL
 .text.Chip_Clock_SetupPLL
                0x00001970       0x58 C:\Users\Eugenia\Desktop\test_adc\lpc_chip_175x_6x\Debug\liblpc_chip_175x_6x.a(clock_17xx_40xx.o)
                0x00001970                Chip_Clock_SetupPLL
 .text.Chip_Clock_EnablePeriphClock
                0x000019c8       0x34 C:\Users\Eugenia\Desktop\test_adc\lpc_chip_175x_6x\Debug\liblpc_chip_175x_6x.a(clock_17xx_40xx.o)
                0x000019c8                Chip_Clock_EnablePeriphClock
 .text.Chip_Clock_GetCPUClockSource
                0x000019fc       0x24 C:\Users\Eugenia\Desktop\test_adc\lpc_chip_175x_6x\Debug\liblpc_chip_175x_6x.a(clock_17xx_40xx.o)
                0x000019fc                Chip_Clock_GetCPUClockSource
 .text.Chip_Clock_SetCPUClockDiv
                0x00001a20       0x20 C:\Users\Eugenia\Desktop\test_adc\lpc_chip_175x_6x\Debug\liblpc_chip_175x_6x.a(clock_17xx_40xx.o)
                0x00001a20                Chip_Clock_SetCPUClockDiv
 .text.Chip_Clock_GetCPUClockDiv
                0x00001a40       0x1c C:\Users\Eugenia\Desktop\test_adc\lpc_chip_175x_6x\Debug\liblpc_chip_175x_6x.a(clock_17xx_40xx.o)
                0x00001a40                Chip_Clock_GetCPUClockDiv
 .text.Chip_Clock_GetPCLKDiv
                0x00001a5c       0x90 C:\Users\Eugenia\Desktop\test_adc\lpc_chip_175x_6x\Debug\liblpc_chip_175x_6x.a(clock_17xx_40xx.o)
                0x00001a5c                Chip_Clock_GetPCLKDiv
 .text.Chip_Clock_GetSYSCLKRate
                0x00001aec       0x34 C:\Users\Eugenia\Desktop\test_adc\lpc_chip_175x_6x\Debug\liblpc_chip_175x_6x.a(clock_17xx_40xx.o)
                0x00001aec                Chip_Clock_GetSYSCLKRate
 .text.Chip_Clock_GetMainPLLOutClockRate
                0x00001b20       0x54 C:\Users\Eugenia\Desktop\test_adc\lpc_chip_175x_6x\Debug\liblpc_chip_175x_6x.a(clock_17xx_40xx.o)
                0x00001b20                Chip_Clock_GetMainPLLOutClockRate
 .text.Chip_Clock_GetMainClockRate
                0x00001b74       0x28 C:\Users\Eugenia\Desktop\test_adc\lpc_chip_175x_6x\Debug\liblpc_chip_175x_6x.a(clock_17xx_40xx.o)
                0x00001b74                Chip_Clock_GetMainClockRate
 .text.Chip_Clock_GetSystemClockRate
                0x00001b9c       0x18 C:\Users\Eugenia\Desktop\test_adc\lpc_chip_175x_6x\Debug\liblpc_chip_175x_6x.a(clock_17xx_40xx.o)
                0x00001b9c                Chip_Clock_GetSystemClockRate
 .text.Chip_Clock_GetPeripheralClockRate
                0x00001bb4       0x28 C:\Users\Eugenia\Desktop\test_adc\lpc_chip_175x_6x\Debug\liblpc_chip_175x_6x.a(clock_17xx_40xx.o)
                0x00001bb4                Chip_Clock_GetPeripheralClockRate
 .text.Chip_IOCON_PinMuxSet
                0x00001bdc       0x34 C:\Users\Eugenia\Desktop\test_adc\lpc_chip_175x_6x\Debug\liblpc_chip_175x_6x.a(iocon_17xx_40xx.o)
                0x00001bdc                Chip_IOCON_PinMuxSet
 .text.Chip_IOCON_PinMux
                0x00001c10       0x94 C:\Users\Eugenia\Desktop\test_adc\lpc_chip_175x_6x\Debug\liblpc_chip_175x_6x.a(iocon_17xx_40xx.o)
                0x00001c10                Chip_IOCON_PinMux
 .text.Chip_IOCON_SetPinMuxing
                0x00001ca4       0x60 C:\Users\Eugenia\Desktop\test_adc\lpc_chip_175x_6x\Debug\liblpc_chip_175x_6x.a(iocon_17xx_40xx.o)
                0x00001ca4                Chip_IOCON_SetPinMuxing
 .text.Chip_Clock_IsMainPLLEnabled
                0x00001d04       0x28 C:\Users\Eugenia\Desktop\test_adc\lpc_chip_175x_6x\Debug\liblpc_chip_175x_6x.a(sysinit_17xx_40xx.o)
 .text.Chip_Clock_IsMainPLLLocked
                0x00001d2c       0x28 C:\Users\Eugenia\Desktop\test_adc\lpc_chip_175x_6x\Debug\liblpc_chip_175x_6x.a(sysinit_17xx_40xx.o)
 .text.Chip_Clock_IsMainPLLConnected
                0x00001d54       0x28 C:\Users\Eugenia\Desktop\test_adc\lpc_chip_175x_6x\Debug\liblpc_chip_175x_6x.a(sysinit_17xx_40xx.o)
 .text.Chip_Clock_EnableCrystal
                0x00001d7c       0x20 C:\Users\Eugenia\Desktop\test_adc\lpc_chip_175x_6x\Debug\liblpc_chip_175x_6x.a(sysinit_17xx_40xx.o)
 .text.Chip_Clock_IsCrystalEnabled
                0x00001d9c       0x28 C:\Users\Eugenia\Desktop\test_adc\lpc_chip_175x_6x\Debug\liblpc_chip_175x_6x.a(sysinit_17xx_40xx.o)
 .text.Chip_Clock_SetMainPLLSource
                0x00001dc4       0x20 C:\Users\Eugenia\Desktop\test_adc\lpc_chip_175x_6x\Debug\liblpc_chip_175x_6x.a(sysinit_17xx_40xx.o)
 .text.Chip_SetupXtalClocking
                0x00001de4       0x90 C:\Users\Eugenia\Desktop\test_adc\lpc_chip_175x_6x\Debug\liblpc_chip_175x_6x.a(sysinit_17xx_40xx.o)
                0x00001de4                Chip_SetupXtalClocking
 .text.Chip_UART_SetupFIFOS
                0x00001e74       0x1c C:\Users\Eugenia\Desktop\test_adc\lpc_chip_175x_6x\Debug\liblpc_chip_175x_6x.a(uart_17xx_40xx.o)
 .text.Chip_UART_ConfigData
                0x00001e90       0x1c C:\Users\Eugenia\Desktop\test_adc\lpc_chip_175x_6x\Debug\liblpc_chip_175x_6x.a(uart_17xx_40xx.o)
 .text.Chip_UART_EnableDivisorAccess
                0x00001eac       0x20 C:\Users\Eugenia\Desktop\test_adc\lpc_chip_175x_6x\Debug\liblpc_chip_175x_6x.a(uart_17xx_40xx.o)
 .text.Chip_UART_DisableDivisorAccess
                0x00001ecc       0x20 C:\Users\Eugenia\Desktop\test_adc\lpc_chip_175x_6x\Debug\liblpc_chip_175x_6x.a(uart_17xx_40xx.o)
 .text.Chip_UART_SetDivisorLatches
                0x00001eec       0x28 C:\Users\Eugenia\Desktop\test_adc\lpc_chip_175x_6x\Debug\liblpc_chip_175x_6x.a(uart_17xx_40xx.o)
 .text.Chip_UART_GetClockIndex
                0x00001f14       0x50 C:\Users\Eugenia\Desktop\test_adc\lpc_chip_175x_6x\Debug\liblpc_chip_175x_6x.a(uart_17xx_40xx.o)
 .text.Chip_UART_GetClkIndex
                0x00001f64       0x50 C:\Users\Eugenia\Desktop\test_adc\lpc_chip_175x_6x\Debug\liblpc_chip_175x_6x.a(uart_17xx_40xx.o)
 .text.Chip_UART_Init
                0x00001fb4       0x74 C:\Users\Eugenia\Desktop\test_adc\lpc_chip_175x_6x\Debug\liblpc_chip_175x_6x.a(uart_17xx_40xx.o)
                0x00001fb4                Chip_UART_Init
 .text.Chip_UART_TXEnable
                0x00002028       0x18 C:\Users\Eugenia\Desktop\test_adc\lpc_chip_175x_6x\Debug\liblpc_chip_175x_6x.a(uart_17xx_40xx.o)
                0x00002028                Chip_UART_TXEnable
 .text.Chip_UART_TXDisable
                0x00002040       0x18 C:\Users\Eugenia\Desktop\test_adc\lpc_chip_175x_6x\Debug\liblpc_chip_175x_6x.a(uart_17xx_40xx.o)
                0x00002040                Chip_UART_TXDisable
 .text.Chip_UART_SetBaud
                0x00002058       0x64 C:\Users\Eugenia\Desktop\test_adc\lpc_chip_175x_6x\Debug\liblpc_chip_175x_6x.a(uart_17xx_40xx.o)
                0x00002058                Chip_UART_SetBaud
 .text.__main   0x000020bc       0x14 c:/nxp/lpcxpresso_8.0.0_526/lpcxpresso/tools/bin/../lib/gcc/arm-none-eabi/4.9.3/../../../../arm-none-eabi/lib/armv7-m\libcr_nohost.a(_cr__main.o)
                0x000020bc                __main
 .text.memset   0x000020d0        0x4 c:/nxp/lpcxpresso_8.0.0_526/lpcxpresso/tools/bin/../lib/gcc/arm-none-eabi/4.9.3/../../../../arm-none-eabi/lib/armv7-m\libcr_c.a(memset.o)
                0x000020d0                memset
 .text.malloc   0x000020d4       0xcc c:/nxp/lpcxpresso_8.0.0_526/lpcxpresso/tools/bin/../lib/gcc/arm-none-eabi/4.9.3/../../../../arm-none-eabi/lib/armv7-m\libcr_c.a(alloc.o)
                0x000020d4                malloc
 .text.free     0x000021a0       0x30 c:/nxp/lpcxpresso_8.0.0_526/lpcxpresso/tools/bin/../lib/gcc/arm-none-eabi/4.9.3/../../../../arm-none-eabi/lib/armv7-m\libcr_c.a(alloc.o)
                0x000021a0                free
 .text._Csys_alloc
                0x000021d0       0x20 c:/nxp/lpcxpresso_8.0.0_526/lpcxpresso/tools/bin/../lib/gcc/arm-none-eabi/4.9.3/../../../../arm-none-eabi/lib/armv7-m\libcr_c.a(alloc.o)
                0x000021d0                _Csys_alloc
 .text._initio  0x000021f0       0xa4 c:/nxp/lpcxpresso_8.0.0_526/lpcxpresso/tools/bin/../lib/gcc/arm-none-eabi/4.9.3/../../../../arm-none-eabi/lib/armv7-m\libcr_c.a(initio.o)
                0x000021f0                _initio
 .text.setvbuf  0x00002294       0x40 c:/nxp/lpcxpresso_8.0.0_526/lpcxpresso/tools/bin/../lib/gcc/arm-none-eabi/4.9.3/../../../../arm-none-eabi/lib/armv7-m\libcr_c.a(setvbuf.o)
                0x00002294                setvbuf
 .text.strlen   0x000022d4       0x4a c:/nxp/lpcxpresso_8.0.0_526/lpcxpresso/tools/bin/../lib/gcc/arm-none-eabi/4.9.3/../../../../arm-none-eabi/lib/armv7-m\libcr_c.a(strlen.o)
                0x000022d4                strlen
 *fill*         0x0000231e        0x2 
 .text._sbrk    0x00002320       0x40 c:/nxp/lpcxpresso_8.0.0_526/lpcxpresso/tools/bin/../lib/gcc/arm-none-eabi/4.9.3/../../../../arm-none-eabi/lib/armv7-m\libcr_c.a(_cr_sbrk.o)
                0x00002320                _sbrk
 .text._deferredlazyseek
                0x00002360       0x44 c:/nxp/lpcxpresso_8.0.0_526/lpcxpresso/tools/bin/../lib/gcc/arm-none-eabi/4.9.3/../../../../arm-none-eabi/lib/armv7-m\libcr_c.a(_deferredlazyseek.o)
                0x00002360                _deferredlazyseek
 .text._fdopen  0x000023a4       0x6a c:/nxp/lpcxpresso_8.0.0_526/lpcxpresso/tools/bin/../lib/gcc/arm-none-eabi/4.9.3/../../../../arm-none-eabi/lib/armv7-m\libcr_c.a(_fdopen.o)
                0x000023a4                _fdopen
 .text._fflush  0x0000240e       0x58 c:/nxp/lpcxpresso_8.0.0_526/lpcxpresso/tools/bin/../lib/gcc/arm-none-eabi/4.9.3/../../../../arm-none-eabi/lib/armv7-m\libcr_c.a(_fflush.o)
                0x0000240e                _fflush
 *fill*         0x00002466        0x2 
 .text._Cwritebuf
                0x00002468       0x68 c:/nxp/lpcxpresso_8.0.0_526/lpcxpresso/tools/bin/../lib/gcc/arm-none-eabi/4.9.3/../../../../arm-none-eabi/lib/armv7-m\libcr_c.a(_writebuf.o)
                0x00002468                _Cwritebuf
 .text.fclose   0x000024d0       0x6c c:/nxp/lpcxpresso_8.0.0_526/lpcxpresso/tools/bin/../lib/gcc/arm-none-eabi/4.9.3/../../../../arm-none-eabi/lib/armv7-m\libcr_c.a(fclose.o)
                0x000024d0                fclose
 .text.fflush   0x0000253c       0x30 c:/nxp/lpcxpresso_8.0.0_526/lpcxpresso/tools/bin/../lib/gcc/arm-none-eabi/4.9.3/../../../../arm-none-eabi/lib/armv7-m\libcr_c.a(fflush.o)
                0x0000253c                fflush
 .text.fseek    0x0000256c      0x110 c:/nxp/lpcxpresso_8.0.0_526/lpcxpresso/tools/bin/../lib/gcc/arm-none-eabi/4.9.3/../../../../arm-none-eabi/lib/armv7-m\libcr_c.a(fseek.o)
                0x0000256c                fseek
 .text.ftell    0x0000267c       0x4c c:/nxp/lpcxpresso_8.0.0_526/lpcxpresso/tools/bin/../lib/gcc/arm-none-eabi/4.9.3/../../../../arm-none-eabi/lib/armv7-m\libcr_c.a(ftell.o)
                0x0000267c                ftell
 .text.remove   0x000026c8       0x14 c:/nxp/lpcxpresso_8.0.0_526/lpcxpresso/tools/bin/../lib/gcc/arm-none-eabi/4.9.3/../../../../arm-none-eabi/lib/armv7-m\libcr_c.a(remove.o)
                0x000026c8                remove
 .text.__check_heap_overflow
                0x000026dc       0x18 c:/nxp/lpcxpresso_8.0.0_526/lpcxpresso/tools/bin/../lib/gcc/arm-none-eabi/4.9.3/../../../../arm-none-eabi/lib/armv7-m\libcr_c.a(_cr_check_heap.o)
                0x000026dc                __check_heap_overflow
 .text._do_fflush
                0x000026f4       0x44 c:/nxp/lpcxpresso_8.0.0_526/lpcxpresso/tools/bin/../lib/gcc/arm-none-eabi/4.9.3/../../../../arm-none-eabi/lib/armv7-m\libcr_c.a(_do_fflush.o)
                0x000026f4                _do_fflush
 .text.__aeabi_memset_lowlevel
                0x00002738       0x32 c:/nxp/lpcxpresso_8.0.0_526/lpcxpresso/tools/bin/../lib/gcc/arm-none-eabi/4.9.3/armv7-m\libcr_eabihelpers.a(memcpy.o)
                0x00002738                __aeabi_lowlevel_memset
 .text.__sys_appexit
                0x0000276a        0x2 c:/nxp/lpcxpresso_8.0.0_526/lpcxpresso/tools/bin/../lib/gcc/arm-none-eabi/4.9.3/../../../../arm-none-eabi/lib/armv7-m\libcr_nohost.a(__sys_appexit.o)
                0x0000276a                __sys_appexit
                0x0000276a                __exit
 .text.__sys_close
                0x0000276c        0x6 c:/nxp/lpcxpresso_8.0.0_526/lpcxpresso/tools/bin/../lib/gcc/arm-none-eabi/4.9.3/../../../../arm-none-eabi/lib/armv7-m\libcr_nohost.a(__sys_close.o)
                0x0000276c                __sys_close
 .text.__sys_flen
                0x00002772        0x6 c:/nxp/lpcxpresso_8.0.0_526/lpcxpresso/tools/bin/../lib/gcc/arm-none-eabi/4.9.3/../../../../arm-none-eabi/lib/armv7-m\libcr_nohost.a(__sys_flen.o)
                0x00002772                __sys_flen
 .text.__sys_istty
                0x00002778        0x6 c:/nxp/lpcxpresso_8.0.0_526/lpcxpresso/tools/bin/../lib/gcc/arm-none-eabi/4.9.3/../../../../arm-none-eabi/lib/armv7-m\libcr_nohost.a(__sys_istty.o)
                0x00002778                __sys_istty
 .text.__sys_remove
                0x0000277e        0x6 c:/nxp/lpcxpresso_8.0.0_526/lpcxpresso/tools/bin/../lib/gcc/arm-none-eabi/4.9.3/../../../../arm-none-eabi/lib/armv7-m\libcr_nohost.a(__sys_remove.o)
                0x0000277e                __sys_remove
 .text.__sys_seek
                0x00002784        0x6 c:/nxp/lpcxpresso_8.0.0_526/lpcxpresso/tools/bin/../lib/gcc/arm-none-eabi/4.9.3/../../../../arm-none-eabi/lib/armv7-m\libcr_nohost.a(__sys_seek.o)
                0x00002784                __sys_seek
 .text.__sys_tmpnam
                0x0000278a        0x6 c:/nxp/lpcxpresso_8.0.0_526/lpcxpresso/tools/bin/../lib/gcc/arm-none-eabi/4.9.3/../../../../arm-none-eabi/lib/armv7-m\libcr_nohost.a(__sys_tmpnam.o)
                0x0000278a                __sys_tmpnam
 *(.rodata .rodata.* .constdata .constdata.*)
 .rodata        0x00002790        0x5 ./freertos/src/tasks.o
 *fill*         0x00002795        0x3 
 .rodata        0x00002798        0xa ./example/src/freertos_blinky.o
 *fill*         0x000027a2        0x2 
 .rodata.OscRateIn
                0x000027a4        0x4 C:\Users\Eugenia\Desktop\test_adc\lpc_board_nxp_lpcxpresso_1769\Debug\liblpc_board_nxp_lpcxpresso_1769.a(board.o)
                0x000027a4                OscRateIn
 .rodata.RTCOscRateIn
                0x000027a8        0x4 C:\Users\Eugenia\Desktop\test_adc\lpc_board_nxp_lpcxpresso_1769\Debug\liblpc_board_nxp_lpcxpresso_1769.a(board.o)
                0x000027a8                RTCOscRateIn
 .rodata.pinmuxing
                0x000027ac       0x5c C:\Users\Eugenia\Desktop\test_adc\lpc_board_nxp_lpcxpresso_1769\Debug\liblpc_board_nxp_lpcxpresso_1769.a(board_sysinit.o)
 .rodata.str1.1
                0x00002808       0x18 c:/nxp/lpcxpresso_8.0.0_526/lpcxpresso/tools/bin/../lib/gcc/arm-none-eabi/4.9.3/../../../../arm-none-eabi/lib/armv7-m\libcr_c.a(alloc.o)
 .rodata.str1.1
                0x00002820        0x4 c:/nxp/lpcxpresso_8.0.0_526/lpcxpresso/tools/bin/../lib/gcc/arm-none-eabi/4.9.3/../../../../arm-none-eabi/lib/armv7-m\libcr_c.a(initio.o)
                0x00002824                . = ALIGN (0x4)

.glue_7         0x00002824        0x0
 .glue_7        0x00000000        0x0 linker stubs

.glue_7t        0x00002824        0x0
 .glue_7t       0x00000000        0x0 linker stubs

.vfp11_veneer   0x00002824        0x0
 .vfp11_veneer  0x00000000        0x0 linker stubs

.v4_bx          0x00002824        0x0
 .v4_bx         0x00000000        0x0 linker stubs

.iplt           0x00002824        0x0
 .iplt          0x00000000        0x0 ./freertos/src/FreeRTOSCommonHooks.o

.rel.dyn        0x00002824        0x0
 .rel.iplt      0x00000000        0x0 ./freertos/src/FreeRTOSCommonHooks.o

.ARM.extab
 *(.ARM.extab* .gnu.linkonce.armextab.*)
                0x00002824                __exidx_start = .

.ARM.exidx
 *(.ARM.exidx* .gnu.linkonce.armexidx.*)
                0x00002824                __exidx_end = .
                0x00002824                _etext = .

.data_RAM2      0x2007c000        0x0 load address 0x00002824
 FILL mask 0xff
                0x2007c000                PROVIDE (__start_data_RAM2, .)
 *(.ramfunc.$RAM2)
 *(.ramfunc.$RamAHB32)
 *(.data.$RAM2*)
 *(.data.$RamAHB32*)
                0x2007c000                . = ALIGN (0x4)
                0x2007c000                PROVIDE (__end_data_RAM2, .)

.uninit_RESERVED
                0x10000000        0x0
 *(.bss.$RESERVED*)
                0x10000000                . = ALIGN (0x4)
                0x10000000                _end_uninit_RESERVED = .

.data           0x10000000        0x8 load address 0x00002824
 FILL mask 0xff
                0x10000000                _data = .
 *(vtable)
 *(.ramfunc*)
 *(.data*)
 .data.uxCriticalNesting
                0x10000000        0x4 ./freertos/src/port.o
 .data.xNextTaskUnblockTime
                0x10000004        0x4 ./freertos/src/tasks.o
                0x10000008                . = ALIGN (0x4)
                0x10000008                _edata = .

.igot.plt       0x10000008        0x0 load address 0x0000282c
 .igot.plt      0x00000000        0x0 ./freertos/src/FreeRTOSCommonHooks.o

.bss_RAM2       0x2007c000        0x0
                0x2007c000                PROVIDE (__start_bss_RAM2, .)
 *(.bss.$RAM2*)
 *(.bss.$RamAHB32*)
                0x2007c000                . = ALIGN ((. != 0x0)?0x4:0x1)
                0x2007c000                PROVIDE (__end_bss_RAM2, .)

.bss            0x10000008      0x2a0
                0x10000008                _bss = .
 *(.bss*)
 .bss.ulTimerCountsForOneTick
                0x10000008        0x4 ./freertos/src/port.o
 .bss.xMaximumPossibleSuppressedTicks
                0x1000000c        0x4 ./freertos/src/port.o
 .bss.ulStoppedTimerCompensation
                0x10000010        0x4 ./freertos/src/port.o
 .bss.pxCurrentTCB
                0x10000014        0x4 ./freertos/src/tasks.o
                0x10000014                pxCurrentTCB
 .bss.pxReadyTasksLists
                0x10000018       0xa0 ./freertos/src/tasks.o
 .bss.xDelayedTaskList1
                0x100000b8       0x14 ./freertos/src/tasks.o
 .bss.xDelayedTaskList2
                0x100000cc       0x14 ./freertos/src/tasks.o
 .bss.pxDelayedTaskList
                0x100000e0        0x4 ./freertos/src/tasks.o
 .bss.pxOverflowDelayedTaskList
                0x100000e4        0x4 ./freertos/src/tasks.o
 .bss.xPendingReadyList
                0x100000e8       0x14 ./freertos/src/tasks.o
 .bss.xTasksWaitingTermination
                0x100000fc       0x14 ./freertos/src/tasks.o
 .bss.uxTasksDeleted
                0x10000110        0x4 ./freertos/src/tasks.o
 .bss.xSuspendedTaskList
                0x10000114       0x14 ./freertos/src/tasks.o
 .bss.uxCurrentNumberOfTasks
                0x10000128        0x4 ./freertos/src/tasks.o
 .bss.xTickCount
                0x1000012c        0x4 ./freertos/src/tasks.o
 .bss.uxTopReadyPriority
                0x10000130        0x4 ./freertos/src/tasks.o
 .bss.xSchedulerRunning
                0x10000134        0x4 ./freertos/src/tasks.o
 .bss.uxSchedulerSuspended
                0x10000138        0x4 ./freertos/src/tasks.o
 .bss.uxPendedTicks
                0x1000013c        0x4 ./freertos/src/tasks.o
 .bss.xYieldPending
                0x10000140        0x4 ./freertos/src/tasks.o
 .bss.xNumOfOverflows
                0x10000144        0x4 ./freertos/src/tasks.o
 .bss.uxTaskNumber
                0x10000148        0x4 ./freertos/src/tasks.o
 .bss.ADCSetup  0x1000014c        0x8 ./example/src/freertos_blinky.o
 .bss.errno     0x10000154        0x4 c:/nxp/lpcxpresso_8.0.0_526/lpcxpresso/tools/bin/../lib/gcc/arm-none-eabi/4.9.3/../../../../arm-none-eabi/lib/armv7-m\libcr_c.a(errno.o)
                0x10000154                errno
 *(COMMON)
 COMMON         0x10000158        0x4 C:\Users\Eugenia\Desktop\test_adc\lpc_chip_175x_6x\Debug\liblpc_chip_175x_6x.a(chip_17xx_40xx.o)
                0x10000158                SystemCoreClock
 COMMON         0x1000015c        0x4 c:/nxp/lpcxpresso_8.0.0_526/lpcxpresso/tools/bin/../lib/gcc/arm-none-eabi/4.9.3/../../../../arm-none-eabi/lib/armv7-m\libcr_c.a(initio.o)
                0x1000015c                _extra
 COMMON         0x10000160      0x140 c:/nxp/lpcxpresso_8.0.0_526/lpcxpresso/tools/bin/../lib/gcc/arm-none-eabi/4.9.3/../../../../arm-none-eabi/lib/armv7-m\libcr_c.a(stdio.o)
                0x10000160                __Ciob
 COMMON         0x100002a0        0x8 c:/nxp/lpcxpresso_8.0.0_526/lpcxpresso/tools/bin/../lib/gcc/arm-none-eabi/4.9.3/../../../../arm-none-eabi/lib/armv7-m\libcr_c.a(__init_alloc.o)
                0x100002a0                __heaps
                0x100002a4                __end_of_heap
                0x100002a8                . = ALIGN (0x4)
                0x100002a8                _ebss = .
                0x100002a8                PROVIDE (end, .)

.noinit_RAM2    0x2007c000        0x0
 *(.noinit.$RAM2*)
 *(.noinit.$RamAHB32*)
                0x2007c000                . = ALIGN (0x4)

.noinit         0x100002a8        0x0
                0x100002a8                _noinit = .
 *(.noinit*)
                0x100002a8                . = ALIGN (0x4)
                0x100002a8                _end_noinit = .
                0x100002a8                PROVIDE (_pvHeapStart, DEFINED (__user_heap_base)?__user_heap_base:.)
                0x10008000                PROVIDE (_vStackTop, DEFINED (__user_stack_top)?__user_stack_top:(__top_RamLoc32 - 0x0))
                0xefff74b2                PROVIDE (__valid_user_code_checksum, (0x0 - ((((((_vStackTop + (ResetISR + 0x1)) + (NMI_Handler + 0x1)) + (HardFault_Handler + 0x1)) + (DEFINED (MemManage_Handler)?MemManage_Handler:0x0 + 0x1)) + (DEFINED (BusFault_Handler)?BusFault_Handler:0x0 + 0x1)) + (DEFINED (UsageFault_Handler)?UsageFault_Handler:0x0 + 0x1))))
OUTPUT(freertos_blinky.axf elf32-littlearm)

.debug_info     0x00000000     0x6dd1
 .debug_info    0x00000000      0x19f ./freertos/src/FreeRTOSCommonHooks.o
 .debug_info    0x0000019f      0x134 ./freertos/src/heap_3.o
 .debug_info    0x000002d3      0x2cf ./freertos/src/list.o
 .debug_info    0x000005a2      0x3c4 ./freertos/src/port.o
 .debug_info    0x00000966     0x11e3 ./freertos/src/tasks.o
 .debug_info    0x00001b49      0x24b ./example/src/cr_startup_lpc175x_6x.o
 .debug_info    0x00001d94      0x7c7 ./example/src/freertos_blinky.o
 .debug_info    0x0000255b      0x110 ./example/src/sysinit.o
 .debug_info    0x0000266b     0x1392 C:\Users\Eugenia\Desktop\test_adc\lpc_board_nxp_lpcxpresso_1769\Debug\liblpc_board_nxp_lpcxpresso_1769.a(board.o)
 .debug_info    0x000039fd      0x558 C:\Users\Eugenia\Desktop\test_adc\lpc_board_nxp_lpcxpresso_1769\Debug\liblpc_board_nxp_lpcxpresso_1769.a(board_sysinit.o)
 .debug_info    0x00003f55      0x869 C:\Users\Eugenia\Desktop\test_adc\lpc_chip_175x_6x\Debug\liblpc_chip_175x_6x.a(adc_17xx_40xx.o)
 .debug_info    0x000047be      0x50a C:\Users\Eugenia\Desktop\test_adc\lpc_chip_175x_6x\Debug\liblpc_chip_175x_6x.a(chip_17xx_40xx.o)
 .debug_info    0x00004cc8      0xb46 C:\Users\Eugenia\Desktop\test_adc\lpc_chip_175x_6x\Debug\liblpc_chip_175x_6x.a(clock_17xx_40xx.o)
 .debug_info    0x0000580e      0x2d9 C:\Users\Eugenia\Desktop\test_adc\lpc_chip_175x_6x\Debug\liblpc_chip_175x_6x.a(iocon_17xx_40xx.o)
 .debug_info    0x00005ae7      0x431 C:\Users\Eugenia\Desktop\test_adc\lpc_chip_175x_6x\Debug\liblpc_chip_175x_6x.a(sysinit_17xx_40xx.o)
 .debug_info    0x00005f18      0xeb9 C:\Users\Eugenia\Desktop\test_adc\lpc_chip_175x_6x\Debug\liblpc_chip_175x_6x.a(uart_17xx_40xx.o)

.debug_abbrev   0x00000000     0x1ab4
 .debug_abbrev  0x00000000      0x129 ./freertos/src/FreeRTOSCommonHooks.o
 .debug_abbrev  0x00000129       0xd4 ./freertos/src/heap_3.o
 .debug_abbrev  0x000001fd       0xec ./freertos/src/list.o
 .debug_abbrev  0x000002e9      0x1dd ./freertos/src/port.o
 .debug_abbrev  0x000004c6      0x244 ./freertos/src/tasks.o
 .debug_abbrev  0x0000070a       0xf5 ./example/src/cr_startup_lpc175x_6x.o
 .debug_abbrev  0x000007ff      0x1fa ./example/src/freertos_blinky.o
 .debug_abbrev  0x000009f9       0xa3 ./example/src/sysinit.o
 .debug_abbrev  0x00000a9c      0x373 C:\Users\Eugenia\Desktop\test_adc\lpc_board_nxp_lpcxpresso_1769\Debug\liblpc_board_nxp_lpcxpresso_1769.a(board.o)
 .debug_abbrev  0x00000e0f      0x15a C:\Users\Eugenia\Desktop\test_adc\lpc_board_nxp_lpcxpresso_1769\Debug\liblpc_board_nxp_lpcxpresso_1769.a(board_sysinit.o)
 .debug_abbrev  0x00000f69      0x1b6 C:\Users\Eugenia\Desktop\test_adc\lpc_chip_175x_6x\Debug\liblpc_chip_175x_6x.a(adc_17xx_40xx.o)
 .debug_abbrev  0x0000111f      0x138 C:\Users\Eugenia\Desktop\test_adc\lpc_chip_175x_6x\Debug\liblpc_chip_175x_6x.a(chip_17xx_40xx.o)
 .debug_abbrev  0x00001257      0x2e4 C:\Users\Eugenia\Desktop\test_adc\lpc_chip_175x_6x\Debug\liblpc_chip_175x_6x.a(clock_17xx_40xx.o)
 .debug_abbrev  0x0000153b      0x126 C:\Users\Eugenia\Desktop\test_adc\lpc_chip_175x_6x\Debug\liblpc_chip_175x_6x.a(iocon_17xx_40xx.o)
 .debug_abbrev  0x00001661      0x171 C:\Users\Eugenia\Desktop\test_adc\lpc_chip_175x_6x\Debug\liblpc_chip_175x_6x.a(sysinit_17xx_40xx.o)
 .debug_abbrev  0x000017d2      0x2e2 C:\Users\Eugenia\Desktop\test_adc\lpc_chip_175x_6x\Debug\liblpc_chip_175x_6x.a(uart_17xx_40xx.o)

.debug_aranges  0x00000000      0x8d0
 .debug_aranges
                0x00000000       0x40 ./freertos/src/FreeRTOSCommonHooks.o
 .debug_aranges
                0x00000040       0x28 ./freertos/src/heap_3.o
 .debug_aranges
                0x00000068       0x40 ./freertos/src/list.o
 .debug_aranges
                0x000000a8       0x90 ./freertos/src/port.o
 .debug_aranges
                0x00000138      0x170 ./freertos/src/tasks.o
 .debug_aranges
                0x000002a8       0x80 ./example/src/cr_startup_lpc175x_6x.o
 .debug_aranges
                0x00000328       0x58 ./example/src/freertos_blinky.o
 .debug_aranges
                0x00000380       0x20 ./example/src/sysinit.o
 .debug_aranges
                0x000003a0      0x160 C:\Users\Eugenia\Desktop\test_adc\lpc_board_nxp_lpcxpresso_1769\Debug\liblpc_board_nxp_lpcxpresso_1769.a(board.o)
 .debug_aranges
                0x00000500       0x38 C:\Users\Eugenia\Desktop\test_adc\lpc_board_nxp_lpcxpresso_1769\Debug\liblpc_board_nxp_lpcxpresso_1769.a(board_sysinit.o)
 .debug_aranges
                0x00000538       0x88 C:\Users\Eugenia\Desktop\test_adc\lpc_chip_175x_6x\Debug\liblpc_chip_175x_6x.a(adc_17xx_40xx.o)
 .debug_aranges
                0x000005c0       0x38 C:\Users\Eugenia\Desktop\test_adc\lpc_chip_175x_6x\Debug\liblpc_chip_175x_6x.a(chip_17xx_40xx.o)
 .debug_aranges
                0x000005f8      0x120 C:\Users\Eugenia\Desktop\test_adc\lpc_chip_175x_6x\Debug\liblpc_chip_175x_6x.a(clock_17xx_40xx.o)
 .debug_aranges
                0x00000718       0x30 C:\Users\Eugenia\Desktop\test_adc\lpc_chip_175x_6x\Debug\liblpc_chip_175x_6x.a(iocon_17xx_40xx.o)
 .debug_aranges
                0x00000748       0x60 C:\Users\Eugenia\Desktop\test_adc\lpc_chip_175x_6x\Debug\liblpc_chip_175x_6x.a(sysinit_17xx_40xx.o)
 .debug_aranges
                0x000007a8      0x128 C:\Users\Eugenia\Desktop\test_adc\lpc_chip_175x_6x\Debug\liblpc_chip_175x_6x.a(uart_17xx_40xx.o)

.debug_ranges   0x00000000      0x7d0
 .debug_ranges  0x00000000       0x30 ./freertos/src/FreeRTOSCommonHooks.o
 .debug_ranges  0x00000030       0x18 ./freertos/src/heap_3.o
 .debug_ranges  0x00000048       0x30 ./freertos/src/list.o
 .debug_ranges  0x00000078       0x80 ./freertos/src/port.o
 .debug_ranges  0x000000f8      0x160 ./freertos/src/tasks.o
 .debug_ranges  0x00000258       0x70 ./example/src/cr_startup_lpc175x_6x.o
 .debug_ranges  0x000002c8       0x48 ./example/src/freertos_blinky.o
 .debug_ranges  0x00000310       0x10 ./example/src/sysinit.o
 .debug_ranges  0x00000320      0x150 C:\Users\Eugenia\Desktop\test_adc\lpc_board_nxp_lpcxpresso_1769\Debug\liblpc_board_nxp_lpcxpresso_1769.a(board.o)
 .debug_ranges  0x00000470       0x28 C:\Users\Eugenia\Desktop\test_adc\lpc_board_nxp_lpcxpresso_1769\Debug\liblpc_board_nxp_lpcxpresso_1769.a(board_sysinit.o)
 .debug_ranges  0x00000498       0x78 C:\Users\Eugenia\Desktop\test_adc\lpc_chip_175x_6x\Debug\liblpc_chip_175x_6x.a(adc_17xx_40xx.o)
 .debug_ranges  0x00000510       0x28 C:\Users\Eugenia\Desktop\test_adc\lpc_chip_175x_6x\Debug\liblpc_chip_175x_6x.a(chip_17xx_40xx.o)
 .debug_ranges  0x00000538      0x110 C:\Users\Eugenia\Desktop\test_adc\lpc_chip_175x_6x\Debug\liblpc_chip_175x_6x.a(clock_17xx_40xx.o)
 .debug_ranges  0x00000648       0x20 C:\Users\Eugenia\Desktop\test_adc\lpc_chip_175x_6x\Debug\liblpc_chip_175x_6x.a(iocon_17xx_40xx.o)
 .debug_ranges  0x00000668       0x50 C:\Users\Eugenia\Desktop\test_adc\lpc_chip_175x_6x\Debug\liblpc_chip_175x_6x.a(sysinit_17xx_40xx.o)
 .debug_ranges  0x000006b8      0x118 C:\Users\Eugenia\Desktop\test_adc\lpc_chip_175x_6x\Debug\liblpc_chip_175x_6x.a(uart_17xx_40xx.o)

.debug_macro    0x00000000     0x623a
 .debug_macro   0x00000000      0x29c ./freertos/src/FreeRTOSCommonHooks.o
 .debug_macro   0x0000029c      0x874 ./freertos/src/FreeRTOSCommonHooks.o
 .debug_macro   0x00000b10       0x10 ./freertos/src/FreeRTOSCommonHooks.o
 .debug_macro   0x00000b20      0x12d ./freertos/src/FreeRTOSCommonHooks.o
 .debug_macro   0x00000c4d       0x16 ./freertos/src/FreeRTOSCommonHooks.o
 .debug_macro   0x00000c63       0x46 ./freertos/src/FreeRTOSCommonHooks.o
 .debug_macro   0x00000ca9      0x5b2 ./freertos/src/FreeRTOSCommonHooks.o
 .debug_macro   0x0000125b       0x22 ./freertos/src/FreeRTOSCommonHooks.o
 .debug_macro   0x0000127d       0x74 ./freertos/src/FreeRTOSCommonHooks.o
 .debug_macro   0x000012f1       0x10 ./freertos/src/FreeRTOSCommonHooks.o
 .debug_macro   0x00001301       0x2d ./freertos/src/FreeRTOSCommonHooks.o
 .debug_macro   0x0000132e       0x3a ./freertos/src/FreeRTOSCommonHooks.o
 .debug_macro   0x00001368       0x2d ./freertos/src/FreeRTOSCommonHooks.o
 .debug_macro   0x00001395      0xbb1 ./freertos/src/FreeRTOSCommonHooks.o
 .debug_macro   0x00001f46      0x22c ./freertos/src/FreeRTOSCommonHooks.o
 .debug_macro   0x00002172       0x42 ./freertos/src/FreeRTOSCommonHooks.o
 .debug_macro   0x000021b4       0x52 ./freertos/src/FreeRTOSCommonHooks.o
 .debug_macro   0x00002206       0x78 ./freertos/src/FreeRTOSCommonHooks.o
 .debug_macro   0x0000227e       0x82 ./freertos/src/FreeRTOSCommonHooks.o
 .debug_macro   0x00002300      0x48c ./freertos/src/FreeRTOSCommonHooks.o
 .debug_macro   0x0000278c       0x34 ./freertos/src/FreeRTOSCommonHooks.o
 .debug_macro   0x000027c0      0x4c5 ./freertos/src/FreeRTOSCommonHooks.o
 .debug_macro   0x00002c85      0x1b7 ./freertos/src/FreeRTOSCommonHooks.o
 .debug_macro   0x00002e3c       0x10 ./freertos/src/FreeRTOSCommonHooks.o
 .debug_macro   0x00002e4c      0x21b ./freertos/src/FreeRTOSCommonHooks.o
 .debug_macro   0x00003067      0x1b9 ./freertos/src/FreeRTOSCommonHooks.o
 .debug_macro   0x00003220       0x40 ./freertos/src/FreeRTOSCommonHooks.o
 .debug_macro   0x00003260       0x22 ./freertos/src/FreeRTOSCommonHooks.o
 .debug_macro   0x00003282      0x162 ./freertos/src/FreeRTOSCommonHooks.o
 .debug_macro   0x000033e4       0x94 ./freertos/src/FreeRTOSCommonHooks.o
 .debug_macro   0x00003478       0xb8 ./freertos/src/FreeRTOSCommonHooks.o
 .debug_macro   0x00003530       0x4c ./freertos/src/FreeRTOSCommonHooks.o
 .debug_macro   0x0000357c       0x16 ./freertos/src/FreeRTOSCommonHooks.o
 .debug_macro   0x00003592      0x328 ./freertos/src/FreeRTOSCommonHooks.o
 .debug_macro   0x000038ba       0x49 ./freertos/src/FreeRTOSCommonHooks.o
 .debug_macro   0x00003903       0x16 ./freertos/src/FreeRTOSCommonHooks.o
 .debug_macro   0x00003919       0xca ./freertos/src/FreeRTOSCommonHooks.o
 .debug_macro   0x000039e3       0x11 ./freertos/src/FreeRTOSCommonHooks.o
 .debug_macro   0x000039f4       0x70 ./freertos/src/FreeRTOSCommonHooks.o
 .debug_macro   0x00003a64       0x9a ./freertos/src/FreeRTOSCommonHooks.o
 .debug_macro   0x00003afe       0x20 ./freertos/src/FreeRTOSCommonHooks.o
 .debug_macro   0x00003b1e       0x28 ./freertos/src/FreeRTOSCommonHooks.o
 .debug_macro   0x00003b46       0xee ./freertos/src/FreeRTOSCommonHooks.o
 .debug_macro   0x00003c34       0xab ./freertos/src/FreeRTOSCommonHooks.o
 .debug_macro   0x00003cdf       0x12 ./freertos/src/FreeRTOSCommonHooks.o
 .debug_macro   0x00003cf1       0x1f ./freertos/src/FreeRTOSCommonHooks.o
 .debug_macro   0x00003d10      0x257 ./freertos/src/FreeRTOSCommonHooks.o
 .debug_macro   0x00003f67       0x64 ./freertos/src/FreeRTOSCommonHooks.o
 .debug_macro   0x00003fcb       0x57 ./freertos/src/FreeRTOSCommonHooks.o
 .debug_macro   0x00004022      0x2b2 ./freertos/src/heap_3.o
 .debug_macro   0x000042d4       0x28 ./freertos/src/heap_3.o
 .debug_macro   0x000042fc      0x297 ./freertos/src/list.o
 .debug_macro   0x00004593      0x329 ./freertos/src/port.o
 .debug_macro   0x000048bc      0x336 ./freertos/src/tasks.o
 .debug_macro   0x00004bf2       0x5b ./freertos/src/tasks.o
 .debug_macro   0x00004c4d       0x16 ./freertos/src/tasks.o
 .debug_macro   0x00004c63       0x1d ./example/src/cr_startup_lpc175x_6x.o
 .debug_macro   0x00004c80      0x28c ./example/src/freertos_blinky.o
 .debug_macro   0x00004f0c       0x7b ./example/src/freertos_blinky.o
 .debug_macro   0x00004f87       0x18 ./example/src/freertos_blinky.o
 .debug_macro   0x00004f9f       0x10 ./example/src/freertos_blinky.o
 .debug_macro   0x00004faf       0xf4 ./example/src/freertos_blinky.o
 .debug_macro   0x000050a3      0x217 ./example/src/sysinit.o
 .debug_macro   0x000052ba      0x289 C:\Users\Eugenia\Desktop\test_adc\lpc_board_nxp_lpcxpresso_1769\Debug\liblpc_board_nxp_lpcxpresso_1769.a(board.o)
 .debug_macro   0x00005543       0x12 C:\Users\Eugenia\Desktop\test_adc\lpc_board_nxp_lpcxpresso_1769\Debug\liblpc_board_nxp_lpcxpresso_1769.a(board.o)
 .debug_macro   0x00005555      0x217 C:\Users\Eugenia\Desktop\test_adc\lpc_board_nxp_lpcxpresso_1769\Debug\liblpc_board_nxp_lpcxpresso_1769.a(board_sysinit.o)
 .debug_macro   0x0000576c      0x1cd C:\Users\Eugenia\Desktop\test_adc\lpc_chip_175x_6x\Debug\liblpc_chip_175x_6x.a(adc_17xx_40xx.o)
 .debug_macro   0x00005939      0x1cd C:\Users\Eugenia\Desktop\test_adc\lpc_chip_175x_6x\Debug\liblpc_chip_175x_6x.a(chip_17xx_40xx.o)
 .debug_macro   0x00005b06      0x1cd C:\Users\Eugenia\Desktop\test_adc\lpc_chip_175x_6x\Debug\liblpc_chip_175x_6x.a(clock_17xx_40xx.o)
 .debug_macro   0x00005cd3      0x1cd C:\Users\Eugenia\Desktop\test_adc\lpc_chip_175x_6x\Debug\liblpc_chip_175x_6x.a(iocon_17xx_40xx.o)
 .debug_macro   0x00005ea0      0x1cd C:\Users\Eugenia\Desktop\test_adc\lpc_chip_175x_6x\Debug\liblpc_chip_175x_6x.a(sysinit_17xx_40xx.o)
 .debug_macro   0x0000606d      0x1cd C:\Users\Eugenia\Desktop\test_adc\lpc_chip_175x_6x\Debug\liblpc_chip_175x_6x.a(uart_17xx_40xx.o)

.debug_line     0x00000000     0x5d1e
 .debug_line    0x00000000      0x5e9 ./freertos/src/FreeRTOSCommonHooks.o
 .debug_line    0x000005e9      0x58e ./freertos/src/heap_3.o
 .debug_line    0x00000b77      0x5da ./freertos/src/list.o
 .debug_line    0x00001151      0x6b1 ./freertos/src/port.o
 .debug_line    0x00001802      0xc6b ./freertos/src/tasks.o
 .debug_line    0x0000246d       0xdd ./example/src/cr_startup_lpc175x_6x.o
 .debug_line    0x0000254a      0x639 ./example/src/freertos_blinky.o
 .debug_line    0x00002b83      0x471 ./example/src/sysinit.o
 .debug_line    0x00002ff4      0x81c C:\Users\Eugenia\Desktop\test_adc\lpc_board_nxp_lpcxpresso_1769\Debug\liblpc_board_nxp_lpcxpresso_1769.a(board.o)
 .debug_line    0x00003810      0x4a9 C:\Users\Eugenia\Desktop\test_adc\lpc_board_nxp_lpcxpresso_1769\Debug\liblpc_board_nxp_lpcxpresso_1769.a(board_sysinit.o)
 .debug_line    0x00003cb9      0x518 C:\Users\Eugenia\Desktop\test_adc\lpc_chip_175x_6x\Debug\liblpc_chip_175x_6x.a(adc_17xx_40xx.o)
 .debug_line    0x000041d1      0x443 C:\Users\Eugenia\Desktop\test_adc\lpc_chip_175x_6x\Debug\liblpc_chip_175x_6x.a(chip_17xx_40xx.o)
 .debug_line    0x00004614      0x6ba C:\Users\Eugenia\Desktop\test_adc\lpc_chip_175x_6x\Debug\liblpc_chip_175x_6x.a(clock_17xx_40xx.o)
 .debug_line    0x00004cce      0x42f C:\Users\Eugenia\Desktop\test_adc\lpc_chip_175x_6x\Debug\liblpc_chip_175x_6x.a(iocon_17xx_40xx.o)
 .debug_line    0x000050fd      0x4b9 C:\Users\Eugenia\Desktop\test_adc\lpc_chip_175x_6x\Debug\liblpc_chip_175x_6x.a(sysinit_17xx_40xx.o)
 .debug_line    0x000055b6      0x768 C:\Users\Eugenia\Desktop\test_adc\lpc_chip_175x_6x\Debug\liblpc_chip_175x_6x.a(uart_17xx_40xx.o)

.debug_str      0x00000000    0x170a3
 .debug_str     0x00000000    0x12ac3 ./freertos/src/FreeRTOSCommonHooks.o
                              0x12ba6 (size before relaxing)
 .debug_str     0x00012ac3      0x103 ./freertos/src/heap_3.o
                              0x12bba (size before relaxing)
 .debug_str     0x00012bc6      0x12e ./freertos/src/list.o
                              0x128ff (size before relaxing)
 .debug_str     0x00012cf4      0x906 ./freertos/src/port.o
                              0x13406 (size before relaxing)
 .debug_str     0x000135fa     0x153a ./freertos/src/tasks.o
                              0x143c1 (size before relaxing)
 .debug_str     0x00014b34      0x19f ./example/src/cr_startup_lpc175x_6x.o
                               0x263d (size before relaxing)
 .debug_str     0x00014cd3      0x4aa ./example/src/freertos_blinky.o
                              0x13145 (size before relaxing)
 .debug_str     0x0001517d       0x23 ./example/src/sysinit.o
                              0x109f0 (size before relaxing)
 .debug_str     0x000151a0      0xc4a C:\Users\Eugenia\Desktop\test_adc\lpc_board_nxp_lpcxpresso_1769\Debug\liblpc_board_nxp_lpcxpresso_1769.a(board.o)
                              0x118c4 (size before relaxing)
 .debug_str     0x00015dea      0x22d C:\Users\Eugenia\Desktop\test_adc\lpc_board_nxp_lpcxpresso_1769\Debug\liblpc_board_nxp_lpcxpresso_1769.a(board_sysinit.o)
                              0x10dfe (size before relaxing)
 .debug_str     0x00016017      0x537 C:\Users\Eugenia\Desktop\test_adc\lpc_chip_175x_6x\Debug\liblpc_chip_175x_6x.a(adc_17xx_40xx.o)
                              0x10d98 (size before relaxing)
 .debug_str     0x0001654e       0x73 C:\Users\Eugenia\Desktop\test_adc\lpc_chip_175x_6x\Debug\liblpc_chip_175x_6x.a(chip_17xx_40xx.o)
                              0x10af5 (size before relaxing)
 .debug_str     0x000165c1      0x623 C:\Users\Eugenia\Desktop\test_adc\lpc_chip_175x_6x\Debug\liblpc_chip_175x_6x.a(clock_17xx_40xx.o)
                              0x11163 (size before relaxing)
 .debug_str     0x00016be4       0x74 C:\Users\Eugenia\Desktop\test_adc\lpc_chip_175x_6x\Debug\liblpc_chip_175x_6x.a(iocon_17xx_40xx.o)
                              0x105e0 (size before relaxing)
 .debug_str     0x00016c58       0xc4 C:\Users\Eugenia\Desktop\test_adc\lpc_chip_175x_6x\Debug\liblpc_chip_175x_6x.a(sysinit_17xx_40xx.o)
                              0x107c8 (size before relaxing)
 .debug_str     0x00016d1c      0x387 C:\Users\Eugenia\Desktop\test_adc\lpc_chip_175x_6x\Debug\liblpc_chip_175x_6x.a(uart_17xx_40xx.o)
                              0x11038 (size before relaxing)

.comment        0x00000000       0xe0
 .comment       0x00000000       0x70 ./freertos/src/FreeRTOSCommonHooks.o
                                 0x71 (size before relaxing)
 .comment       0x00000000       0x71 ./freertos/src/heap_3.o
 .comment       0x00000000       0x71 ./freertos/src/list.o
 .comment       0x00000000       0x71 ./freertos/src/port.o
 .comment       0x00000000       0x71 ./freertos/src/tasks.o
 .comment       0x00000000       0x71 ./example/src/cr_startup_lpc175x_6x.o
 .comment       0x00000000       0x71 ./example/src/freertos_blinky.o
 .comment       0x00000000       0x71 ./example/src/sysinit.o
 .comment       0x00000000       0x71 C:\Users\Eugenia\Desktop\test_adc\lpc_board_nxp_lpcxpresso_1769\Debug\liblpc_board_nxp_lpcxpresso_1769.a(board.o)
 .comment       0x00000000       0x71 C:\Users\Eugenia\Desktop\test_adc\lpc_board_nxp_lpcxpresso_1769\Debug\liblpc_board_nxp_lpcxpresso_1769.a(board_sysinit.o)
 .comment       0x00000000       0x71 C:\Users\Eugenia\Desktop\test_adc\lpc_chip_175x_6x\Debug\liblpc_chip_175x_6x.a(adc_17xx_40xx.o)
 .comment       0x00000000       0x71 C:\Users\Eugenia\Desktop\test_adc\lpc_chip_175x_6x\Debug\liblpc_chip_175x_6x.a(chip_17xx_40xx.o)
 .comment       0x00000000       0x71 C:\Users\Eugenia\Desktop\test_adc\lpc_chip_175x_6x\Debug\liblpc_chip_175x_6x.a(clock_17xx_40xx.o)
 .comment       0x00000000       0x71 C:\Users\Eugenia\Desktop\test_adc\lpc_chip_175x_6x\Debug\liblpc_chip_175x_6x.a(iocon_17xx_40xx.o)
 .comment       0x00000000       0x71 C:\Users\Eugenia\Desktop\test_adc\lpc_chip_175x_6x\Debug\liblpc_chip_175x_6x.a(sysinit_17xx_40xx.o)
 .comment       0x00000000       0x71 C:\Users\Eugenia\Desktop\test_adc\lpc_chip_175x_6x\Debug\liblpc_chip_175x_6x.a(uart_17xx_40xx.o)
 .comment       0x00000070       0x70 c:/nxp/lpcxpresso_8.0.0_526/lpcxpresso/tools/bin/../lib/gcc/arm-none-eabi/4.9.3/../../../../arm-none-eabi/lib/armv7-m\libcr_nohost.a(_cr__main.o)
                                 0x71 (size before relaxing)
 .comment       0x00000000       0x71 c:/nxp/lpcxpresso_8.0.0_526/lpcxpresso/tools/bin/../lib/gcc/arm-none-eabi/4.9.3/../../../../arm-none-eabi/lib/armv7-m\libcr_c.a(memset.o)
 .comment       0x00000000       0x71 c:/nxp/lpcxpresso_8.0.0_526/lpcxpresso/tools/bin/../lib/gcc/arm-none-eabi/4.9.3/../../../../arm-none-eabi/lib/armv7-m\libcr_c.a(alloc.o)
 .comment       0x00000000       0x71 c:/nxp/lpcxpresso_8.0.0_526/lpcxpresso/tools/bin/../lib/gcc/arm-none-eabi/4.9.3/../../../../arm-none-eabi/lib/armv7-m\libcr_c.a(initio.o)
 .comment       0x00000000       0x71 c:/nxp/lpcxpresso_8.0.0_526/lpcxpresso/tools/bin/../lib/gcc/arm-none-eabi/4.9.3/../../../../arm-none-eabi/lib/armv7-m\libcr_c.a(setvbuf.o)
 .comment       0x00000000       0x71 c:/nxp/lpcxpresso_8.0.0_526/lpcxpresso/tools/bin/../lib/gcc/arm-none-eabi/4.9.3/../../../../arm-none-eabi/lib/armv7-m\libcr_c.a(stdio.o)
 .comment       0x00000000       0x71 c:/nxp/lpcxpresso_8.0.0_526/lpcxpresso/tools/bin/../lib/gcc/arm-none-eabi/4.9.3/../../../../arm-none-eabi/lib/armv7-m\libcr_c.a(strlen.o)
 .comment       0x00000000       0x71 c:/nxp/lpcxpresso_8.0.0_526/lpcxpresso/tools/bin/../lib/gcc/arm-none-eabi/4.9.3/../../../../arm-none-eabi/lib/armv7-m\libcr_c.a(__init_alloc.o)
 .comment       0x00000000       0x71 c:/nxp/lpcxpresso_8.0.0_526/lpcxpresso/tools/bin/../lib/gcc/arm-none-eabi/4.9.3/../../../../arm-none-eabi/lib/armv7-m\libcr_c.a(_cr_sbrk.o)
 .comment       0x00000000       0x71 c:/nxp/lpcxpresso_8.0.0_526/lpcxpresso/tools/bin/../lib/gcc/arm-none-eabi/4.9.3/../../../../arm-none-eabi/lib/armv7-m\libcr_c.a(_deferredlazyseek.o)
 .comment       0x00000000       0x71 c:/nxp/lpcxpresso_8.0.0_526/lpcxpresso/tools/bin/../lib/gcc/arm-none-eabi/4.9.3/../../../../arm-none-eabi/lib/armv7-m\libcr_c.a(_fdopen.o)
 .comment       0x00000000       0x71 c:/nxp/lpcxpresso_8.0.0_526/lpcxpresso/tools/bin/../lib/gcc/arm-none-eabi/4.9.3/../../../../arm-none-eabi/lib/armv7-m\libcr_c.a(_fflush.o)
 .comment       0x00000000       0x71 c:/nxp/lpcxpresso_8.0.0_526/lpcxpresso/tools/bin/../lib/gcc/arm-none-eabi/4.9.3/../../../../arm-none-eabi/lib/armv7-m\libcr_c.a(_writebuf.o)
 .comment       0x00000000       0x71 c:/nxp/lpcxpresso_8.0.0_526/lpcxpresso/tools/bin/../lib/gcc/arm-none-eabi/4.9.3/../../../../arm-none-eabi/lib/armv7-m\libcr_c.a(errno.o)
 .comment       0x00000000       0x71 c:/nxp/lpcxpresso_8.0.0_526/lpcxpresso/tools/bin/../lib/gcc/arm-none-eabi/4.9.3/../../../../arm-none-eabi/lib/armv7-m\libcr_c.a(fclose.o)
 .comment       0x00000000       0x71 c:/nxp/lpcxpresso_8.0.0_526/lpcxpresso/tools/bin/../lib/gcc/arm-none-eabi/4.9.3/../../../../arm-none-eabi/lib/armv7-m\libcr_c.a(fflush.o)
 .comment       0x00000000       0x71 c:/nxp/lpcxpresso_8.0.0_526/lpcxpresso/tools/bin/../lib/gcc/arm-none-eabi/4.9.3/../../../../arm-none-eabi/lib/armv7-m\libcr_c.a(fseek.o)
 .comment       0x00000000       0x71 c:/nxp/lpcxpresso_8.0.0_526/lpcxpresso/tools/bin/../lib/gcc/arm-none-eabi/4.9.3/../../../../arm-none-eabi/lib/armv7-m\libcr_c.a(ftell.o)
 .comment       0x00000000       0x71 c:/nxp/lpcxpresso_8.0.0_526/lpcxpresso/tools/bin/../lib/gcc/arm-none-eabi/4.9.3/../../../../arm-none-eabi/lib/armv7-m\libcr_c.a(remove.o)
 .comment       0x00000000       0x71 c:/nxp/lpcxpresso_8.0.0_526/lpcxpresso/tools/bin/../lib/gcc/arm-none-eabi/4.9.3/../../../../arm-none-eabi/lib/armv7-m\libcr_c.a(_cr_check_heap.o)
 .comment       0x00000000       0x71 c:/nxp/lpcxpresso_8.0.0_526/lpcxpresso/tools/bin/../lib/gcc/arm-none-eabi/4.9.3/../../../../arm-none-eabi/lib/armv7-m\libcr_c.a(_do_fflush.o)
 .comment       0x00000000       0x71 c:/nxp/lpcxpresso_8.0.0_526/lpcxpresso/tools/bin/../lib/gcc/arm-none-eabi/4.9.3/../../../../arm-none-eabi/lib/armv7-m\libcr_nohost.a(__sys_appexit.o)
 .comment       0x00000000       0x71 c:/nxp/lpcxpresso_8.0.0_526/lpcxpresso/tools/bin/../lib/gcc/arm-none-eabi/4.9.3/../../../../arm-none-eabi/lib/armv7-m\libcr_nohost.a(__sys_close.o)
 .comment       0x00000000       0x71 c:/nxp/lpcxpresso_8.0.0_526/lpcxpresso/tools/bin/../lib/gcc/arm-none-eabi/4.9.3/../../../../arm-none-eabi/lib/armv7-m\libcr_nohost.a(__sys_flen.o)
 .comment       0x00000000       0x71 c:/nxp/lpcxpresso_8.0.0_526/lpcxpresso/tools/bin/../lib/gcc/arm-none-eabi/4.9.3/../../../../arm-none-eabi/lib/armv7-m\libcr_nohost.a(__sys_istty.o)
 .comment       0x00000000       0x71 c:/nxp/lpcxpresso_8.0.0_526/lpcxpresso/tools/bin/../lib/gcc/arm-none-eabi/4.9.3/../../../../arm-none-eabi/lib/armv7-m\libcr_nohost.a(__sys_remove.o)
 .comment       0x00000000       0x71 c:/nxp/lpcxpresso_8.0.0_526/lpcxpresso/tools/bin/../lib/gcc/arm-none-eabi/4.9.3/../../../../arm-none-eabi/lib/armv7-m\libcr_nohost.a(__sys_seek.o)
 .comment       0x00000000       0x71 c:/nxp/lpcxpresso_8.0.0_526/lpcxpresso/tools/bin/../lib/gcc/arm-none-eabi/4.9.3/../../../../arm-none-eabi/lib/armv7-m\libcr_nohost.a(__sys_tmpnam.o)

.ARM.attributes
                0x00000000       0x31
 .ARM.attributes
                0x00000000       0x33 ./freertos/src/FreeRTOSCommonHooks.o
 .ARM.attributes
                0x00000033       0x33 ./freertos/src/heap_3.o
 .ARM.attributes
                0x00000066       0x33 ./freertos/src/list.o
 .ARM.attributes
                0x00000099       0x33 ./freertos/src/port.o
 .ARM.attributes
                0x000000cc       0x33 ./freertos/src/tasks.o
 .ARM.attributes
                0x000000ff       0x33 ./example/src/cr_startup_lpc175x_6x.o
 .ARM.attributes
                0x00000132       0x33 ./example/src/freertos_blinky.o
 .ARM.attributes
                0x00000165       0x33 ./example/src/sysinit.o
 .ARM.attributes
                0x00000198       0x33 C:\Users\Eugenia\Desktop\test_adc\lpc_board_nxp_lpcxpresso_1769\Debug\liblpc_board_nxp_lpcxpresso_1769.a(board.o)
 .ARM.attributes
                0x000001cb       0x33 C:\Users\Eugenia\Desktop\test_adc\lpc_board_nxp_lpcxpresso_1769\Debug\liblpc_board_nxp_lpcxpresso_1769.a(board_sysinit.o)
 .ARM.attributes
                0x000001fe       0x33 C:\Users\Eugenia\Desktop\test_adc\lpc_chip_175x_6x\Debug\liblpc_chip_175x_6x.a(adc_17xx_40xx.o)
 .ARM.attributes
                0x00000231       0x33 C:\Users\Eugenia\Desktop\test_adc\lpc_chip_175x_6x\Debug\liblpc_chip_175x_6x.a(chip_17xx_40xx.o)
 .ARM.attributes
                0x00000264       0x33 C:\Users\Eugenia\Desktop\test_adc\lpc_chip_175x_6x\Debug\liblpc_chip_175x_6x.a(clock_17xx_40xx.o)
 .ARM.attributes
                0x00000297       0x33 C:\Users\Eugenia\Desktop\test_adc\lpc_chip_175x_6x\Debug\liblpc_chip_175x_6x.a(iocon_17xx_40xx.o)
 .ARM.attributes
                0x000002ca       0x33 C:\Users\Eugenia\Desktop\test_adc\lpc_chip_175x_6x\Debug\liblpc_chip_175x_6x.a(sysinit_17xx_40xx.o)
 .ARM.attributes
                0x000002fd       0x33 C:\Users\Eugenia\Desktop\test_adc\lpc_chip_175x_6x\Debug\liblpc_chip_175x_6x.a(uart_17xx_40xx.o)
 .ARM.attributes
                0x00000330       0x33 c:/nxp/lpcxpresso_8.0.0_526/lpcxpresso/tools/bin/../lib/gcc/arm-none-eabi/4.9.3/../../../../arm-none-eabi/lib/armv7-m\libcr_nohost.a(_cr__main.o)
 .ARM.attributes
                0x00000363       0x33 c:/nxp/lpcxpresso_8.0.0_526/lpcxpresso/tools/bin/../lib/gcc/arm-none-eabi/4.9.3/../../../../arm-none-eabi/lib/armv7-m\libcr_c.a(memset.o)
 .ARM.attributes
                0x00000396       0x33 c:/nxp/lpcxpresso_8.0.0_526/lpcxpresso/tools/bin/../lib/gcc/arm-none-eabi/4.9.3/../../../../arm-none-eabi/lib/armv7-m\libcr_c.a(alloc.o)
 .ARM.attributes
                0x000003c9       0x33 c:/nxp/lpcxpresso_8.0.0_526/lpcxpresso/tools/bin/../lib/gcc/arm-none-eabi/4.9.3/../../../../arm-none-eabi/lib/armv7-m\libcr_c.a(initio.o)
 .ARM.attributes
                0x000003fc       0x33 c:/nxp/lpcxpresso_8.0.0_526/lpcxpresso/tools/bin/../lib/gcc/arm-none-eabi/4.9.3/../../../../arm-none-eabi/lib/armv7-m\libcr_c.a(setvbuf.o)
 .ARM.attributes
                0x0000042f       0x33 c:/nxp/lpcxpresso_8.0.0_526/lpcxpresso/tools/bin/../lib/gcc/arm-none-eabi/4.9.3/../../../../arm-none-eabi/lib/armv7-m\libcr_c.a(stdio.o)
 .ARM.attributes
                0x00000462       0x33 c:/nxp/lpcxpresso_8.0.0_526/lpcxpresso/tools/bin/../lib/gcc/arm-none-eabi/4.9.3/../../../../arm-none-eabi/lib/armv7-m\libcr_c.a(strlen.o)
 .ARM.attributes
                0x00000495       0x33 c:/nxp/lpcxpresso_8.0.0_526/lpcxpresso/tools/bin/../lib/gcc/arm-none-eabi/4.9.3/../../../../arm-none-eabi/lib/armv7-m\libcr_c.a(__init_alloc.o)
 .ARM.attributes
                0x000004c8       0x33 c:/nxp/lpcxpresso_8.0.0_526/lpcxpresso/tools/bin/../lib/gcc/arm-none-eabi/4.9.3/../../../../arm-none-eabi/lib/armv7-m\libcr_c.a(_cr_sbrk.o)
 .ARM.attributes
                0x000004fb       0x33 c:/nxp/lpcxpresso_8.0.0_526/lpcxpresso/tools/bin/../lib/gcc/arm-none-eabi/4.9.3/../../../../arm-none-eabi/lib/armv7-m\libcr_c.a(_deferredlazyseek.o)
 .ARM.attributes
                0x0000052e       0x33 c:/nxp/lpcxpresso_8.0.0_526/lpcxpresso/tools/bin/../lib/gcc/arm-none-eabi/4.9.3/../../../../arm-none-eabi/lib/armv7-m\libcr_c.a(_fdopen.o)
 .ARM.attributes
                0x00000561       0x33 c:/nxp/lpcxpresso_8.0.0_526/lpcxpresso/tools/bin/../lib/gcc/arm-none-eabi/4.9.3/../../../../arm-none-eabi/lib/armv7-m\libcr_c.a(_fflush.o)
 .ARM.attributes
                0x00000594       0x33 c:/nxp/lpcxpresso_8.0.0_526/lpcxpresso/tools/bin/../lib/gcc/arm-none-eabi/4.9.3/../../../../arm-none-eabi/lib/armv7-m\libcr_c.a(_writebuf.o)
 .ARM.attributes
                0x000005c7       0x33 c:/nxp/lpcxpresso_8.0.0_526/lpcxpresso/tools/bin/../lib/gcc/arm-none-eabi/4.9.3/../../../../arm-none-eabi/lib/armv7-m\libcr_c.a(errno.o)
 .ARM.attributes
                0x000005fa       0x33 c:/nxp/lpcxpresso_8.0.0_526/lpcxpresso/tools/bin/../lib/gcc/arm-none-eabi/4.9.3/../../../../arm-none-eabi/lib/armv7-m\libcr_c.a(fclose.o)
 .ARM.attributes
                0x0000062d       0x33 c:/nxp/lpcxpresso_8.0.0_526/lpcxpresso/tools/bin/../lib/gcc/arm-none-eabi/4.9.3/../../../../arm-none-eabi/lib/armv7-m\libcr_c.a(fflush.o)
 .ARM.attributes
                0x00000660       0x33 c:/nxp/lpcxpresso_8.0.0_526/lpcxpresso/tools/bin/../lib/gcc/arm-none-eabi/4.9.3/../../../../arm-none-eabi/lib/armv7-m\libcr_c.a(fseek.o)
 .ARM.attributes
                0x00000693       0x33 c:/nxp/lpcxpresso_8.0.0_526/lpcxpresso/tools/bin/../lib/gcc/arm-none-eabi/4.9.3/../../../../arm-none-eabi/lib/armv7-m\libcr_c.a(ftell.o)
 .ARM.attributes
                0x000006c6       0x33 c:/nxp/lpcxpresso_8.0.0_526/lpcxpresso/tools/bin/../lib/gcc/arm-none-eabi/4.9.3/../../../../arm-none-eabi/lib/armv7-m\libcr_c.a(remove.o)
 .ARM.attributes
                0x000006f9       0x33 c:/nxp/lpcxpresso_8.0.0_526/lpcxpresso/tools/bin/../lib/gcc/arm-none-eabi/4.9.3/../../../../arm-none-eabi/lib/armv7-m\libcr_c.a(_cr_check_heap.o)
 .ARM.attributes
                0x0000072c       0x33 c:/nxp/lpcxpresso_8.0.0_526/lpcxpresso/tools/bin/../lib/gcc/arm-none-eabi/4.9.3/../../../../arm-none-eabi/lib/armv7-m\libcr_c.a(_do_fflush.o)
 .ARM.attributes
                0x0000075f       0x21 c:/nxp/lpcxpresso_8.0.0_526/lpcxpresso/tools/bin/../lib/gcc/arm-none-eabi/4.9.3/armv7-m\libcr_eabihelpers.a(memcpy.o)
 .ARM.attributes
                0x00000780       0x33 c:/nxp/lpcxpresso_8.0.0_526/lpcxpresso/tools/bin/../lib/gcc/arm-none-eabi/4.9.3/../../../../arm-none-eabi/lib/armv7-m\libcr_nohost.a(__sys_appexit.o)
 .ARM.attributes
                0x000007b3       0x33 c:/nxp/lpcxpresso_8.0.0_526/lpcxpresso/tools/bin/../lib/gcc/arm-none-eabi/4.9.3/../../../../arm-none-eabi/lib/armv7-m\libcr_nohost.a(__sys_close.o)
 .ARM.attributes
                0x000007e6       0x33 c:/nxp/lpcxpresso_8.0.0_526/lpcxpresso/tools/bin/../lib/gcc/arm-none-eabi/4.9.3/../../../../arm-none-eabi/lib/armv7-m\libcr_nohost.a(__sys_flen.o)
 .ARM.attributes
                0x00000819       0x33 c:/nxp/lpcxpresso_8.0.0_526/lpcxpresso/tools/bin/../lib/gcc/arm-none-eabi/4.9.3/../../../../arm-none-eabi/lib/armv7-m\libcr_nohost.a(__sys_istty.o)
 .ARM.attributes
                0x0000084c       0x33 c:/nxp/lpcxpresso_8.0.0_526/lpcxpresso/tools/bin/../lib/gcc/arm-none-eabi/4.9.3/../../../../arm-none-eabi/lib/armv7-m\libcr_nohost.a(__sys_remove.o)
 .ARM.attributes
                0x0000087f       0x33 c:/nxp/lpcxpresso_8.0.0_526/lpcxpresso/tools/bin/../lib/gcc/arm-none-eabi/4.9.3/../../../../arm-none-eabi/lib/armv7-m\libcr_nohost.a(__sys_seek.o)
 .ARM.attributes
                0x000008b2       0x33 c:/nxp/lpcxpresso_8.0.0_526/lpcxpresso/tools/bin/../lib/gcc/arm-none-eabi/4.9.3/../../../../arm-none-eabi/lib/armv7-m\libcr_nohost.a(__sys_tmpnam.o)

.debug_frame    0x00000000     0x20f8
 .debug_frame   0x00000000       0xb0 ./freertos/src/FreeRTOSCommonHooks.o
 .debug_frame   0x000000b0       0x58 ./freertos/src/heap_3.o
 .debug_frame   0x00000108       0xd8 ./freertos/src/list.o
 .debug_frame   0x000001e0      0x198 ./freertos/src/port.o
 .debug_frame   0x00000378      0x634 ./freertos/src/tasks.o
 .debug_frame   0x000009ac      0x170 ./example/src/cr_startup_lpc175x_6x.o
 .debug_frame   0x00000b1c      0x130 ./example/src/freertos_blinky.o
 .debug_frame   0x00000c4c       0x34 ./example/src/sysinit.o
 .debug_frame   0x00000c80      0x5d4 C:\Users\Eugenia\Desktop\test_adc\lpc_board_nxp_lpcxpresso_1769\Debug\liblpc_board_nxp_lpcxpresso_1769.a(board.o)
 .debug_frame   0x00001254       0x8c C:\Users\Eugenia\Desktop\test_adc\lpc_board_nxp_lpcxpresso_1769\Debug\liblpc_board_nxp_lpcxpresso_1769.a(board_sysinit.o)
 .debug_frame   0x000012e0      0x218 C:\Users\Eugenia\Desktop\test_adc\lpc_chip_175x_6x\Debug\liblpc_chip_175x_6x.a(adc_17xx_40xx.o)
 .debug_frame   0x000014f8       0x88 C:\Users\Eugenia\Desktop\test_adc\lpc_chip_175x_6x\Debug\liblpc_chip_175x_6x.a(chip_17xx_40xx.o)
 .debug_frame   0x00001580      0x490 C:\Users\Eugenia\Desktop\test_adc\lpc_chip_175x_6x\Debug\liblpc_chip_175x_6x.a(clock_17xx_40xx.o)
 .debug_frame   0x00001a10       0x88 C:\Users\Eugenia\Desktop\test_adc\lpc_chip_175x_6x\Debug\liblpc_chip_175x_6x.a(iocon_17xx_40xx.o)
 .debug_frame   0x00001a98      0x12c C:\Users\Eugenia\Desktop\test_adc\lpc_chip_175x_6x\Debug\liblpc_chip_175x_6x.a(sysinit_17xx_40xx.o)
 .debug_frame   0x00001bc4      0x534 C:\Users\Eugenia\Desktop\test_adc\lpc_chip_175x_6x\Debug\liblpc_chip_175x_6x.a(uart_17xx_40xx.o)
