12:47:43 **** Incremental Build of configuration Debug for project freertos_blinky ****
make -r all 
Building file: ../example/src/freertos_blinky.c
Invoking: MCU C Compiler
arm-none-eabi-gcc -D__REDLIB__ -DDEBUG -D__CODE_RED -D__USE_LPCOPEN -DCORE_M3 -I"C:\Users\Eugenia\Desktop\test_lcd_bis\lpc_chip_175x_6x\inc" -I"C:\Users\Eugenia\Desktop\test_lcd_bis\lpc_board_nxp_lpcxpresso_1769\inc" -I"C:\Users\Eugenia\Desktop\test_lcd_bis\freertos_blinky\example\inc" -I"C:\Users\Eugenia\Desktop\test_lcd_bis\freertos_blinky\freertos\inc" -O0 -g3 -Wall -c -fmessage-length=0 -fno-builtin -ffunction-sections -fdata-sections -mcpu=cortex-m3 -mthumb -specs=redlib.specs -MMD -MP -MF"example/src/freertos_blinky.d" -MT"example/src/freertos_blinky.o" -MT"example/src/freertos_blinky.d" -o "example/src/freertos_blinky.o" "../example/src/freertos_blinky.c"
Finished building: ../example/src/freertos_blinky.c
 
Building target: freertos_blinky.axf
Invoking: MCU Linker
arm-none-eabi-gcc -nostdlib -L"C:\Users\Eugenia\Desktop\test_lcd_bis\lpc_chip_175x_6x\Debug" -L"C:\Users\Eugenia\Desktop\test_lcd_bis\lpc_board_nxp_lpcxpresso_1769\Debug" -Xlinker -Map="freertos_blinky.map" -Xlinker --gc-sections -mcpu=cortex-m3 -mthumb -T "freertos_blinky_Debug.ld" -o "freertos_blinky.axf"  ./freertos/src/FreeRTOSCommonHooks.o ./freertos/src/heap_3.o ./freertos/src/list.o ./freertos/src/port.o ./freertos/src/queue.o ./freertos/src/tasks.o  ./example/src/cr_startup_lpc175x_6x.o ./example/src/freertos_blinky.o ./example/src/lcd.o ./example/src/sysinit.o   -llpc_board_nxp_lpcxpresso_1769 -llpc_chip_175x_6x
Finished building target: freertos_blinky.axf
 
make --no-print-directory post-build
Performing post-build steps
arm-none-eabi-size "freertos_blinky.axf"; # arm-none-eabi-objcopy -v -O binary "freertos_blinky.axf" "freertos_blinky.bin" ; # checksum -p LPC1769 -d "freertos_blinky.bin";
   text	   data	    bss	    dec	    hex	filename
  10904	      8	    672	  11584	   2d40	freertos_blinky.axf
 

12:47:44 Build Finished (took 605ms)

